ASxxxx Linker V02.00 + NoICE + sdld,  page 1.
Hexadecimal  [32-Bits]

Area                                    Addr        Size        Decimal Bytes (Attributes)
--------------------------------        ----        ----        ------- ----- ------------
CABS2                               00000000    00000001 =           1. bytes (ABS,CON,CODE)

      Value  Global                              Global Defined In Module
      -----  --------------------------------   ------------------------
     0C:   00000000  l_CABS                          
     0C:   00000000  l_GSINIT                        
     0C:   00000000  l_GSINIT1                       
     0C:   00000000  l_GSINIT5                       
     0C:   00000000  l_IABS                          
     0C:   00000000  l_ISEG                          
     0C:   00000000  l_OSEG                          
     0C:   00000000  l_PSEG                          
     0C:   00000000  l_REG_BANK_1                    
     0C:   00000000  l_REG_BANK_2                    
     0C:   00000000  l_REG_BANK_3                    
     0C:   00000000  l_RSEG                          
     0C:   00000000  l_RSEG0                         
     0C:   00000000  l_RSEG1                         
     0C:   00000000  l_XABS                          
     0C:   00000000  l_XINIT                         
     0C:   00000000  l_XISEG                         
     0C:   00000000  l_XSEG                          
     0C:   00000000  l__CODE                         
     0C:   00000000  s_BSEG                          
     0C:   00000000  s_CABS                          
     0C:   00000000  s_CABS2                         
     0C:   00000000  s_DSEG                          
     0C:   00000000  s_HOME                          
     0C:   00000000  s_IABS                          
     0C:   00000000  s_ISEG                          
     0C:   00000000  s_PSEG                          
     0C:   00000000  s_REG_BANK_0                    
     0C:   00000000  s_RSEG                          
     0C:   00000000  s_RSEG0                         
     0C:   00000000  s_RSEG1                         
     0C:   00000000  s_XABS                          
     0C:   00000000  s_XISEG                         
     0C:   00000000  s_XSEG                          
     0C:   00000001  l_BIT_BANK                      
     0C:   00000001  l_CABS2                         
     0C:   00000003  l_BSEG_BYTES                    
     0C:   00000003  l_GSFINAL                       
     0C:   00000003  l_GSINIT0                       
     0C:   00000008  l_CONST                         
     0C:   00000008  l_REG_BANK_0                    
     0C:   00000008  s_REG_BANK_1                    
     0C:   0000000A  l_GSINIT2                       
     0C:   00000010  s_REG_BANK_2                    
     0C:   00000011  l_BSEG                          
     0C:   00000018  s_REG_BANK_3                    
     0C:   00000020  s_BSEG_BYTES                    
     0C:   00000020  s__CODE                         
     0C:   00000022  l_GSINIT3                       
     0C:   00000023  l_HOME                          
ASxxxx Linker V02.00 + NoICE + sdld,  page 2.
Hexadecimal  [32-Bits]

Area                                    Addr        Size        Decimal Bytes (Attributes)
--------------------------------        ----        ----        ------- ----- ------------
CABS2                               00000000    00000001 =           1. bytes (ABS,CON,CODE)

      Value  Global                              Global Defined In Module
      -----  --------------------------------   ------------------------
     0C:   00000023  s_BIT_BANK                      
     0C:   00000023  s_GSINIT0                       
     0C:   00000023  s_OSEG                          
     0C:   00000026  s_GSINIT1                       
     0C:   00000026  s_GSINIT2                       
     0C:   0000002A  l_GSINIT4                       
     0C:   00000030  s_GSINIT3                       
     0C:   00000052  s_GSINIT4                       
     0C:   00000074  s_SSEG                          
     0C:   00000075  l_DSEG                          
     0C:   0000007C  s_GSFINAL                       
     0C:   0000007C  s_GSINIT                        
     0C:   0000007C  s_GSINIT5                       
     0C:   0000007F  s_CSEG                          
     0C:   0000008C  l_SSEG                          
     0C:   00000100  l_IRAM                          
     0C:   000017B8  l_CSEG                          
     0C:   00001837  s_CONST                         
     0C:   0000183F  s_XINIT                         
     0C:   00001CFE  Lfb_taster.main$LED_hell$1$1       fb_taster

ASxxxx Linker V02.00 + NoICE + sdld,  page 3.
Hexadecimal  [32-Bits]

Area                                    Addr        Size        Decimal Bytes (Attributes)
--------------------------------        ----        ----        ------- ----- ------------
.	.ABS.                             00000000    00000000 =           0. bytes (ABS,CON)

      Value  Global                              Global Defined In Module
      -----  --------------------------------   ------------------------
           00000000  .__.ABS.                           _startup
           00000000  G$RAM$0$0                          fb_lpc922
           00000000  _RAM                               fb_lpc922
           00000080  G$P0$0$0                           fb_lpc922
           00000080  G$P0_0$0$0                         fb_lpc922
           00000080  _P0                                fb_lpc922
           00000080  _P0_0                              fb_lpc922
           00000081  G$P0_1$0$0                         fb_lpc922
           00000081  G$SP$0$0                           fb_lpc922
           00000081  _P0_1                              fb_lpc922
           00000081  _SP                                fb_lpc922
           00000082  G$DPL$0$0                          fb_lpc922
           00000082  G$P0_2$0$0                         fb_lpc922
           00000082  _DPL                               fb_lpc922
           00000082  _P0_2                              fb_lpc922
           00000083  G$DPH$0$0                          fb_lpc922
           00000083  G$P0_3$0$0                         fb_lpc922
           00000083  _DPH                               fb_lpc922
           00000083  _P0_3                              fb_lpc922
           00000084  G$P0M1$0$0                         fb_lpc922
           00000084  G$P0_4$0$0                         fb_lpc922
           00000084  _P0M1                              fb_lpc922
           00000084  _P0_4                              fb_lpc922
           00000085  G$P0M2$0$0                         fb_lpc922
           00000085  G$P0_5$0$0                         fb_lpc922
           00000085  _P0M2                              fb_lpc922
           00000085  _P0_5                              fb_lpc922
           00000086  G$KBMASK$0$0                       fb_lpc922
           00000086  G$P0_6$0$0                         fb_lpc922
           00000086  _KBMASK                            fb_lpc922
           00000086  _P0_6                              fb_lpc922
           00000087  G$P0_7$0$0                         fb_lpc922
           00000087  G$PCON$0$0                         fb_lpc922
           00000087  _P0_7                              fb_lpc922
           00000087  _PCON                              fb_lpc922
           00000088  G$TCON$0$0                         fb_lpc922
           00000088  G$TCON_0$0$0                       fb_lpc922
           00000088  _TCON                              fb_lpc922
           00000088  _TCON_0                            fb_lpc922
           00000089  G$TCON_1$0$0                       fb_lpc922
           00000089  G$TMOD$0$0                         fb_lpc922
           00000089  _TCON_1                            fb_lpc922
           00000089  _TMOD                              fb_lpc922
           0000008A  G$TCON_2$0$0                       fb_lpc922
           0000008A  G$TL0$0$0                          fb_lpc922
           0000008A  _TCON_2                            fb_lpc922
           0000008A  _TL0                               fb_lpc922
           0000008B  G$TCON_3$0$0                       fb_lpc922
           0000008B  G$TL1$0$0                          fb_lpc922
           0000008B  _TCON_3                            fb_lpc922
ASxxxx Linker V02.00 + NoICE + sdld,  page 4.
Hexadecimal  [32-Bits]

Area                                    Addr        Size        Decimal Bytes (Attributes)
--------------------------------        ----        ----        ------- ----- ------------
.	.ABS.                             00000000    00000000 =           0. bytes (ABS,CON)

      Value  Global                              Global Defined In Module
      -----  --------------------------------   ------------------------
           0000008B  _TL1                               fb_lpc922
           0000008C  G$TCON_4$0$0                       fb_lpc922
           0000008C  G$TH0$0$0                          fb_lpc922
           0000008C  _TCON_4                            fb_lpc922
           0000008C  _TH0                               fb_lpc922
           0000008D  G$TCON_5$0$0                       fb_lpc922
           0000008D  G$TH1$0$0                          fb_lpc922
           0000008D  _TCON_5                            fb_lpc922
           0000008D  _TH1                               fb_lpc922
           0000008E  G$TCON_6$0$0                       fb_lpc922
           0000008E  _TCON_6                            fb_lpc922
           0000008F  G$TAMOD$0$0                        fb_lpc922
           0000008F  G$TCON_7$0$0                       fb_lpc922
           0000008F  _TAMOD                             fb_lpc922
           0000008F  _TCON_7                            fb_lpc922
           00000090  G$P1$0$0                           fb_lpc922
           00000090  G$P1_0$0$0                         fb_lpc922
           00000090  _P1                                fb_lpc922
           00000090  _P1_0                              fb_lpc922
           00000091  G$P1M1$0$0                         fb_lpc922
           00000091  G$P1_1$0$0                         fb_lpc922
           00000091  _P1M1                              fb_lpc922
           00000091  _P1_1                              fb_lpc922
           00000092  G$P1M2$0$0                         fb_lpc922
           00000092  G$P1_2$0$0                         fb_lpc922
           00000092  _P1M2                              fb_lpc922
           00000092  _P1_2                              fb_lpc922
           00000093  G$KBPATN$0$0                       fb_lpc922
           00000093  G$P1_3$0$0                         fb_lpc922
           00000093  _KBPATN                            fb_lpc922
           00000093  _P1_3                              fb_lpc922
           00000094  G$KBCON$0$0                        fb_lpc922
           00000094  G$P1_4$0$0                         fb_lpc922
           00000094  _KBCON                             fb_lpc922
           00000094  _P1_4                              fb_lpc922
           00000095  G$DIVM$0$0                         fb_lpc922
           00000095  G$P1_5$0$0                         fb_lpc922
           00000095  _DIVM                              fb_lpc922
           00000095  _P1_5                              fb_lpc922
           00000096  G$P1_6$0$0                         fb_lpc922
           00000096  G$TRIM$0$0                         fb_lpc922
           00000096  _P1_6                              fb_lpc922
           00000096  _TRIM                              fb_lpc922
           00000097  G$P1_7$0$0                         fb_lpc922
           00000097  _P1_7                              fb_lpc922
           00000098  G$SCON$0$0                         fb_lpc922
           00000098  G$SCON_0$0$0                       fb_lpc922
           00000098  _SCON                              fb_lpc922
           00000098  _SCON_0                            fb_lpc922
           00000099  G$SBUF$0$0                         fb_lpc922
           00000099  G$SCON_1$0$0                       fb_lpc922
ASxxxx Linker V02.00 + NoICE + sdld,  page 5.
Hexadecimal  [32-Bits]

Area                                    Addr        Size        Decimal Bytes (Attributes)
--------------------------------        ----        ----        ------- ----- ------------
.	.ABS.                             00000000    00000000 =           0. bytes (ABS,CON)

      Value  Global                              Global Defined In Module
      -----  --------------------------------   ------------------------
           00000099  _SBUF                              fb_lpc922
           00000099  _SCON_1                            fb_lpc922
           0000009A  G$SCON_2$0$0                       fb_lpc922
           0000009A  _SCON_2                            fb_lpc922
           0000009B  G$SCON_3$0$0                       fb_lpc922
           0000009B  _SCON_3                            fb_lpc922
           0000009C  G$SCON_4$0$0                       fb_lpc922
           0000009C  _SCON_4                            fb_lpc922
           0000009D  G$SCON_5$0$0                       fb_lpc922
           0000009D  _SCON_5                            fb_lpc922
           0000009E  G$SCON_6$0$0                       fb_lpc922
           0000009E  _SCON_6                            fb_lpc922
           0000009F  G$SCON_7$0$0                       fb_lpc922
           0000009F  _SCON_7                            fb_lpc922
           000000A0  __XPAGE                            
           000000A2  G$AUXR1$0$0                        fb_lpc922
           000000A2  _AUXR1                             fb_lpc922
           000000A7  G$WDCON$0$0                        fb_lpc922
           000000A7  _WDCON                             fb_lpc922
           000000A8  G$IEN0$0$0                         fb_lpc922
           000000A8  G$IEN0_0$0$0                       fb_lpc922
           000000A8  _IEN0                              fb_lpc922
           000000A8  _IEN0_0                            fb_lpc922
           000000A9  G$IEN0_1$0$0                       fb_lpc922
           000000A9  G$SADDR$0$0                        fb_lpc922
           000000A9  _IEN0_1                            fb_lpc922
           000000A9  _SADDR                             fb_lpc922
           000000AA  G$IEN0_2$0$0                       fb_lpc922
           000000AA  _IEN0_2                            fb_lpc922
           000000AB  G$IEN0_3$0$0                       fb_lpc922
           000000AB  _IEN0_3                            fb_lpc922
           000000AC  G$CMP1$0$0                         fb_lpc922
           000000AC  G$IEN0_4$0$0                       fb_lpc922
           000000AC  _CMP1                              fb_lpc922
           000000AC  _IEN0_4                            fb_lpc922
           000000AD  G$CMP2$0$0                         fb_lpc922
           000000AD  G$IEN0_5$0$0                       fb_lpc922
           000000AD  _CMP2                              fb_lpc922
           000000AD  _IEN0_5                            fb_lpc922
           000000AE  G$IEN0_6$0$0                       fb_lpc922
           000000AE  _IEN0_6                            fb_lpc922
           000000AF  G$IEN0_7$0$0                       fb_lpc922
           000000AF  _IEN0_7                            fb_lpc922
           000000B0  G$P3$0$0                           fb_lpc922
           000000B0  G$P3_0$0$0                         fb_lpc922
           000000B0  _P3                                fb_lpc922
           000000B0  _P3_0                              fb_lpc922
           000000B1  G$P3M1$0$0                         fb_lpc922
           000000B1  G$P3_1$0$0                         fb_lpc922
           000000B1  _P3M1                              fb_lpc922
           000000B1  _P3_1                              fb_lpc922
ASxxxx Linker V02.00 + NoICE + sdld,  page 6.
Hexadecimal  [32-Bits]

Area                                    Addr        Size        Decimal Bytes (Attributes)
--------------------------------        ----        ----        ------- ----- ------------
.	.ABS.                             00000000    00000000 =           0. bytes (ABS,CON)

      Value  Global                              Global Defined In Module
      -----  --------------------------------   ------------------------
           000000B2  G$P3M2$0$0                         fb_lpc922
           000000B2  _P3M2                              fb_lpc922
           000000B5  G$PCONA$0$0                        fb_lpc922
           000000B5  _PCONA                             fb_lpc922
           000000B7  G$IP0H$0$0                         fb_lpc922
           000000B7  _IP0H                              fb_lpc922
           000000B8  G$IP0$0$0                          fb_lpc922
           000000B8  G$IP0_0$0$0                        fb_lpc922
           000000B8  _IP0                               fb_lpc922
           000000B8  _IP0_0                             fb_lpc922
           000000B9  G$IP0_1$0$0                        fb_lpc922
           000000B9  G$SADEN$0$0                        fb_lpc922
           000000B9  _IP0_1                             fb_lpc922
           000000B9  _SADEN                             fb_lpc922
           000000BA  G$IP0_2$0$0                        fb_lpc922
           000000BA  G$SSTAT$0$0                        fb_lpc922
           000000BA  _IP0_2                             fb_lpc922
           000000BA  _SSTAT                             fb_lpc922
           000000BB  G$IP0_3$0$0                        fb_lpc922
           000000BB  _IP0_3                             fb_lpc922
           000000BC  G$IP0_4$0$0                        fb_lpc922
           000000BC  _IP0_4                             fb_lpc922
           000000BD  G$BRGCON$0$0                       fb_lpc922
           000000BD  G$IP0_5$0$0                        fb_lpc922
           000000BD  _BRGCON                            fb_lpc922
           000000BD  _IP0_5                             fb_lpc922
           000000BE  G$BRGR0$0$0                        fb_lpc922
           000000BE  G$IP0_6$0$0                        fb_lpc922
           000000BE  _BRGR0                             fb_lpc922
           000000BE  _IP0_6                             fb_lpc922
           000000BF  G$BRGR1$0$0                        fb_lpc922
           000000BF  _BRGR1                             fb_lpc922
           000000C1  G$WDL$0$0                          fb_lpc922
           000000C1  _WDL                               fb_lpc922
           000000C2  G$WFEED1$0$0                       fb_lpc922
           000000C2  _WFEED1                            fb_lpc922
           000000C3  G$WFEED2$0$0                       fb_lpc922
           000000C3  _WFEED2                            fb_lpc922
           000000D0  G$PSW$0$0                          fb_lpc922
           000000D0  G$PSW_0$0$0                        fb_lpc922
           000000D0  _PSW                               fb_lpc922
           000000D0  _PSW_0                             fb_lpc922
           000000D1  G$PSW_1$0$0                        fb_lpc922
           000000D1  G$RTCCON$0$0                       fb_lpc922
           000000D1  _PSW_1                             fb_lpc922
           000000D1  _RTCCON                            fb_lpc922
           000000D2  G$PSW_2$0$0                        fb_lpc922
           000000D2  G$RTCH$0$0                         fb_lpc922
           000000D2  _PSW_2                             fb_lpc922
           000000D2  _RTCH                              fb_lpc922
           000000D3  G$PSW_3$0$0                        fb_lpc922
ASxxxx Linker V02.00 + NoICE + sdld,  page 7.
Hexadecimal  [32-Bits]

Area                                    Addr        Size        Decimal Bytes (Attributes)
--------------------------------        ----        ----        ------- ----- ------------
.	.ABS.                             00000000    00000000 =           0. bytes (ABS,CON)

      Value  Global                              Global Defined In Module
      -----  --------------------------------   ------------------------
           000000D3  G$RTCL$0$0                         fb_lpc922
           000000D3  _PSW_3                             fb_lpc922
           000000D3  _RTCL                              fb_lpc922
           000000D4  G$PSW_4$0$0                        fb_lpc922
           000000D4  _PSW_4                             fb_lpc922
           000000D5  G$PSW_5$0$0                        fb_lpc922
           000000D5  _PSW_5                             fb_lpc922
           000000D6  G$PSW_6$0$0                        fb_lpc922
           000000D6  _PSW_6                             fb_lpc922
           000000D7  G$PSW_7$0$0                        fb_lpc922
           000000D7  _PSW_7                             fb_lpc922
           000000D8  G$I2CON$0$0                        fb_lpc922
           000000D8  G$I2CON_0$0$0                      fb_lpc922
           000000D8  _I2CON                             fb_lpc922
           000000D8  _I2CON_0                           fb_lpc922
           000000D9  G$I2STAT$0$0                       fb_lpc922
           000000D9  _I2STAT                            fb_lpc922
           000000DA  G$I2CON_2$0$0                      fb_lpc922
           000000DA  G$I2DAT$0$0                        fb_lpc922
           000000DA  _I2CON_2                           fb_lpc922
           000000DA  _I2DAT                             fb_lpc922
           000000DB  G$I2ADR$0$0                        fb_lpc922
           000000DB  G$I2CON_3$0$0                      fb_lpc922
           000000DB  _I2ADR                             fb_lpc922
           000000DB  _I2CON_3                           fb_lpc922
           000000DC  G$I2CON_4$0$0                      fb_lpc922
           000000DC  G$I2SCLL$0$0                       fb_lpc922
           000000DC  _I2CON_4                           fb_lpc922
           000000DC  _I2SCLL                            fb_lpc922
           000000DD  G$I2CON_5$0$0                      fb_lpc922
           000000DD  G$I2SCLH$0$0                       fb_lpc922
           000000DD  _I2CON_5                           fb_lpc922
           000000DD  _I2SCLH                            fb_lpc922
           000000DE  G$I2CON_6$0$0                      fb_lpc922
           000000DE  _I2CON_6                           fb_lpc922
           000000DF  G$RSTSRC$0$0                       fb_lpc922
           000000DF  _RSTSRC                            fb_lpc922
           000000E0  G$ACC$0$0                          fb_lpc922
           000000E0  _ACC                               fb_lpc922
           000000E4  G$FMCON$0$0                        fb_lpc922
           000000E4  _FMCON                             fb_lpc922
           000000E5  G$FMDATA$0$0                       fb_lpc922
           000000E5  _FMDATA                            fb_lpc922
           000000E6  G$FMADRL$0$0                       fb_lpc922
           000000E6  _FMADRL                            fb_lpc922
           000000E7  G$FMADRH$0$0                       fb_lpc922
           000000E7  _FMADRH                            fb_lpc922
           000000E8  G$IEN1$0$0                         fb_lpc922
           000000E8  G$IEN1_0$0$0                       fb_lpc922
           000000E8  _IEN1                              fb_lpc922
           000000E8  _IEN1_0                            fb_lpc922
ASxxxx Linker V02.00 + NoICE + sdld,  page 8.
Hexadecimal  [32-Bits]

Area                                    Addr        Size        Decimal Bytes (Attributes)
--------------------------------        ----        ----        ------- ----- ------------
.	.ABS.                             00000000    00000000 =           0. bytes (ABS,CON)

      Value  Global                              Global Defined In Module
      -----  --------------------------------   ------------------------
           000000E9  G$IEN1_1$0$0                       fb_lpc922
           000000E9  _IEN1_1                            fb_lpc922
           000000EA  G$IEN1_2$0$0                       fb_lpc922
           000000EA  _IEN1_2                            fb_lpc922
           000000F0  G$B$0$0                            fb_lpc922
           000000F0  _B                                 fb_lpc922
           000000F6  G$PT0AD$0$0                        fb_lpc922
           000000F6  _PT0AD                             fb_lpc922
           000000F7  G$IP1H$0$0                         fb_lpc922
           000000F7  _IP1H                              fb_lpc922
           000000F8  G$IP1$0$0                          fb_lpc922
           000000F8  G$IP1_0$0$0                        fb_lpc922
           000000F8  _IP1                               fb_lpc922
           000000F8  _IP1_0                             fb_lpc922
           000000F9  G$IP1_1$0$0                        fb_lpc922
           000000F9  _IP1_1                             fb_lpc922
           000000FA  G$IP1_2$0$0                        fb_lpc922
           000000FA  _IP1_2                             fb_lpc922
           000000FE  G$IP1_6$0$0                        fb_lpc922
           000000FE  _IP1_6                             fb_lpc922
           00001CFF  Lfb_taster.main$trimsave$1$1       fb_taster
           00001D00  G$eeprom$0$0                       fb_lpc922
           00001D00  _eeprom                            fb_lpc922

ASxxxx Linker V02.00 + NoICE + sdld,  page 9.
Hexadecimal  [32-Bits]

Area                                    Addr        Size        Decimal Bytes (Attributes)
--------------------------------        ----        ----        ------- ----- ------------
BSEG_BYTES                          00000020    00000003 =           3. bytes (REL,CON)

      Value  Global                              Global Defined In Module
      -----  --------------------------------   ------------------------
ASxxxx Linker V02.00 + NoICE + sdld,  page 10.
Hexadecimal  [32-Bits]

Area                                    Addr        Size        Decimal Bytes (Attributes)
--------------------------------        ----        ----        ------- ----- ------------
REG_BANK_0                          00000000    00000008 =           8. bytes (REL,OVR)

      Value  Global                              Global Defined In Module
      -----  --------------------------------   ------------------------
ASxxxx Linker V02.00 + NoICE + sdld,  page 11.
Hexadecimal  [32-Bits]

Area                                    Addr        Size        Decimal Bytes (Attributes)
--------------------------------        ----        ----        ------- ----- ------------
BSEG                                00000000    00000011 =          17. bytes (REL,CON,BIT)

      Value  Global                              Global Defined In Module
      -----  --------------------------------   ------------------------
     0B:   00000000  G$delay_toggle$0$0                 fb_app_taster
     0B:   00000000  _delay_toggle                      fb_app_taster
     0B:   00000001  G$parity_ok$0$0                    fb_lpc922
     0B:   00000001  _parity_ok                         fb_lpc922
     0B:   00000002  G$interrupted$0$0                  fb_lpc922
     0B:   00000002  _interrupted                       fb_lpc922
     0B:   00000003  G$fb_parity$0$0                    fb_lpc922
     0B:   00000003  _fb_parity                         fb_lpc922
     0B:   00000004  G$ack$0$0                          fb_lpc922
     0B:   00000004  _ack                               fb_lpc922
     0B:   00000005  G$nack$0$0                         fb_lpc922
     0B:   00000005  _nack                              fb_lpc922
     0B:   00000006  G$its_me$0$0                       fb_lpc922
     0B:   00000006  _its_me                            fb_lpc922
     0B:   00000007  G$tel_arrived$0$0                  fb_lpc922
     0B:   00000007  _tel_arrived                       fb_lpc922
     0B:   00000008  G$tel_sent$0$0                     fb_lpc922
     0B:   00000008  _tel_sent                          fb_lpc922
     0B:   00000009  G$auto_ack$0$0                     fb_lpc922
     0B:   00000009  _auto_ack                          fb_lpc922
     0B:   0000000A  G$fbtx_bit$0$0                     fb_lpc922
     0B:   0000000A  _fbtx_bit                          fb_lpc922
     0B:   0000000B  G$wait_for_ack$0$0                 fb_lpc922
     0B:   0000000B  _wait_for_ack                      fb_lpc922
     0B:   0000000C  G$send_ack$0$0                     fb_lpc922
     0B:   0000000C  _send_ack                          fb_lpc922
     0B:   0000000D  G$send_nack$0$0                    fb_lpc922
     0B:   0000000D  _send_nack                         fb_lpc922
     0B:   0000000E  G$transparency$0$0                 fb_lpc922
     0B:   0000000E  _transparency                      fb_lpc922
     0B:   0000000F  G$connected$0$0                    fb_lpc922
     0B:   0000000F  _connected                         fb_lpc922
     0B:   00000010  G$inc_pcount$0$0                   fb_lpc922
     0B:   00000010  _inc_pcount                        fb_lpc922

ASxxxx Linker V02.00 + NoICE + sdld,  page 12.
Hexadecimal  [32-Bits]

Area                                    Addr        Size        Decimal Bytes (Attributes)
--------------------------------        ----        ----        ------- ----- ------------
BIT_BANK                            00000023    00000001 =           1. bytes (REL,OVR)

      Value  Global                              Global Defined In Module
      -----  --------------------------------   ------------------------
ASxxxx Linker V02.00 + NoICE + sdld,  page 13.
Hexadecimal  [32-Bits]

Area                                    Addr        Size        Decimal Bytes (Attributes)
--------------------------------        ----        ----        ------- ----- ------------
DSEG                                00000000    00000075 =         117. bytes (REL,CON)

      Value  Global                              Global Defined In Module
      -----  --------------------------------   ------------------------
           00000008  G$object_value$0$0                 fb_taster
           00000008  _object_value                      fb_taster
           00000014  _bp                                _bp
           00000024  G$timer$0$0                        fb_app_taster
           00000024  _timer                             fb_app_taster
           00000026  G$timerflags$0$0                   fb_app_taster
           00000026  _timerflags                        fb_app_taster
           00000028  G$button_buffer$0$0                fb_app_taster
           00000028  _button_buffer                     fb_app_taster
           00000029  G$LEDSTATE$0$0                     fb_app_taster
           00000029  _LEDSTATE                          fb_app_taster
           0000002A  G$dimmcompare$0$0                  fb_app_taster
           0000002A  _dimmcompare                       fb_app_taster
           0000002B  G$dimmwert$0$0                     fb_app_taster
           0000002B  _dimmwert                          fb_app_taster
           0000002C  G$timercnt$0$0                     fb_app_taster
           0000002C  _timercnt                          fb_app_taster
           00000034  G$timerbase$0$0                    fb_app_taster
           00000034  _timerbase                         fb_app_taster
           0000003C  G$timerstate$0$0                   fb_app_taster
           0000003C  _timerstate                        fb_app_taster
           00000044  G$conh$0$0                         fb_lpc922
           00000044  _conh                              fb_lpc922
           00000045  G$conl$0$0                         fb_lpc922
           00000045  _conl                              fb_lpc922
           00000046  G$pcount$0$0                       fb_lpc922
           00000046  _pcount                            fb_lpc922
           00000047  G$mem_length$0$0                   fb_lpc922
           00000047  _mem_length                        fb_lpc922
           00000048  G$mem_adrh$0$0                     fb_lpc922
           00000048  _mem_adrh                          fb_lpc922
           00000049  G$mem_adrl$0$0                     fb_lpc922
           00000049  _mem_adrl                          fb_lpc922
           0000004A  G$senders_pcount$0$0               fb_lpc922
           0000004A  _senders_pcount                    fb_lpc922
           0000004B  G$telegramm$0$0                    fb_lpc922
           0000004B  _telegramm                         fb_lpc922
           00000062  G$tx_buffer$0$0                    fb_lpc922
           00000062  _tx_buffer                         fb_lpc922
           0000006A  G$telpos$0$0                       fb_lpc922
           0000006A  _telpos                            fb_lpc922
           0000006B  G$cs$0$0                           fb_lpc922
           0000006B  _cs                                fb_lpc922
           0000006C  G$fbrx_byte$0$0                    fb_lpc922
           0000006C  _fbrx_byte                         fb_lpc922
           0000006D  G$fb_pattern$0$0                   fb_lpc922
           0000006D  _fb_pattern                        fb_lpc922
           0000006E  G$fb_state$0$0                     fb_lpc922
           0000006E  _fb_state                          fb_lpc922
           0000006F  G$repeat_count$0$0                 fb_lpc922
ASxxxx Linker V02.00 + NoICE + sdld,  page 14.
Hexadecimal  [32-Bits]

Area                                    Addr        Size        Decimal Bytes (Attributes)
--------------------------------        ----        ----        ------- ----- ------------
DSEG                                00000000    00000075 =         117. bytes (REL,CON)

      Value  Global                              Global Defined In Module
      -----  --------------------------------   ------------------------
           0000006F  _repeat_count                      fb_lpc922
           00000070  G$tx_nextwrite$0$0                 fb_lpc922
           00000070  _tx_nextwrite                      fb_lpc922
           00000071  G$tx_nextsend$0$0                  fb_lpc922
           00000071  _tx_nextsend                       fb_lpc922
           00000072  G$status60$0$0                     fb_lpc922
           00000072  _status60                          fb_lpc922
           00000073  G$connected_timeout$0$0            fb_lpc922
           00000073  _connected_timeout                 fb_lpc922

ASxxxx Linker V02.00 + NoICE + sdld,  page 15.
Hexadecimal  [32-Bits]

Area                                    Addr        Size        Decimal Bytes (Attributes)
--------------------------------        ----        ----        ------- ----- ------------
SSEG                                00000074    0000008C =         140. bytes (REL,OVR)

      Value  Global                              Global Defined In Module
      -----  --------------------------------   ------------------------
           00000074  __start__stack                     fb_taster

ASxxxx Linker V02.00 + NoICE + sdld,  page 16.
Hexadecimal  [32-Bits]

Area                                    Addr        Size        Decimal Bytes (Attributes)
--------------------------------        ----        ----        ------- ----- ------------
HOME                                00000000    00000023 =          35. bytes (REL,CON,CODE)

      Value  Global                              Global Defined In Module
      -----  --------------------------------   ------------------------
     0C:   00000000  A$fb_taster$520                    fb_taster
     0C:   00000003  A$fb_taster$521                    fb_taster
     0C:   0000000B  A$fb_taster$523                    fb_taster
     0C:   00000013  A$fb_taster$525                    fb_taster
     0C:   0000001B  A$fb_taster$527                    fb_taster
     0C:   0000001E  A$fb_taster$549                    fb_taster
     0C:   0000001E  __sdcc_program_startup             fb_taster
     0C:   00000021  A$fb_taster$551                    fb_taster

ASxxxx Linker V02.00 + NoICE + sdld,  page 17.
Hexadecimal  [32-Bits]

Area                                    Addr        Size        Decimal Bytes (Attributes)
--------------------------------        ----        ----        ------- ----- ------------
GSINIT0                             00000023    00000003 =           3. bytes (REL,CON,CODE)

      Value  Global                              Global Defined In Module
      -----  --------------------------------   ------------------------
     0C:   00000023  __sdcc_gsinit_startup              

ASxxxx Linker V02.00 + NoICE + sdld,  page 18.
Hexadecimal  [32-Bits]

Area                                    Addr        Size        Decimal Bytes (Attributes)
--------------------------------        ----        ----        ------- ----- ------------
GSINIT2                             00000026    0000000A =          10. bytes (REL,CON,CODE)

      Value  Global                              Global Defined In Module
      -----  --------------------------------   ------------------------
ASxxxx Linker V02.00 + NoICE + sdld,  page 19.
Hexadecimal  [32-Bits]

Area                                    Addr        Size        Decimal Bytes (Attributes)
--------------------------------        ----        ----        ------- ----- ------------
GSINIT3                             00000030    00000022 =          34. bytes (REL,CON,CODE)

      Value  Global                              Global Defined In Module
      -----  --------------------------------   ------------------------
     0C:   00000030  __mcs51_genXINIT                   

ASxxxx Linker V02.00 + NoICE + sdld,  page 20.
Hexadecimal  [32-Bits]

Area                                    Addr        Size        Decimal Bytes (Attributes)
--------------------------------        ----        ----        ------- ----- ------------
GSINIT4                             00000052    0000002A =          42. bytes (REL,CON,CODE)

      Value  Global                              Global Defined In Module
      -----  --------------------------------   ------------------------
     0C:   00000052  __mcs51_genRAMCLEAR                
     0C:   00000058  __mcs51_genXRAMCLEAR               

ASxxxx Linker V02.00 + NoICE + sdld,  page 21.
Hexadecimal  [32-Bits]

Area                                    Addr        Size        Decimal Bytes (Attributes)
--------------------------------        ----        ----        ------- ----- ------------
GSFINAL                             0000007C    00000003 =           3. bytes (REL,CON,CODE)

      Value  Global                              Global Defined In Module
      -----  --------------------------------   ------------------------
     0C:   0000007C  A$fb_taster$542                    fb_taster

ASxxxx Linker V02.00 + NoICE + sdld,  page 22.
Hexadecimal  [32-Bits]

Area                                    Addr        Size        Decimal Bytes (Attributes)
--------------------------------        ----        ----        ------- ----- ------------
CSEG                                0000007F    000017B8 =        6072. bytes (REL,CON,CODE)

      Value  Global                              Global Defined In Module
      -----  --------------------------------   ------------------------
     0C:   0000007F  A$fb_taster$588                    fb_taster
     0C:   0000007F  C$fb_taster.c$74$0$0               fb_taster
     0C:   0000007F  C$fb_taster.c$76$1$0               fb_taster
     0C:   0000007F  G$main$0$0                         fb_taster
     0C:   0000007F  _main                              fb_taster
     0C:   00000081  A$fb_taster$591                    fb_taster
     0C:   00000081  C$fb_taster.c$77$1$0               fb_taster
     0C:   00000083  A$fb_taster$594                    fb_taster
     0C:   00000083  C$fb_taster.c$84$1$1               fb_taster
     0C:   00000085  A$fb_taster$595                    fb_taster
     0C:   00000086  A$fb_taster$596                    fb_taster
     0C:   00000088  A$fb_taster$597                    fb_taster
     0C:   0000008A  A$fb_taster$598                    fb_taster
     0C:   0000008C  A$fb_taster$601                    fb_taster
     0C:   0000008C  C$fb_taster.c$86$1$1               fb_taster
     0C:   0000008E  A$fb_taster$602                    fb_taster
     0C:   00000090  A$fb_taster$603                    fb_taster
     0C:   00000093  A$fb_taster$604                    fb_taster
     0C:   00000095  A$fb_taster$605                    fb_taster
     0C:   00000097  A$fb_taster$608                    fb_taster
     0C:   00000097  C$fb_taster.c$92$1$1               fb_taster
     0C:   00000099  A$fb_taster$611                    fb_taster
     0C:   00000099  C$fb_taster.c$93$1$1               fb_taster
     0C:   0000009C  A$fb_taster$612                    fb_taster
     0C:   0000009F  A$fb_taster$613                    fb_taster
     0C:   000000A1  A$fb_taster$614                    fb_taster
     0C:   000000A3  A$fb_taster$618                    fb_taster
     0C:   000000A3  C$fb_taster.c$94$1$1               fb_taster
     0C:   000000A6  A$fb_taster$619                    fb_taster
     0C:   000000A7  A$fb_taster$620                    fb_taster
     0C:   000000A8  A$fb_taster$621                    fb_taster
     0C:   000000A9  A$fb_taster$622                    fb_taster
     0C:   000000AA  A$fb_taster$626                    fb_taster
     0C:   000000AA  C$fb_taster.c$96$1$1               fb_taster
     0C:   000000AD  A$fb_taster$627                    fb_taster
     0C:   000000AE  A$fb_taster$628                    fb_taster
     0C:   000000AF  A$fb_taster$629                    fb_taster
     0C:   000000B1  A$fb_taster$630                    fb_taster
     0C:   000000B2  A$fb_taster$631                    fb_taster
     0C:   000000B3  A$fb_taster$632                    fb_taster
     0C:   000000B5  A$fb_taster$635                    fb_taster
     0C:   000000B5  C$fb_taster.c$97$1$1               fb_taster
     0C:   000000B8  A$fb_taster$638                    fb_taster
     0C:   000000B8  C$fb_taster.c$98$2$2               fb_taster
     0C:   000000BB  A$fb_taster$639                    fb_taster
     0C:   000000BD  A$fb_taster$640                    fb_taster
     0C:   000000C0  A$fb_taster$641                    fb_taster
     0C:   000000C3  A$fb_taster$642                    fb_taster
     0C:   000000C6  A$fb_taster$643                    fb_taster
     0C:   000000C8  A$fb_taster$646                    fb_taster
ASxxxx Linker V02.00 + NoICE + sdld,  page 23.
Hexadecimal  [32-Bits]

Area                                    Addr        Size        Decimal Bytes (Attributes)
--------------------------------        ----        ----        ------- ----- ------------
CSEG                                0000007F    000017B8 =        6072. bytes (REL,CON,CODE)

      Value  Global                              Global Defined In Module
      -----  --------------------------------   ------------------------
     0C:   000000C8  C$fb_taster.c$99$2$3               fb_taster
     0C:   000000CA  A$fb_taster$647                    fb_taster
     0C:   000000CD  A$fb_taster$648                    fb_taster
     0C:   000000D0  A$fb_taster$649                    fb_taster
     0C:   000000D3  A$fb_taster$650                    fb_taster
     0C:   000000D5  A$fb_taster$653                    fb_taster
     0C:   000000D5  C$fb_taster.c$100$1$1              fb_taster
     0C:   000000D7  A$fb_taster$656                    fb_taster
     0C:   000000D9  A$fb_taster$658                    fb_taster
     0C:   000000DC  A$fb_taster$660                    fb_taster
     0C:   000000DE  A$fb_taster$663                    fb_taster
     0C:   000000DE  C$fb_taster.c$102$2$4              fb_taster
     0C:   000000E0  A$fb_taster$666                    fb_taster
     0C:   000000E0  C$fb_taster.c$103$2$4              fb_taster
     0C:   000000E3  A$fb_taster$667                    fb_taster
     0C:   000000E4  A$fb_taster$668                    fb_taster
     0C:   000000E5  A$fb_taster$669                    fb_taster
     0C:   000000E7  A$fb_taster$672                    fb_taster
     0C:   000000E7  C$fb_taster.c$104$2$4              fb_taster
     0C:   000000EA  A$fb_taster$673                    fb_taster
     0C:   000000EB  A$fb_taster$674                    fb_taster
     0C:   000000EC  A$fb_taster$675                    fb_taster
     0C:   000000EE  A$fb_taster$678                    fb_taster
     0C:   000000EE  C$fb_taster.c$105$2$4              fb_taster
     0C:   000000F0  A$fb_taster$681                    fb_taster
     0C:   000000F0  C$fb_taster.c$106$2$4              fb_taster
     0C:   000000F2  A$fb_taster$685                    fb_taster
     0C:   000000F2  C$fb_taster.c$107$2$4              fb_taster
     0C:   000000F5  A$fb_taster$688                    fb_taster
     0C:   000000F5  C$fb_taster.c$101$1$1              fb_taster
     0C:   000000F6  A$fb_taster$689                    fb_taster
     0C:   000000F8  A$fb_taster$693                    fb_taster
     0C:   000000F8  C$fb_taster.c$109$1$1              fb_taster
     0C:   000000FA  A$fb_taster$694                    fb_taster
     0C:   000000FC  A$fb_taster$695                    fb_taster
     0C:   000000FE  A$fb_taster$696                    fb_taster
     0C:   00000101  A$fb_taster$697                    fb_taster
     0C:   00000103  A$fb_taster$698                    fb_taster
     0C:   00000105  A$fb_taster$699                    fb_taster
     0C:   00000107  A$fb_taster$702                    fb_taster
     0C:   00000107  C$fb_taster.c$112$2$5              fb_taster
     0C:   0000010A  A$fb_taster$703                    fb_taster
     0C:   0000010D  A$fb_taster$704                    fb_taster
     0C:   00000110  A$fb_taster$705                    fb_taster
     0C:   00000113  A$fb_taster$706                    fb_taster
     0C:   00000116  A$fb_taster$707                    fb_taster
     0C:   00000119  A$fb_taster$708                    fb_taster
     0C:   0000011C  A$fb_taster$711                    fb_taster
     0C:   0000011C  C$fb_taster.c$116$1$1              fb_taster
     0C:   0000011F  A$fb_taster$714                    fb_taster
     0C:   0000011F  C$fb_taster.c$118$1$1              fb_taster
ASxxxx Linker V02.00 + NoICE + sdld,  page 24.
Hexadecimal  [32-Bits]

Area                                    Addr        Size        Decimal Bytes (Attributes)
--------------------------------        ----        ----        ------- ----- ------------
CSEG                                0000007F    000017B8 =        6072. bytes (REL,CON,CODE)

      Value  Global                              Global Defined In Module
      -----  --------------------------------   ------------------------
     0C:   00000121  A$fb_taster$716                    fb_taster
     0C:   00000124  A$fb_taster$718                    fb_taster
     0C:   00000126  A$fb_taster$719                    fb_taster
     0C:   00000128  A$fb_taster$720                    fb_taster
     0C:   0000012A  A$fb_taster$721                    fb_taster
     0C:   0000012C  A$fb_taster$722                    fb_taster
     0C:   0000012E  A$fb_taster$723                    fb_taster
     0C:   00000130  A$fb_taster$724                    fb_taster
     0C:   00000133  A$fb_taster$725                    fb_taster
     0C:   00000135  A$fb_taster$726                    fb_taster
     0C:   00000138  A$fb_taster$727                    fb_taster
     0C:   0000013A  A$fb_taster$728                    fb_taster
     0C:   0000013C  A$fb_taster$729                    fb_taster
     0C:   0000013E  A$fb_taster$730                    fb_taster
     0C:   00000140  A$fb_taster$731                    fb_taster
     0C:   00000141  A$fb_taster$732                    fb_taster
     0C:   00000143  A$fb_taster$736                    fb_taster
     0C:   00000143  C$fb_taster.c$121$1$1              fb_taster
     0C:   00000145  A$fb_taster$739                    fb_taster
     0C:   00000145  C$fb_taster.c$122$1$1              fb_taster
     0C:   00000148  A$fb_taster$740                    fb_taster
     0C:   00000149  A$fb_taster$741                    fb_taster
     0C:   0000014A  A$fb_taster$742                    fb_taster
     0C:   0000014C  A$fb_taster$748                    fb_taster
     0C:   0000014C  C$fb_taster.c$124$1$1              fb_taster
     0C:   0000014C  C$fb_taster.c$125$3$7              fb_taster
     0C:   0000014E  A$fb_taster$749                    fb_taster
     0C:   00000151  A$fb_taster$750                    fb_taster
     0C:   00000154  A$fb_taster$751                    fb_taster
     0C:   00000156  A$fb_taster$754                    fb_taster
     0C:   00000156  C$fb_taster.c$126$2$6              fb_taster
     0C:   00000158  A$fb_taster$755                    fb_taster
     0C:   0000015A  A$fb_taster$756                    fb_taster
     0C:   0000015C  A$fb_taster$759                    fb_taster
     0C:   0000015C  C$fb_taster.c$128$3$8              fb_taster
     0C:   0000015F  A$fb_taster$762                    fb_taster
     0C:   0000015F  C$fb_taster.c$129$3$8              fb_taster
     0C:   00000162  A$fb_taster$763                    fb_taster
     0C:   00000164  A$fb_taster$764                    fb_taster
     0C:   00000166  A$fb_taster$765                    fb_taster
     0C:   00000168  A$fb_taster$766                    fb_taster
     0C:   0000016B  A$fb_taster$767                    fb_taster
     0C:   0000016D  A$fb_taster$768                    fb_taster
     0C:   0000016F  A$fb_taster$769                    fb_taster
     0C:   00000171  A$fb_taster$770                    fb_taster
     0C:   00000173  A$fb_taster$774                    fb_taster
     0C:   00000173  C$fb_taster.c$132$4$9              fb_taster
     0C:   00000175  A$fb_taster$775                    fb_taster
     0C:   00000177  A$fb_taster$776                    fb_taster
     0C:   00000179  A$fb_taster$779                    fb_taster
     0C:   00000179  C$fb_taster.c$134$5$10             fb_taster
ASxxxx Linker V02.00 + NoICE + sdld,  page 25.
Hexadecimal  [32-Bits]

Area                                    Addr        Size        Decimal Bytes (Attributes)
--------------------------------        ----        ----        ------- ----- ------------
CSEG                                0000007F    000017B8 =        6072. bytes (REL,CON,CODE)

      Value  Global                              Global Defined In Module
      -----  --------------------------------   ------------------------
     0C:   0000017B  A$fb_taster$780                    fb_taster
     0C:   0000017D  A$fb_taster$784                    fb_taster
     0C:   0000017D  C$fb_taster.c$136$4$9              fb_taster
     0C:   00000180  A$fb_taster$785                    fb_taster
     0C:   00000182  A$fb_taster$786                    fb_taster
     0C:   00000184  A$fb_taster$787                    fb_taster
     0C:   00000186  A$fb_taster$788                    fb_taster
     0C:   00000189  A$fb_taster$789                    fb_taster
     0C:   0000018B  A$fb_taster$790                    fb_taster
     0C:   0000018D  A$fb_taster$791                    fb_taster
     0C:   0000018F  A$fb_taster$797                    fb_taster
     0C:   0000018F  C$fb_taster.c$141$2$6              fb_taster
     0C:   0000018F  C$fb_taster.c$143$2$6              fb_taster
     0C:   00000191  A$fb_taster$798                    fb_taster
     0C:   00000192  A$fb_taster$799                    fb_taster
     0C:   00000193  A$fb_taster$800                    fb_taster
     0C:   00000194  A$fb_taster$801                    fb_taster
     0C:   00000196  A$fb_taster$802                    fb_taster
     0C:   00000197  A$fb_taster$803                    fb_taster
     0C:   00000199  A$fb_taster$806                    fb_taster
     0C:   00000199  C$fb_taster.c$145$2$6              fb_taster
     0C:   0000019B  A$fb_taster$807                    fb_taster
     0C:   0000019D  A$fb_taster$808                    fb_taster
     0C:   0000019F  A$fb_taster$812                    fb_taster
     0C:   0000019F  C$fb_taster.c$148$2$6              fb_taster
     0C:   000001A1  A$fb_taster$813                    fb_taster
     0C:   000001A4  A$fb_taster$816                    fb_taster
     0C:   000001A4  C$fb_taster.c$150$3$11             fb_taster
     0C:   000001A6  A$fb_taster$817                    fb_taster
     0C:   000001A8  A$fb_taster$818                    fb_taster
     0C:   000001A9  A$fb_taster$819                    fb_taster
     0C:   000001AC  A$fb_taster$822                    fb_taster
     0C:   000001AC  C$fb_taster.c$151$4$12             fb_taster
     0C:   000001AE  A$fb_taster$823                    fb_taster
     0C:   000001B0  A$fb_taster$824                    fb_taster
     0C:   000001B2  A$fb_taster$825                    fb_taster
     0C:   000001B4  A$fb_taster$826                    fb_taster
     0C:   000001B5  A$fb_taster$827                    fb_taster
     0C:   000001B6  A$fb_taster$828                    fb_taster
     0C:   000001B7  A$fb_taster$829                    fb_taster
     0C:   000001BA  A$fb_taster$830                    fb_taster
     0C:   000001BD  A$fb_taster$833                    fb_taster
     0C:   000001BD  C$fb_taster.c$152$5$13             fb_taster
     0C:   000001BF  A$fb_taster$836                    fb_taster
     0C:   000001BF  C$fb_taster.c$153$5$13             fb_taster
     0C:   000001C1  A$fb_taster$840                    fb_taster
     0C:   000001C1  C$fb_taster.c$156$3$11             fb_taster
     0C:   000001C3  A$fb_taster$841                    fb_taster
     0C:   000001C5  A$fb_taster$842                    fb_taster
     0C:   000001C6  A$fb_taster$843                    fb_taster
     0C:   000001C9  A$fb_taster$846                    fb_taster
ASxxxx Linker V02.00 + NoICE + sdld,  page 26.
Hexadecimal  [32-Bits]

Area                                    Addr        Size        Decimal Bytes (Attributes)
--------------------------------        ----        ----        ------- ----- ------------
CSEG                                0000007F    000017B8 =        6072. bytes (REL,CON,CODE)

      Value  Global                              Global Defined In Module
      -----  --------------------------------   ------------------------
     0C:   000001C9  C$fb_taster.c$157$4$14             fb_taster
     0C:   000001CB  A$fb_taster$847                    fb_taster
     0C:   000001CD  A$fb_taster$848                    fb_taster
     0C:   000001CF  A$fb_taster$849                    fb_taster
     0C:   000001D1  A$fb_taster$850                    fb_taster
     0C:   000001D2  A$fb_taster$851                    fb_taster
     0C:   000001D3  A$fb_taster$852                    fb_taster
     0C:   000001D4  A$fb_taster$853                    fb_taster
     0C:   000001D7  A$fb_taster$854                    fb_taster
     0C:   000001DA  A$fb_taster$857                    fb_taster
     0C:   000001DA  C$fb_taster.c$158$5$15             fb_taster
     0C:   000001DC  A$fb_taster$860                    fb_taster
     0C:   000001DC  C$fb_taster.c$159$5$15             fb_taster
     0C:   000001DE  A$fb_taster$861                    fb_taster
     0C:   000001E0  A$fb_taster$865                    fb_taster
     0C:   000001E0  C$fb_taster.c$166$3$16             fb_taster
     0C:   000001E3  A$fb_taster$866                    fb_taster
     0C:   000001E4  A$fb_taster$867                    fb_taster
     0C:   000001E5  A$fb_taster$868                    fb_taster
     0C:   000001E6  A$fb_taster$869                    fb_taster
     0C:   000001E9  A$fb_taster$870                    fb_taster
     0C:   000001EC  A$fb_taster$871                    fb_taster
     0C:   000001EE  A$fb_taster$872                    fb_taster
     0C:   000001F1  A$fb_taster$875                    fb_taster
     0C:   000001F1  C$fb_taster.c$167$4$17             fb_taster
     0C:   000001F3  A$fb_taster$876                    fb_taster
     0C:   000001F5  A$fb_taster$877                    fb_taster
     0C:   000001F6  A$fb_taster$878                    fb_taster
     0C:   000001F9  A$fb_taster$879                    fb_taster
     0C:   000001FB  A$fb_taster$881                    fb_taster
     0C:   000001FD  A$fb_taster$882                    fb_taster
     0C:   000001FF  A$fb_taster$883                    fb_taster
     0C:   00000201  A$fb_taster$884                    fb_taster
     0C:   00000203  A$fb_taster$885                    fb_taster
     0C:   00000205  A$fb_taster$886                    fb_taster
     0C:   00000207  A$fb_taster$887                    fb_taster
     0C:   0000020A  A$fb_taster$888                    fb_taster
     0C:   0000020C  A$fb_taster$889                    fb_taster
     0C:   0000020E  A$fb_taster$890                    fb_taster
     0C:   00000210  A$fb_taster$894                    fb_taster
     0C:   00000210  C$fb_taster.c$171$2$6              fb_taster
     0C:   00000213  A$fb_taster$895                    fb_taster
     0C:   00000216  A$fb_taster$899                    fb_taster
     0C:   00000216  C$fb_taster.c$172$3$18             fb_taster
     0C:   00000218  A$fb_taster$902                    fb_taster
     0C:   00000218  C$fb_taster.c$173$3$18             fb_taster
     0C:   0000021A  A$fb_taster$903                    fb_taster
     0C:   0000021C  A$fb_taster$904                    fb_taster
     0C:   0000021E  A$fb_taster$905                    fb_taster
     0C:   00000221  A$fb_taster$906                    fb_taster
     0C:   00000223  A$fb_taster$907                    fb_taster
ASxxxx Linker V02.00 + NoICE + sdld,  page 27.
Hexadecimal  [32-Bits]

Area                                    Addr        Size        Decimal Bytes (Attributes)
--------------------------------        ----        ----        ------- ----- ------------
CSEG                                0000007F    000017B8 =        6072. bytes (REL,CON,CODE)

      Value  Global                              Global Defined In Module
      -----  --------------------------------   ------------------------
     0C:   00000225  A$fb_taster$908                    fb_taster
     0C:   00000227  A$fb_taster$909                    fb_taster
     0C:   00000229  A$fb_taster$913                    fb_taster
     0C:   00000229  C$fb_taster.c$176$3$6              fb_taster
     0C:   0000022B  A$fb_taster$915                    fb_taster
     0C:   0000022D  A$fb_taster$916                    fb_taster
     0C:   0000022E  A$fb_taster$917                    fb_taster
     0C:   00000230  A$fb_taster$918                    fb_taster
     0C:   00000231  A$fb_taster$919                    fb_taster
     0C:   00000233  A$fb_taster$925                    fb_taster
     0C:   00000233  C$fb_taster.c$180$2$6              fb_taster
     0C:   00000233  C$fb_taster.c$181$3$20             fb_taster
     0C:   00000236  A$fb_taster$926                    fb_taster
     0C:   00000238  A$fb_taster$930                    fb_taster
     0C:   00000238  C$fb_taster.c$182$3$20             fb_taster
     0C:   0000023A  A$fb_taster$933                    fb_taster
     0C:   0000023A  C$fb_taster.c$183$3$20             fb_taster
     0C:   0000023D  A$fb_taster$939                    fb_taster
     0C:   0000023D  C$fb_taster.c$184$4$21             fb_taster
     0C:   0000023D  C$fb_taster.c$185$4$21             fb_taster
     0C:   00000240  A$fb_taster$940                    fb_taster
     0C:   00000242  A$fb_taster$944                    fb_taster
     0C:   00000242  C$fb_taster.c$186$4$21             fb_taster
     0C:   00000245  A$fb_taster$948                    fb_taster
     0C:   00000245  C$fb_taster.c$188$3$20             fb_taster
     0C:   00000248  A$fb_taster$951                    fb_taster
     0C:   00000248  C$fb_taster.c$189$4$22             fb_taster
     0C:   0000024A  A$fb_taster$954                    fb_taster
     0C:   0000024A  C$fb_taster.c$190$4$22             fb_taster
     0C:   0000024B  A$fb_taster$958                    fb_taster
     0C:   0000024B  C$fb_taster.c$192$3$20             fb_taster
     0C:   0000024E  A$fb_taster$961                    fb_taster
     0C:   0000024E  C$fb_taster.c$193$4$23             fb_taster
     0C:   00000250  A$fb_taster$964                    fb_taster
     0C:   00000250  C$fb_taster.c$194$4$23             fb_taster
     0C:   00000251  A$fb_taster$968                    fb_taster
     0C:   00000251  C$fb_taster.c$196$3$20             fb_taster
     0C:   00000254  A$fb_taster$971                    fb_taster
     0C:   00000254  C$fb_taster.c$197$4$24             fb_taster
     0C:   00000256  A$fb_taster$974                    fb_taster
     0C:   00000256  C$fb_taster.c$198$4$24             fb_taster
     0C:   00000259  A$fb_taster$977                    fb_taster
     0C:   00000259  C$fb_taster.c$199$4$24             fb_taster
     0C:   0000025C  A$fb_taster$980                    fb_taster
     0C:   0000025C  C$fb_taster.c$200$4$24             fb_taster
     0C:   0000025F  A$fb_taster$983                    fb_taster
     0C:   0000025F  C$fb_taster.c$201$4$24             fb_taster
     0C:   00000261  A$fb_taster$986                    fb_taster
     0C:   00000261  C$fb_taster.c$202$4$24             fb_taster
     0C:   00000264  A$fb_taster$989                    fb_taster
     0C:   00000264  C$fb_taster.c$203$4$24             fb_taster
ASxxxx Linker V02.00 + NoICE + sdld,  page 28.
Hexadecimal  [32-Bits]

Area                                    Addr        Size        Decimal Bytes (Attributes)
--------------------------------        ----        ----        ------- ----- ------------
CSEG                                0000007F    000017B8 =        6072. bytes (REL,CON,CODE)

      Value  Global                              Global Defined In Module
      -----  --------------------------------   ------------------------
     0C:   00000266  A$fb_taster$993                    fb_taster
     0C:   00000266  C$fb_taster.c$205$3$20             fb_taster
     0C:   00000269  A$fb_taster$994                    fb_taster
     0C:   0000026C  A$fb_taster$998                    fb_taster
     0C:   0000026C  C$fb_taster.c$206$3$20             fb_taster
     0C:   0000026F  A$fb_taster$1004                   fb_taster
     0C:   0000026F  C$fb_taster.c$207$4$25             fb_taster
     0C:   0000026F  C$fb_taster.c$208$4$25             fb_taster
     0C:   00000272  A$fb_taster$1005                   fb_taster
     0C:   00000274  A$fb_taster$1009                   fb_taster
     0C:   00000274  C$fb_taster.c$209$4$25             fb_taster
     0C:   00000277  A$fb_taster$1013                   fb_taster
     0C:   00000277  C$fb_taster.c$211$3$20             fb_taster
     0C:   0000027A  A$fb_taster$1019                   fb_taster
     0C:   0000027A  C$fb_taster.c$212$4$26             fb_taster
     0C:   0000027A  C$fb_taster.c$213$4$26             fb_taster
     0C:   0000027D  A$fb_taster$1020                   fb_taster
     0C:   0000027F  A$fb_taster$1024                   fb_taster
     0C:   0000027F  C$fb_taster.c$214$4$26             fb_taster
     0C:   00000282  A$fb_taster$1028                   fb_taster
     0C:   00000282  C$fb_taster.c$226$2$6              fb_taster
     0C:   00000284  A$fb_taster$1031                   fb_taster
     0C:   00000284  C$fb_taster.c$227$2$6              fb_taster
     0C:   00000287  A$fb_taster$1034                   fb_taster
     0C:   00000287  C$fb_taster.c$228$3$27             fb_taster
     0C:   0000028A  A$fb_taster$1036                   fb_taster
     0C:   0000028C  A$fb_taster$1037                   fb_taster
     0C:   0000028D  A$fb_taster$1038                   fb_taster
     0C:   0000028F  A$fb_taster$1042                   fb_taster
     0C:   0000028F  C$fb_taster.c$230$4$28             fb_taster
     0C:   00000292  A$fb_taster$1043                   fb_taster
     0C:   00000295  A$fb_taster$1047                   fb_taster
     0C:   00000295  C$fb_taster.c$231$4$28             fb_taster
     0C:   00000297  A$fb_taster$1050                   fb_taster
     0C:   00000297  C$fb_taster.c$232$4$28             fb_taster
     0C:   00000299  A$fb_taster$1051                   fb_taster
     0C:   0000029C  A$fb_taster$1054                   fb_taster
     0C:   0000029C  C$fb_taster.c$233$5$29             fb_taster
     0C:   0000029E  A$fb_taster$1057                   fb_taster
     0C:   0000029E  C$fb_taster.c$234$5$29             fb_taster
     0C:   000002A1  A$fb_taster$1060                   fb_taster
     0C:   000002A1  C$fb_taster.c$235$5$29             fb_taster
     0C:   000002A4  A$fb_taster$1063                   fb_taster
     0C:   000002A4  C$fb_taster.c$236$5$29             fb_taster
     0C:   000002A7  A$fb_taster$1066                   fb_taster
     0C:   000002A7  C$fb_taster.c$237$5$29             fb_taster
     0C:   000002AA  A$fb_taster$1069                   fb_taster
     0C:   000002AA  C$fb_taster.c$238$5$29             fb_taster
     0C:   000002AD  A$fb_taster$1072                   fb_taster
     0C:   000002AD  C$fb_taster.c$239$5$29             fb_taster
     0C:   000002AF  A$fb_taster$1073                   fb_taster
ASxxxx Linker V02.00 + NoICE + sdld,  page 29.
Hexadecimal  [32-Bits]

Area                                    Addr        Size        Decimal Bytes (Attributes)
--------------------------------        ----        ----        ------- ----- ------------
CSEG                                0000007F    000017B8 =        6072. bytes (REL,CON,CODE)

      Value  Global                              Global Defined In Module
      -----  --------------------------------   ------------------------
     0C:   000002B1  A$fb_taster$1077                   fb_taster
     0C:   000002B1  C$fb_taster.c$244$3$30             fb_taster
     0C:   000002B2  A$fb_taster$1078                   fb_taster
     0C:   000002B4  A$fb_taster$1079                   fb_taster
     0C:   000002B5  A$fb_taster$1080                   fb_taster
     0C:   000002B7  A$fb_taster$1084                   fb_taster
     0C:   000002B7  C$fb_taster.c$245$3$30             fb_taster
     0C:   000002B9  A$fb_taster$1088                   fb_taster
     0C:   000002B9  C$fb_taster.c$278$2$6              fb_taster
     0C:   000002BB  A$fb_taster$1089                   fb_taster
     0C:   000002BE  A$fb_taster$1090                   fb_taster
     0C:   000002C0  A$fb_taster$1091                   fb_taster
     0C:   000002C3  A$fb_taster$1095                   fb_taster
     0C:   000002C3  C$fb_taster.c$279$2$6              fb_taster
     0C:   000002C5  A$fb_taster$1098                   fb_taster
     0C:   000002C5  C$fb_taster.c$283$1$1              fb_taster
     0C:   000002C8  A$fb_taster$1101                   fb_taster
     0C:   000002C8  C$fb_taster.c$284$1$1              fb_taster
     0C:   000002C8  XG$main$0$0                        fb_taster
     0C:   000002C9  A$fb_app_taster$584                fb_app_taster
     0C:   000002C9  C$fb_app_taster.c$44$0$0           fb_app_taster
     0C:   000002C9  G$port_changed$0$0                 fb_app_taster
     0C:   000002C9  _port_changed                      fb_app_taster
     0C:   000002CB  A$fb_app_taster$587                fb_app_taster
     0C:   000002CB  C$fb_app_taster.c$55$1$1           fb_app_taster
     0C:   000002CD  A$fb_app_taster$590                fb_app_taster
     0C:   000002CD  C$fb_app_taster.c$56$2$1           fb_app_taster
     0C:   000002CF  A$fb_app_taster$594                fb_app_taster
     0C:   000002CF  C$fb_app_taster.c$57$2$2           fb_app_taster
     0C:   000002D0  A$fb_app_taster$595                fb_app_taster
     0C:   000002D3  A$fb_app_taster$596                fb_app_taster
     0C:   000002D5  A$fb_app_taster$600                fb_app_taster
     0C:   000002D5  C$fb_app_taster.c$59$3$3           fb_app_taster
     0C:   000002D6  A$fb_app_taster$603                fb_app_taster
     0C:   000002D6  C$fb_app_taster.c$60$3$3           fb_app_taster
     0C:   000002D8  A$fb_app_taster$607                fb_app_taster
     0C:   000002D8  C$fb_app_taster.c$63$1$1           fb_app_taster
     0C:   000002D9  A$fb_app_taster$608                fb_app_taster
     0C:   000002DB  A$fb_app_taster$609                fb_app_taster
     0C:   000002DD  A$fb_app_taster$612                fb_app_taster
     0C:   000002DD  C$fb_app_taster.c$64$1$1           fb_app_taster
     0C:   000002DF  A$fb_app_taster$613                fb_app_taster
     0C:   000002E1  A$fb_app_taster$614                fb_app_taster
     0C:   000002E2  A$fb_app_taster$615                fb_app_taster
     0C:   000002E5  A$fb_app_taster$618                fb_app_taster
     0C:   000002E5  C$fb_app_taster.c$65$2$1           fb_app_taster
     0C:   000002E7  A$fb_app_taster$620                fb_app_taster
     0C:   000002EA  A$fb_app_taster$622                fb_app_taster
     0C:   000002EC  A$fb_app_taster$625                fb_app_taster
     0C:   000002EC  C$fb_app_taster.c$66$3$5           fb_app_taster
     0C:   000002EE  A$fb_app_taster$626                fb_app_taster
ASxxxx Linker V02.00 + NoICE + sdld,  page 30.
Hexadecimal  [32-Bits]

Area                                    Addr        Size        Decimal Bytes (Attributes)
--------------------------------        ----        ----        ------- ----- ------------
CSEG                                0000007F    000017B8 =        6072. bytes (REL,CON,CODE)

      Value  Global                              Global Defined In Module
      -----  --------------------------------   ------------------------
     0C:   000002F0  A$fb_app_taster$627                fb_app_taster
     0C:   000002F2  A$fb_app_taster$628                fb_app_taster
     0C:   000002F4  A$fb_app_taster$630                fb_app_taster
     0C:   000002F6  A$fb_app_taster$632                fb_app_taster
     0C:   000002F9  A$fb_app_taster$635                fb_app_taster
     0C:   000002F9  C$fb_app_taster.c$67$3$5           fb_app_taster
     0C:   000002FA  A$fb_app_taster$636                fb_app_taster
     0C:   000002FB  A$fb_app_taster$637                fb_app_taster
     0C:   000002FD  A$fb_app_taster$638                fb_app_taster
     0C:   000002FE  A$fb_app_taster$639                fb_app_taster
     0C:   00000300  A$fb_app_taster$640                fb_app_taster
     0C:   00000302  A$fb_app_taster$641                fb_app_taster
     0C:   00000304  A$fb_app_taster$642                fb_app_taster
     0C:   00000306  A$fb_app_taster$643                fb_app_taster
     0C:   00000308  A$fb_app_taster$644                fb_app_taster
     0C:   0000030A  A$fb_app_taster$645                fb_app_taster
     0C:   0000030D  A$fb_app_taster$646                fb_app_taster
     0C:   0000030F  A$fb_app_taster$647                fb_app_taster
     0C:   00000312  A$fb_app_taster$648                fb_app_taster
     0C:   00000314  A$fb_app_taster$649                fb_app_taster
     0C:   00000316  A$fb_app_taster$650                fb_app_taster
     0C:   00000318  A$fb_app_taster$654                fb_app_taster
     0C:   00000318  C$fb_app_taster.c$68$3$5           fb_app_taster
     0C:   00000319  A$fb_app_taster$655                fb_app_taster
     0C:   0000031A  A$fb_app_taster$656                fb_app_taster
     0C:   0000031C  A$fb_app_taster$657                fb_app_taster
     0C:   0000031D  A$fb_app_taster$658                fb_app_taster
     0C:   0000031F  A$fb_app_taster$659                fb_app_taster
     0C:   00000321  A$fb_app_taster$660                fb_app_taster
     0C:   00000323  A$fb_app_taster$661                fb_app_taster
     0C:   00000325  A$fb_app_taster$662                fb_app_taster
     0C:   00000327  A$fb_app_taster$663                fb_app_taster
     0C:   0000032A  A$fb_app_taster$664                fb_app_taster
     0C:   0000032C  A$fb_app_taster$665                fb_app_taster
     0C:   0000032F  A$fb_app_taster$666                fb_app_taster
     0C:   00000331  A$fb_app_taster$667                fb_app_taster
     0C:   00000333  A$fb_app_taster$671                fb_app_taster
     0C:   00000333  C$fb_app_taster.c$65$2$4           fb_app_taster
     0C:   00000334  A$fb_app_taster$672                fb_app_taster
     0C:   00000336  A$fb_app_taster$676                fb_app_taster
     0C:   00000336  C$fb_app_taster.c$70$2$4           fb_app_taster
     0C:   00000338  A$fb_app_taster$680                fb_app_taster
     0C:   00000338  C$fb_app_taster.c$72$2$1           fb_app_taster
     0C:   00000338  XG$port_changed$0$0                fb_app_taster
     0C:   00000339  A$fb_app_taster$697                fb_app_taster
     0C:   00000339  C$fb_app_taster.c$85$2$1           fb_app_taster
     0C:   00000339  G$button_changed$0$0               fb_app_taster
     0C:   00000339  _button_changed                    fb_app_taster
     0C:   0000033B  A$fb_app_taster$698                fb_app_taster
     0C:   0000033E  A$fb_app_taster$699                fb_app_taster
     0C:   00000340  A$fb_app_taster$702                fb_app_taster
ASxxxx Linker V02.00 + NoICE + sdld,  page 31.
Hexadecimal  [32-Bits]

Area                                    Addr        Size        Decimal Bytes (Attributes)
--------------------------------        ----        ----        ------- ----- ------------
CSEG                                0000007F    000017B8 =        6072. bytes (REL,CON,CODE)

      Value  Global                              Global Defined In Module
      -----  --------------------------------   ------------------------
     0C:   00000340  C$fb_app_taster.c$88$1$1           fb_app_taster
     0C:   00000342  A$fb_app_taster$705                fb_app_taster
     0C:   00000342  C$fb_app_taster.c$90$1$1           fb_app_taster
     0C:   00000344  A$fb_app_taster$706                fb_app_taster
     0C:   00000345  A$fb_app_taster$707                fb_app_taster
     0C:   00000346  A$fb_app_taster$708                fb_app_taster
     0C:   00000347  A$fb_app_taster$709                fb_app_taster
     0C:   00000348  A$fb_app_taster$710                fb_app_taster
     0C:   0000034A  A$fb_app_taster$711                fb_app_taster
     0C:   0000034D  A$fb_app_taster$712                fb_app_taster
     0C:   0000034E  A$fb_app_taster$713                fb_app_taster
     0C:   0000034F  A$fb_app_taster$714                fb_app_taster
     0C:   00000351  A$fb_app_taster$715                fb_app_taster
     0C:   00000352  A$fb_app_taster$716                fb_app_taster
     0C:   00000354  A$fb_app_taster$717                fb_app_taster
     0C:   00000355  A$fb_app_taster$718                fb_app_taster
     0C:   00000358  A$fb_app_taster$719                fb_app_taster
     0C:   00000359  A$fb_app_taster$720                fb_app_taster
     0C:   0000035B  A$fb_app_taster$721                fb_app_taster
     0C:   0000035D  A$fb_app_taster$722                fb_app_taster
     0C:   0000035E  A$fb_app_taster$723                fb_app_taster
     0C:   00000360  A$fb_app_taster$725                fb_app_taster
     0C:   00000361  A$fb_app_taster$726                fb_app_taster
     0C:   00000362  A$fb_app_taster$728                fb_app_taster
     0C:   00000365  A$fb_app_taster$729                fb_app_taster
     0C:   00000367  A$fb_app_taster$730                fb_app_taster
     0C:   00000368  A$fb_app_taster$731                fb_app_taster
     0C:   0000036B  A$fb_app_taster$732                fb_app_taster
     0C:   0000036D  A$fb_app_taster$734                fb_app_taster
     0C:   00000370  A$fb_app_taster$735                fb_app_taster
     0C:   00000373  A$fb_app_taster$737                fb_app_taster
     0C:   00000376  A$fb_app_taster$738                fb_app_taster
     0C:   00000379  A$fb_app_taster$740                fb_app_taster
     0C:   0000037C  A$fb_app_taster$746                fb_app_taster
     0C:   0000037C  C$fb_app_taster.c$95$2$2           fb_app_taster
     0C:   0000037C  C$fb_app_taster.c$96$2$2           fb_app_taster
     0C:   0000037F  A$fb_app_taster$747                fb_app_taster
     0C:   00000381  A$fb_app_taster$748                fb_app_taster
     0C:   00000382  A$fb_app_taster$749                fb_app_taster
     0C:   00000383  A$fb_app_taster$750                fb_app_taster
     0C:   00000385  A$fb_app_taster$751                fb_app_taster
     0C:   00000387  A$fb_app_taster$752                fb_app_taster
     0C:   00000389  A$fb_app_taster$753                fb_app_taster
     0C:   0000038C  A$fb_app_taster$754                fb_app_taster
     0C:   0000038D  A$fb_app_taster$755                fb_app_taster
     0C:   0000038E  A$fb_app_taster$756                fb_app_taster
     0C:   0000038F  A$fb_app_taster$757                fb_app_taster
     0C:   00000391  A$fb_app_taster$758                fb_app_taster
     0C:   00000392  A$fb_app_taster$759                fb_app_taster
     0C:   00000395  A$fb_app_taster$760                fb_app_taster
     0C:   00000397  A$fb_app_taster$764                fb_app_taster
ASxxxx Linker V02.00 + NoICE + sdld,  page 32.
Hexadecimal  [32-Bits]

Area                                    Addr        Size        Decimal Bytes (Attributes)
--------------------------------        ----        ----        ------- ----- ------------
CSEG                                0000007F    000017B8 =        6072. bytes (REL,CON,CODE)

      Value  Global                              Global Defined In Module
      -----  --------------------------------   ------------------------
     0C:   00000397  C$fb_app_taster.c$97$2$2           fb_app_taster
     0C:   00000399  A$fb_app_taster$765                fb_app_taster
     0C:   0000039A  A$fb_app_taster$766                fb_app_taster
     0C:   0000039B  A$fb_app_taster$767                fb_app_taster
     0C:   0000039D  A$fb_app_taster$768                fb_app_taster
     0C:   0000039F  A$fb_app_taster$769                fb_app_taster
     0C:   000003A1  A$fb_app_taster$770                fb_app_taster
     0C:   000003A4  A$fb_app_taster$771                fb_app_taster
     0C:   000003A5  A$fb_app_taster$772                fb_app_taster
     0C:   000003A6  A$fb_app_taster$773                fb_app_taster
     0C:   000003A8  A$fb_app_taster$774                fb_app_taster
     0C:   000003A9  A$fb_app_taster$775                fb_app_taster
     0C:   000003AB  A$fb_app_taster$776                fb_app_taster
[...]
     0C:   000016F5  C$fb_lpc922.c$632$1$4              fb_lpc922
     0C:   000016F8  A$fb_lpc922$2846                   fb_lpc922
     0C:   000016F8  C$fb_lpc922.c$637$2$4              fb_lpc922
     0C:   000016F9  A$fb_lpc922$2847                   fb_lpc922
     0C:   000016FB  A$fb_lpc922$2848                   fb_lpc922
     0C:   000016FE  A$fb_lpc922$2852                   fb_lpc922
     0C:   000016FE  C$fb_lpc922.c$642$3$20             fb_lpc922
     0C:   00001700  A$fb_lpc922$2853                   fb_lpc922
     0C:   00001702  A$fb_lpc922$2854                   fb_lpc922
     0C:   00001705  A$fb_lpc922$2855                   fb_lpc922
     0C:   00001707  A$fb_lpc922$2856                   fb_lpc922
     0C:   00001709  A$fb_lpc922$2859                   fb_lpc922
     0C:   00001709  C$fb_lpc922.c$644$3$20             fb_lpc922
     0C:   0000170C  A$fb_lpc922$2860                   fb_lpc922
     0C:   0000170F  A$fb_lpc922$2864                   fb_lpc922
     0C:   0000170F  C$fb_lpc922.c$646$4$21             fb_lpc922
     0C:   00001712  A$fb_lpc922$2865                   fb_lpc922
     0C:   00001713  A$fb_lpc922$2866                   fb_lpc922
     0C:   00001714  A$fb_lpc922$2869                   fb_lpc922
     0C:   00001714  C$fb_lpc922.c$647$4$21             fb_lpc922
     0C:   00001715  A$fb_lpc922$2870                   fb_lpc922
     0C:   00001717  A$fb_lpc922$2871                   fb_lpc922
     0C:   0000171A  A$fb_lpc922$2872                   fb_lpc922
     0C:   0000171B  A$fb_lpc922$2873                   fb_lpc922
ASxxxx Linker V02.00 + NoICE + sdld,  page 97.
Hexadecimal  [32-Bits]

Area                                    Addr        Size        Decimal Bytes (Attributes)
--------------------------------        ----        ----        ------- ----- ------------
CSEG                                0000007F    000017B8 =        6072. bytes (REL,CON,CODE)

      Value  Global                              Global Defined In Module
      -----  --------------------------------   ------------------------
     0C:   0000171C  A$fb_lpc922$2874                   fb_lpc922
     0C:   0000171E  A$fb_lpc922$2875                   fb_lpc922
     0C:   0000171F  A$fb_lpc922$2876                   fb_lpc922
     0C:   00001720  A$fb_lpc922$2879                   fb_lpc922
     0C:   00001721  A$fb_lpc922$2880                   fb_lpc922
     0C:   00001723  A$fb_lpc922$2881                   fb_lpc922
     0C:   00001724  A$fb_lpc922$2882                   fb_lpc922
     0C:   00001726  A$fb_lpc922$2883                   fb_lpc922
     0C:   00001727  A$fb_lpc922$2884                   fb_lpc922
     0C:   00001728  A$fb_lpc922$2885                   fb_lpc922
     0C:   00001729  A$fb_lpc922$2886                   fb_lpc922
     0C:   0000172C  A$fb_lpc922$2887                   fb_lpc922
     0C:   0000172D  A$fb_lpc922$2889                   fb_lpc922
     0C:   0000172E  A$fb_lpc922$2891                   fb_lpc922
     0C:   0000172F  A$fb_lpc922$2892                   fb_lpc922
     0C:   00001730  A$fb_lpc922$2893                   fb_lpc922
     0C:   00001731  A$fb_lpc922$2894                   fb_lpc922
     0C:   00001733  A$fb_lpc922$2895                   fb_lpc922
     0C:   00001736  A$fb_lpc922$2899                   fb_lpc922
     0C:   00001736  C$fb_lpc922.c$655$5$22             fb_lpc922
     0C:   00001738  A$fb_lpc922$2900                   fb_lpc922
     0C:   0000173B  A$fb_lpc922$2901                   fb_lpc922
     0C:   0000173C  A$fb_lpc922$2902                   fb_lpc922
     0C:   0000173D  A$fb_lpc922$2903                   fb_lpc922
     0C:   0000173E  A$fb_lpc922$2904                   fb_lpc922
     0C:   0000173F  A$fb_lpc922$2905                   fb_lpc922
     0C:   00001742  A$fb_lpc922$2908                   fb_lpc922
     0C:   00001742  C$fb_lpc922.c$657$6$23             fb_lpc922
     0C:   00001743  A$fb_lpc922$2909                   fb_lpc922
     0C:   00001744  A$fb_lpc922$2910                   fb_lpc922
     0C:   00001747  A$fb_lpc922$2911                   fb_lpc922
     0C:   00001748  A$fb_lpc922$2914                   fb_lpc922
     0C:   00001748  C$fb_lpc922.c$658$6$23             fb_lpc922
     0C:   00001749  A$fb_lpc922$2915                   fb_lpc922
     0C:   0000174B  A$fb_lpc922$2916                   fb_lpc922
     0C:   0000174D  A$fb_lpc922$2917                   fb_lpc922
     0C:   0000174F  A$fb_lpc922$2918                   fb_lpc922
     0C:   00001751  A$fb_lpc922$2919                   fb_lpc922
     0C:   00001753  A$fb_lpc922$2920                   fb_lpc922
     0C:   00001755  A$fb_lpc922$2921                   fb_lpc922
     0C:   00001758  A$fb_lpc922$2922                   fb_lpc922
     0C:   0000175A  A$fb_lpc922$2923                   fb_lpc922
     0C:   0000175C  A$fb_lpc922$2924                   fb_lpc922
     0C:   0000175E  A$fb_lpc922$2925                   fb_lpc922
     0C:   00001760  A$fb_lpc922$2926                   fb_lpc922
     0C:   00001762  A$fb_lpc922$2927                   fb_lpc922
     0C:   00001764  A$fb_lpc922$2930                   fb_lpc922
     0C:   00001764  C$fb_lpc922.c$661$6$23             fb_lpc922
     0C:   00001765  A$fb_lpc922$2931                   fb_lpc922
     0C:   00001767  A$fb_lpc922$2934                   fb_lpc922
     0C:   00001767  C$fb_lpc922.c$666$1$1              fb_lpc922
ASxxxx Linker V02.00 + NoICE + sdld,  page 98.
Hexadecimal  [32-Bits]

Area                                    Addr        Size        Decimal Bytes (Attributes)
--------------------------------        ----        ----        ------- ----- ------------
CSEG                                0000007F    000017B8 =        6072. bytes (REL,CON,CODE)

      Value  Global                              Global Defined In Module
      -----  --------------------------------   ------------------------
     0C:   00001769  A$fb_lpc922$2935                   fb_lpc922
     0C:   0000176B  A$fb_lpc922$2936                   fb_lpc922
     0C:   0000176C  A$fb_lpc922$2937                   fb_lpc922
     0C:   0000176D  A$fb_lpc922$2938                   fb_lpc922
     0C:   00001770  A$fb_lpc922$2939                   fb_lpc922
     0C:   00001772  A$fb_lpc922$2941                   fb_lpc922
     0C:   00001774  A$fb_lpc922$2942                   fb_lpc922
     0C:   00001776  A$fb_lpc922$2944                   fb_lpc922
     0C:   00001778  A$fb_lpc922$2947                   fb_lpc922
     0C:   00001778  C$fb_lpc922.c$667$7$24             fb_lpc922
     0C:   0000177A  A$fb_lpc922$2948                   fb_lpc922
     0C:   0000177C  A$fb_lpc922$2949                   fb_lpc922
     0C:   0000177E  A$fb_lpc922$2950                   fb_lpc922
     0C:   00001780  A$fb_lpc922$2951                   fb_lpc922
     0C:   00001782  A$fb_lpc922$2952                   fb_lpc922
     0C:   00001784  A$fb_lpc922$2953                   fb_lpc922
     0C:   00001786  A$fb_lpc922$2954                   fb_lpc922
     0C:   00001789  A$fb_lpc922$2955                   fb_lpc922
     0C:   0000178B  A$fb_lpc922$2956                   fb_lpc922
     0C:   0000178D  A$fb_lpc922$2957                   fb_lpc922
     0C:   0000178F  A$fb_lpc922$2958                   fb_lpc922
     0C:   00001791  A$fb_lpc922$2959                   fb_lpc922
     0C:   00001793  A$fb_lpc922$2960                   fb_lpc922
     0C:   00001795  A$fb_lpc922$2964                   fb_lpc922
     0C:   00001795  C$fb_lpc922.c$669$6$23             fb_lpc922
     0C:   00001797  A$fb_lpc922$2965                   fb_lpc922
     0C:   00001798  A$fb_lpc922$2966                   fb_lpc922
     0C:   00001799  A$fb_lpc922$2967                   fb_lpc922
     0C:   0000179B  A$fb_lpc922$2970                   fb_lpc922
     0C:   0000179B  C$fb_lpc922.c$671$7$25             fb_lpc922
     0C:   0000179E  A$fb_lpc922$2971                   fb_lpc922
     0C:   000017A1  A$fb_lpc922$2974                   fb_lpc922
     0C:   000017A1  C$fb_lpc922.c$672$7$25             fb_lpc922
     0C:   000017A3  A$fb_lpc922$2975                   fb_lpc922
     0C:   000017A6  A$fb_lpc922$2978                   fb_lpc922
     0C:   000017A6  C$fb_lpc922.c$673$7$25             fb_lpc922
     0C:   000017A8  A$fb_lpc922$2982                   fb_lpc922
     0C:   000017A8  C$fb_lpc922.c$651$4$21             fb_lpc922
     0C:   000017A9  A$fb_lpc922$2983                   fb_lpc922
     0C:   000017AA  A$fb_lpc922$2984                   fb_lpc922
     0C:   000017AD  A$fb_lpc922$2986                   fb_lpc922
     0C:   000017B0  A$fb_lpc922$2987                   fb_lpc922
     0C:   000017B2  A$fb_lpc922$2990                   fb_lpc922
     0C:   000017B2  C$fb_lpc922.c$680$1$1              fb_lpc922
     0C:   000017B2  XG$process_tel$0$0                 fb_lpc922
     0C:   000017B3  A$fb_lpc922$3004                   fb_lpc922
     0C:   000017B3  C$fb_lpc922.c$713$1$1              fb_lpc922
     0C:   000017B3  C$fb_lpc922.c$715$1$1              fb_lpc922
     0C:   000017B3  G$set_pa$0$0                       fb_lpc922
     0C:   000017B3  _set_pa                            fb_lpc922
     0C:   000017B5  A$fb_lpc922$3005                   fb_lpc922
ASxxxx Linker V02.00 + NoICE + sdld,  page 99.
Hexadecimal  [32-Bits]

Area                                    Addr        Size        Decimal Bytes (Attributes)
--------------------------------        ----        ----        ------- ----- ------------
CSEG                                0000007F    000017B8 =        6072. bytes (REL,CON,CODE)

      Value  Global                              Global Defined In Module
      -----  --------------------------------   ------------------------
     0C:   000017B7  A$fb_lpc922$3008                   fb_lpc922
     0C:   000017B7  C$fb_lpc922.c$716$1$1              fb_lpc922
     0C:   000017B9  A$fb_lpc922$3011                   fb_lpc922
     0C:   000017B9  C$fb_lpc922.c$717$1$1              fb_lpc922
     0C:   000017BC  A$fb_lpc922$3014                   fb_lpc922
     0C:   000017BC  C$fb_lpc922.c$718$1$1              fb_lpc922
     0C:   000017BF  A$fb_lpc922$3017                   fb_lpc922
     0C:   000017BF  C$fb_lpc922.c$719$1$1              fb_lpc922
     0C:   000017C2  A$fb_lpc922$3020                   fb_lpc922
     0C:   000017C2  C$fb_lpc922.c$720$1$1              fb_lpc922
     0C:   000017C5  A$fb_lpc922$3023                   fb_lpc922
     0C:   000017C5  C$fb_lpc922.c$721$1$1              fb_lpc922
     0C:   000017C8  A$fb_lpc922$3026                   fb_lpc922
     0C:   000017C8  C$fb_lpc922.c$722$1$1              fb_lpc922
     0C:   000017CB  A$fb_lpc922$3029                   fb_lpc922
     0C:   000017CB  C$fb_lpc922.c$723$1$1              fb_lpc922
     0C:   000017CD  A$fb_lpc922$3032                   fb_lpc922
     0C:   000017CD  C$fb_lpc922.c$724$1$1              fb_lpc922
     0C:   000017CD  XG$set_pa$0$0                      fb_lpc922
     0C:   000017CE  A$fb_lpc922$3045                   fb_lpc922
     0C:   000017CE  C$fb_lpc922.c$729$1$1              fb_lpc922
     0C:   000017CE  G$read_objflags$0$0                fb_lpc922
     0C:   000017CE  _read_objflags                     fb_lpc922
     0C:   000017D0  A$fb_lpc922$3048                   fb_lpc922
     0C:   000017D0  C$fb_lpc922.c$732$1$1              fb_lpc922
     0C:   000017D3  A$fb_lpc922$3049                   fb_lpc922
     0C:   000017D4  A$fb_lpc922$3050                   fb_lpc922
     0C:   000017D5  A$fb_lpc922$3051                   fb_lpc922
     0C:   000017D6  A$fb_lpc922$3052                   fb_lpc922
     0C:   000017D7  A$fb_lpc922$3053                   fb_lpc922
     0C:   000017D8  A$fb_lpc922$3054                   fb_lpc922
     0C:   000017D9  A$fb_lpc922$3055                   fb_lpc922
     0C:   000017DA  A$fb_lpc922$3056                   fb_lpc922
     0C:   000017DB  A$fb_lpc922$3057                   fb_lpc922
     0C:   000017DC  A$fb_lpc922$3058                   fb_lpc922
     0C:   000017DD  A$fb_lpc922$3059                   fb_lpc922
     0C:   000017E0  A$fb_lpc922$3060                   fb_lpc922
     0C:   000017E1  A$fb_lpc922$3063                   fb_lpc922
     0C:   000017E1  C$fb_lpc922.c$733$1$1              fb_lpc922
     0C:   000017E1  XG$read_objflags$0$0               fb_lpc922
     0C:   000017E3  A$fb_lpc922$3064                   fb_lpc922
     0C:   000017E4  A$fb_lpc922$3077                   fb_lpc922
     0C:   000017E4  C$fb_lpc922.c$771$1$1              fb_lpc922
     0C:   000017E4  C$fb_lpc922.c$773$1$1              fb_lpc922
     0C:   000017E4  G$restart_hw$0$0                   fb_lpc922
     0C:   000017E4  _restart_hw                        fb_lpc922
     0C:   000017E7  A$fb_lpc922$3080                   fb_lpc922
     0C:   000017E7  C$fb_lpc922.c$775$1$1              fb_lpc922
     0C:   000017EA  A$fb_lpc922$3083                   fb_lpc922
     0C:   000017EA  C$fb_lpc922.c$776$1$1              fb_lpc922
     0C:   000017ED  A$fb_lpc922$3086                   fb_lpc922
ASxxxx Linker V02.00 + NoICE + sdld,  page 100.
Hexadecimal  [32-Bits]

Area                                    Addr        Size        Decimal Bytes (Attributes)
--------------------------------        ----        ----        ------- ----- ------------
CSEG                                0000007F    000017B8 =        6072. bytes (REL,CON,CODE)

      Value  Global                              Global Defined In Module
      -----  --------------------------------   ------------------------
     0C:   000017ED  C$fb_lpc922.c$780$1$1              fb_lpc922
     0C:   000017EF  A$fb_lpc922$3089                   fb_lpc922
     0C:   000017EF  C$fb_lpc922.c$782$1$1              fb_lpc922
     0C:   000017F2  A$fb_lpc922$3092                   fb_lpc922
     0C:   000017F2  C$fb_lpc922.c$783$1$1              fb_lpc922
     0C:   000017F5  A$fb_lpc922$3095                   fb_lpc922
     0C:   000017F5  C$fb_lpc922.c$784$1$1              fb_lpc922
     0C:   000017F7  A$fb_lpc922$3098                   fb_lpc922
     0C:   000017F7  C$fb_lpc922.c$785$1$1              fb_lpc922
     0C:   000017F9  A$fb_lpc922$3101                   fb_lpc922
     0C:   000017F9  C$fb_lpc922.c$786$1$1              fb_lpc922
     0C:   000017FC  A$fb_lpc922$3104                   fb_lpc922
     0C:   000017FC  C$fb_lpc922.c$787$1$1              fb_lpc922
     0C:   000017FF  A$fb_lpc922$3107                   fb_lpc922
     0C:   000017FF  C$fb_lpc922.c$788$1$1              fb_lpc922
     0C:   00001801  A$fb_lpc922$3110                   fb_lpc922
     0C:   00001801  C$fb_lpc922.c$795$1$1              fb_lpc922
     0C:   00001803  A$fb_lpc922$3113                   fb_lpc922
     0C:   00001803  C$fb_lpc922.c$796$1$1              fb_lpc922
     0C:   00001806  A$fb_lpc922$3116                   fb_lpc922
     0C:   00001806  C$fb_lpc922.c$797$1$1              fb_lpc922
     0C:   00001809  A$fb_lpc922$3119                   fb_lpc922
     0C:   00001809  C$fb_lpc922.c$804$1$1              fb_lpc922
     0C:   0000180C  A$fb_lpc922$3122                   fb_lpc922
     0C:   0000180C  C$fb_lpc922.c$805$1$1              fb_lpc922
     0C:   0000180F  A$fb_lpc922$3125                   fb_lpc922
     0C:   0000180F  C$fb_lpc922.c$806$1$1              fb_lpc922
     0C:   00001811  A$fb_lpc922$3128                   fb_lpc922
     0C:   00001811  C$fb_lpc922.c$808$1$1              fb_lpc922
     0C:   00001814  A$fb_lpc922$3131                   fb_lpc922
     0C:   00001814  C$fb_lpc922.c$810$1$1              fb_lpc922
     0C:   00001816  A$fb_lpc922$3134                   fb_lpc922
     0C:   00001816  C$fb_lpc922.c$811$1$1              fb_lpc922
     0C:   00001818  A$fb_lpc922$3137                   fb_lpc922
     0C:   00001818  C$fb_lpc922.c$812$1$1              fb_lpc922
     0C:   0000181A  A$fb_lpc922$3140                   fb_lpc922
     0C:   0000181A  C$fb_lpc922.c$813$1$1              fb_lpc922
     0C:   0000181C  A$fb_lpc922$3143                   fb_lpc922
     0C:   0000181C  C$fb_lpc922.c$814$1$1              fb_lpc922
     0C:   0000181E  A$fb_lpc922$3146                   fb_lpc922
     0C:   0000181E  C$fb_lpc922.c$815$1$1              fb_lpc922
     0C:   00001820  A$fb_lpc922$3149                   fb_lpc922
     0C:   00001820  C$fb_lpc922.c$816$1$1              fb_lpc922
     0C:   00001823  A$fb_lpc922$3152                   fb_lpc922
     0C:   00001823  C$fb_lpc922.c$817$1$1              fb_lpc922
     0C:   00001826  A$fb_lpc922$3155                   fb_lpc922
     0C:   00001826  C$fb_lpc922.c$818$1$1              fb_lpc922
     0C:   00001829  A$fb_lpc922$3158                   fb_lpc922
     0C:   00001829  C$fb_lpc922.c$819$1$1              fb_lpc922
     0C:   0000182B  A$fb_lpc922$3161                   fb_lpc922
     0C:   0000182B  C$fb_lpc922.c$820$1$1              fb_lpc922
ASxxxx Linker V02.00 + NoICE + sdld,  page 101.
Hexadecimal  [32-Bits]

Area                                    Addr        Size        Decimal Bytes (Attributes)
--------------------------------        ----        ----        ------- ----- ------------
CSEG                                0000007F    000017B8 =        6072. bytes (REL,CON,CODE)

      Value  Global                              Global Defined In Module
      -----  --------------------------------   ------------------------
     0C:   0000182D  A$fb_lpc922$3164                   fb_lpc922
     0C:   0000182D  C$fb_lpc922.c$821$1$1              fb_lpc922
     0C:   0000182F  A$fb_lpc922$3167                   fb_lpc922
     0C:   0000182F  C$fb_lpc922.c$822$1$1              fb_lpc922
     0C:   00001832  A$fb_lpc922$3170                   fb_lpc922
     0C:   00001832  C$fb_lpc922.c$823$1$1              fb_lpc922
     0C:   00001832  XG$restart_hw$0$0                  fb_lpc922
     0C:   00001833  __sdcc_external_startup            _startup

ASxxxx Linker V02.00 + NoICE + sdld,  page 102.
Hexadecimal  [32-Bits]

Area                                    Addr        Size        Decimal Bytes (Attributes)
--------------------------------        ----        ----        ------- ----- ------------
CONST                               00001837    00000008 =           8. bytes (REL,CON,CODE)

      Value  Global                              Global Defined In Module
      -----  --------------------------------   ------------------------
     0C:   00001837  G$tele_repeat_value$0$0            fb_app_taster
     0C:   00001837  _tele_repeat_value                 fb_app_taster

ASxxxx Linker V02.00 + NoICE + sdld,  page 103.

Files Linked                              [ module(s) ]

fb_taster.rel                             [  ]
fb_app_taster.rel                         [  ]


Libraries Linked                          [ object file ]

/home/stefan/_selfbus_/software/lib_lpc922/Release/fb_lpc922.lib
                                          [ fb_lpc922 ]
/usr/bin/../share/sdcc/lib/small-stack-auto/mcs51.lib
                                          [ crtclear.rel ]
/usr/bin/../share/sdcc/lib/small-stack-auto/mcs51.lib
                                          [ crtxinit.rel ]
/usr/bin/../share/sdcc/lib/small-stack-auto/mcs51.lib
                                          [ crtxclear.rel ]
/usr/bin/../share/sdcc/lib/small-stack-auto/libsdcc.lib
                                          [ _bp.rel ]
/usr/bin/../share/sdcc/lib/small-stack-auto/mcs51.lib
                                          [ crtpagesfr.rel ]
/usr/bin/../share/sdcc/lib/small-stack-auto/mcs51.lib
                                          [ crtstart.rel ]
/usr/bin/../share/sdcc/lib/small-stack-auto/libsdcc.lib
                                          [ _startup.rel ]

ASxxxx Linker V02.00 + NoICE + sdld,  page 104.

User Base Address Definitions

HOME = 0x0000
ISEG = 0x0000
BSEG = 0x0000

