ASxxxx Linker V02.00 + NoICE + sdld,  page 1.
Hexadecimal  [32-Bits]

Area                                    Addr        Size        Decimal Bytes (Attributes)
--------------------------------        ----        ----        ------- ----- ------------
CABS4                               00000000    00000001 =           1. bytes (ABS,CON,CODE)

      Value  Global                              Global Defined In Module
      -----  --------------------------------   ------------------------
     0C:   00000000  l_CABS                          
     0C:   00000000  l_GSINIT1                       
     0C:   00000000  l_GSINIT5                       
     0C:   00000000  l_IABS                          
     0C:   00000000  l_ISEG                          
     0C:   00000000  l_OSEG                          
     0C:   00000000  l_PSEG                          
     0C:   00000000  l_REG_BANK_1                    
     0C:   00000000  l_REG_BANK_2                    
     0C:   00000000  l_REG_BANK_3                    
     0C:   00000000  l_RSEG                          
     0C:   00000000  l_RSEG0                         
     0C:   00000000  l_RSEG1                         
     0C:   00000000  l_XABS                          
     0C:   00000000  l_XINIT                         
     0C:   00000000  l_XISEG                         
     0C:   00000000  l_XSEG                          
     0C:   00000000  l__CODE                         
     0C:   00000000  s_BSEG                          
     0C:   00000000  s_CABS                          
     0C:   00000000  s_CABS2                         
     0C:   00000000  s_CABS3                         
     0C:   00000000  s_CABS4                         
     0C:   00000000  s_DSEG                          
     0C:   00000000  s_HOME                          
     0C:   00000000  s_IABS                          
     0C:   00000000  s_ISEG                          
     0C:   00000000  s_PSEG                          
     0C:   00000000  s_REG_BANK_0                    
     0C:   00000000  s_RSEG                          
     0C:   00000000  s_RSEG0                         
     0C:   00000000  s_RSEG1                         
     0C:   00000000  s_XABS                          
     0C:   00000000  s_XISEG                         
     0C:   00000000  s_XSEG                          
     0C:   00000001  l_BIT_BANK                      
     0C:   00000001  l_CABS3                         
     0C:   00000001  l_CABS4                         
     0C:   00000002  l_CABS2                         
     0C:   00000003  l_BSEG_BYTES                    
     0C:   00000003  l_GSFINAL                       
     0C:   00000003  l_GSINIT0                       
     0C:   00000006  l_GSINIT                        
     0C:   00000008  l_CONST                         
     0C:   00000008  l_REG_BANK_0                    
     0C:   00000008  s_REG_BANK_1                    
     0C:   0000000A  l_GSINIT2                       
     0C:   00000010  s_REG_BANK_2                    
     0C:   00000013  l_BSEG                          
     0C:   00000018  s_REG_BANK_3                    
ASxxxx Linker V02.00 + NoICE + sdld,  page 2.
Hexadecimal  [32-Bits]

Area                                    Addr        Size        Decimal Bytes (Attributes)
--------------------------------        ----        ----        ------- ----- ------------
CABS4                               00000000    00000001 =           1. bytes (ABS,CON,CODE)

      Value  Global                              Global Defined In Module
      -----  --------------------------------   ------------------------
     0C:   00000020  s_BSEG_BYTES                    
     0C:   00000020  s_OSEG                          
     0C:   00000020  s__CODE                         
     0C:   00000022  l_GSINIT3                       
     0C:   00000023  l_HOME                          
     0C:   00000023  s_BIT_BANK                      
     0C:   00000023  s_GSINIT0                       
     0C:   00000026  s_GSINIT1                       
     0C:   00000026  s_GSINIT2                       
     0C:   0000002A  l_GSINIT4                       
     0C:   00000030  s_GSINIT3                       
     0C:   00000052  s_GSINIT4                       
     0C:   00000068  l_DSEG                          
     0C:   0000007C  s_GSINIT                        
     0C:   0000007C  s_GSINIT5                       
     0C:   0000007D  s_SSEG                          
     0C:   00000082  s_GSFINAL                       
     0C:   00000083  l_SSEG                          
     0C:   00000085  s_CSEG                          
     0C:   00000100  l_IRAM                          
     0C:   00001C25  l_CSEG                          
     0C:   00001CAA  s_CONST                         
     0C:   00001CB2  s_XINIT                         
     0C:   00001D0D  Ffb_in8$run_state$0$0              fb_in8

ASxxxx Linker V02.00 + NoICE + sdld,  page 3.
Hexadecimal  [32-Bits]

Area                                    Addr        Size        Decimal Bytes (Attributes)
--------------------------------        ----        ----        ------- ----- ------------
CABS3                               00000000    00000001 =           1. bytes (ABS,CON,CODE)

      Value  Global                              Global Defined In Module
      -----  --------------------------------   ------------------------
     0C:   00001D0C  Ffb_in8$port_A_direction$0$0       fb_in8

ASxxxx Linker V02.00 + NoICE + sdld,  page 4.
Hexadecimal  [32-Bits]

Area                                    Addr        Size        Decimal Bytes (Attributes)
--------------------------------        ----        ----        ------- ----- ------------
CABS2                               00000000    00000002 =           2. bytes (ABS,CON,CODE)

      Value  Global                              Global Defined In Module
      -----  --------------------------------   ------------------------
     0C:   00001D03  Ffb_in8$manufacturer$0$0           fb_in8

ASxxxx Linker V02.00 + NoICE + sdld,  page 5.
Hexadecimal  [32-Bits]

Area                                    Addr        Size        Decimal Bytes (Attributes)
--------------------------------        ----        ----        ------- ----- ------------
.	.ABS.                             00000000    00000000 =           0. bytes (ABS,CON)

      Value  Global                              Global Defined In Module
      -----  --------------------------------   ------------------------
           00000000  .__.ABS.                           _startup
           00000000  G$RAM$0$0                          fb_lpc922
           00000000  _RAM                               fb_lpc922
           00000008  G$objectvalue_l$0$0                fb_app_in8
           00000008  _objectvalue_l                     fb_app_in8
           00000010  G$objectvalue_h$0$0                fb_app_in8
           00000010  _objectvalue_h                     fb_app_in8
           00000018  G$Sperre$0$0                       fb_app_in8
           00000018  _Sperre                            fb_app_in8
           00000019  G$zaehlervalue$0$0                 fb_app_in8
           00000019  _zaehlervalue                      fb_app_in8
           0000001E  G$schrittzaehler$0$0               fb_app_in8
           0000001E  _schrittzaehler                    fb_app_in8
           00000080  G$P0$0$0                           fb_lpc922
           00000080  G$P0_0$0$0                         fb_lpc922
           00000080  _P0                                fb_lpc922
           00000080  _P0_0                              fb_lpc922
           00000081  G$P0_1$0$0                         fb_lpc922
           00000081  G$SP$0$0                           fb_lpc922
           00000081  _P0_1                              fb_lpc922
           00000081  _SP                                fb_lpc922
           00000082  G$DPL$0$0                          fb_lpc922
           00000082  G$P0_2$0$0                         fb_lpc922
           00000082  _DPL                               fb_lpc922
           00000082  _P0_2                              fb_lpc922
           00000083  G$DPH$0$0                          fb_lpc922
           00000083  G$P0_3$0$0                         fb_lpc922
           00000083  _DPH                               fb_lpc922
           00000083  _P0_3                              fb_lpc922
           00000084  G$P0M1$0$0                         fb_lpc922
           00000084  G$P0_4$0$0                         fb_lpc922
           00000084  _P0M1                              fb_lpc922
           00000084  _P0_4                              fb_lpc922
           00000085  G$P0M2$0$0                         fb_lpc922
           00000085  G$P0_5$0$0                         fb_lpc922
           00000085  _P0M2                              fb_lpc922
           00000085  _P0_5                              fb_lpc922
           00000086  G$KBMASK$0$0                       fb_lpc922
           00000086  G$P0_6$0$0                         fb_lpc922
           00000086  _KBMASK                            fb_lpc922
           00000086  _P0_6                              fb_lpc922
           00000087  G$P0_7$0$0                         fb_lpc922
           00000087  G$PCON$0$0                         fb_lpc922
           00000087  _P0_7                              fb_lpc922
           00000087  _PCON                              fb_lpc922
           00000088  G$TCON$0$0                         fb_lpc922
           00000088  G$TCON_0$0$0                       fb_lpc922
           00000088  _TCON                              fb_lpc922
           00000088  _TCON_0                            fb_lpc922
           00000089  G$TCON_1$0$0                       fb_lpc922
ASxxxx Linker V02.00 + NoICE + sdld,  page 6.
Hexadecimal  [32-Bits]

Area                                    Addr        Size        Decimal Bytes (Attributes)
--------------------------------        ----        ----        ------- ----- ------------
.	.ABS.                             00000000    00000000 =           0. bytes (ABS,CON)

      Value  Global                              Global Defined In Module
      -----  --------------------------------   ------------------------
           00000089  G$TMOD$0$0                         fb_lpc922
           00000089  _TCON_1                            fb_lpc922
           00000089  _TMOD                              fb_lpc922
           0000008A  G$TCON_2$0$0                       fb_lpc922
           0000008A  G$TL0$0$0                          fb_lpc922
           0000008A  _TCON_2                            fb_lpc922
           0000008A  _TL0                               fb_lpc922
           0000008B  G$TCON_3$0$0                       fb_lpc922
           0000008B  G$TL1$0$0                          fb_lpc922
           0000008B  _TCON_3                            fb_lpc922
           0000008B  _TL1                               fb_lpc922
           0000008C  G$TCON_4$0$0                       fb_lpc922
           0000008C  G$TH0$0$0                          fb_lpc922
           0000008C  _TCON_4                            fb_lpc922
           0000008C  _TH0                               fb_lpc922
           0000008D  G$TCON_5$0$0                       fb_lpc922
           0000008D  G$TH1$0$0                          fb_lpc922
           0000008D  _TCON_5                            fb_lpc922
           0000008D  _TH1                               fb_lpc922
           0000008E  G$TCON_6$0$0                       fb_lpc922
           0000008E  _TCON_6                            fb_lpc922
           0000008F  G$TAMOD$0$0                        fb_lpc922
           0000008F  G$TCON_7$0$0                       fb_lpc922
           0000008F  _TAMOD                             fb_lpc922
           0000008F  _TCON_7                            fb_lpc922
           00000090  G$P1$0$0                           fb_lpc922
           00000090  G$P1_0$0$0                         fb_lpc922
           00000090  _P1                                fb_lpc922
           00000090  _P1_0                              fb_lpc922
           00000091  G$P1M1$0$0                         fb_lpc922
           00000091  G$P1_1$0$0                         fb_lpc922
           00000091  _P1M1                              fb_lpc922
           00000091  _P1_1                              fb_lpc922
           00000092  G$P1M2$0$0                         fb_lpc922
           00000092  G$P1_2$0$0                         fb_lpc922
           00000092  _P1M2                              fb_lpc922
           00000092  _P1_2                              fb_lpc922
           00000093  G$KBPATN$0$0                       fb_lpc922
           00000093  G$P1_3$0$0                         fb_lpc922
           00000093  _KBPATN                            fb_lpc922
           00000093  _P1_3                              fb_lpc922
           00000094  G$KBCON$0$0                        fb_lpc922
           00000094  G$P1_4$0$0                         fb_lpc922
           00000094  _KBCON                             fb_lpc922
           00000094  _P1_4                              fb_lpc922
           00000095  G$DIVM$0$0                         fb_lpc922
           00000095  G$P1_5$0$0                         fb_lpc922
           00000095  _DIVM                              fb_lpc922
           00000095  _P1_5                              fb_lpc922
           00000096  G$P1_6$0$0                         fb_lpc922
           00000096  G$TRIM$0$0                         fb_lpc922
ASxxxx Linker V02.00 + NoICE + sdld,  page 7.
Hexadecimal  [32-Bits]

Area                                    Addr        Size        Decimal Bytes (Attributes)
--------------------------------        ----        ----        ------- ----- ------------
.	.ABS.                             00000000    00000000 =           0. bytes (ABS,CON)

      Value  Global                              Global Defined In Module
      -----  --------------------------------   ------------------------
           00000096  _P1_6                              fb_lpc922
           00000096  _TRIM                              fb_lpc922
           00000097  G$P1_7$0$0                         fb_lpc922
           00000097  _P1_7                              fb_lpc922
           00000098  G$SCON$0$0                         fb_lpc922
           00000098  G$SCON_0$0$0                       fb_lpc922
           00000098  _SCON                              fb_lpc922
           00000098  _SCON_0                            fb_lpc922
           00000099  G$SBUF$0$0                         fb_lpc922
           00000099  G$SCON_1$0$0                       fb_lpc922
           00000099  _SBUF                              fb_lpc922
           00000099  _SCON_1                            fb_lpc922
           0000009A  G$SCON_2$0$0                       fb_lpc922
           0000009A  _SCON_2                            fb_lpc922
           0000009B  G$SCON_3$0$0                       fb_lpc922
           0000009B  _SCON_3                            fb_lpc922
           0000009C  G$SCON_4$0$0                       fb_lpc922
           0000009C  _SCON_4                            fb_lpc922
           0000009D  G$SCON_5$0$0                       fb_lpc922
           0000009D  _SCON_5                            fb_lpc922
           0000009E  G$SCON_6$0$0                       fb_lpc922
           0000009E  _SCON_6                            fb_lpc922
           0000009F  G$SCON_7$0$0                       fb_lpc922
           0000009F  _SCON_7                            fb_lpc922
           000000A0  __XPAGE                            
           000000A2  G$AUXR1$0$0                        fb_lpc922
           000000A2  _AUXR1                             fb_lpc922
           000000A7  G$WDCON$0$0                        fb_lpc922
           000000A7  _WDCON                             fb_lpc922
           000000A8  G$IEN0$0$0                         fb_lpc922
           000000A8  G$IEN0_0$0$0                       fb_lpc922
           000000A8  _IEN0                              fb_lpc922
           000000A8  _IEN0_0                            fb_lpc922
           000000A9  G$IEN0_1$0$0                       fb_lpc922
           000000A9  G$SADDR$0$0                        fb_lpc922
           000000A9  _IEN0_1                            fb_lpc922
           000000A9  _SADDR                             fb_lpc922
           000000AA  G$IEN0_2$0$0                       fb_lpc922
           000000AA  _IEN0_2                            fb_lpc922
           000000AB  G$IEN0_3$0$0                       fb_lpc922
           000000AB  _IEN0_3                            fb_lpc922
           000000AC  G$CMP1$0$0                         fb_lpc922
           000000AC  G$IEN0_4$0$0                       fb_lpc922
           000000AC  _CMP1                              fb_lpc922
           000000AC  _IEN0_4                            fb_lpc922
           000000AD  G$CMP2$0$0                         fb_lpc922
           000000AD  G$IEN0_5$0$0                       fb_lpc922
           000000AD  _CMP2                              fb_lpc922
           000000AD  _IEN0_5                            fb_lpc922
           000000AE  G$IEN0_6$0$0                       fb_lpc922
           000000AE  _IEN0_6                            fb_lpc922
ASxxxx Linker V02.00 + NoICE + sdld,  page 8.
Hexadecimal  [32-Bits]

Area                                    Addr        Size        Decimal Bytes (Attributes)
--------------------------------        ----        ----        ------- ----- ------------
.	.ABS.                             00000000    00000000 =           0. bytes (ABS,CON)

      Value  Global                              Global Defined In Module
      -----  --------------------------------   ------------------------
           000000AF  G$IEN0_7$0$0                       fb_lpc922
           000000AF  _IEN0_7                            fb_lpc922
           000000B0  G$P3$0$0                           fb_lpc922
           000000B0  G$P3_0$0$0                         fb_lpc922
           000000B0  _P3                                fb_lpc922
           000000B0  _P3_0                              fb_lpc922
           000000B1  G$P3M1$0$0                         fb_lpc922
           000000B1  G$P3_1$0$0                         fb_lpc922
           000000B1  _P3M1                              fb_lpc922
           000000B1  _P3_1                              fb_lpc922
           000000B2  G$P3M2$0$0                         fb_lpc922
           000000B2  _P3M2                              fb_lpc922
           000000B5  G$PCONA$0$0                        fb_lpc922
           000000B5  _PCONA                             fb_lpc922
           000000B7  G$IP0H$0$0                         fb_lpc922
           000000B7  _IP0H                              fb_lpc922
           000000B8  G$IP0$0$0                          fb_lpc922
           000000B8  G$IP0_0$0$0                        fb_lpc922
           000000B8  _IP0                               fb_lpc922
           000000B8  _IP0_0                             fb_lpc922
           000000B9  G$IP0_1$0$0                        fb_lpc922
           000000B9  G$SADEN$0$0                        fb_lpc922
           000000B9  _IP0_1                             fb_lpc922
           000000B9  _SADEN                             fb_lpc922
           000000BA  G$IP0_2$0$0                        fb_lpc922
           000000BA  G$SSTAT$0$0                        fb_lpc922
           000000BA  _IP0_2                             fb_lpc922
           000000BA  _SSTAT                             fb_lpc922
           000000BB  G$IP0_3$0$0                        fb_lpc922
           000000BB  _IP0_3                             fb_lpc922
           000000BC  G$IP0_4$0$0                        fb_lpc922
           000000BC  _IP0_4                             fb_lpc922
           000000BD  G$BRGCON$0$0                       fb_lpc922
           000000BD  G$IP0_5$0$0                        fb_lpc922
           000000BD  _BRGCON                            fb_lpc922
           000000BD  _IP0_5                             fb_lpc922
           000000BE  G$BRGR0$0$0                        fb_lpc922
           000000BE  G$IP0_6$0$0                        fb_lpc922
           000000BE  _BRGR0                             fb_lpc922
           000000BE  _IP0_6                             fb_lpc922
           000000BF  G$BRGR1$0$0                        fb_lpc922
           000000BF  _BRGR1                             fb_lpc922
           000000C1  G$WDL$0$0                          fb_lpc922
           000000C1  _WDL                               fb_lpc922
           000000C2  G$WFEED1$0$0                       fb_lpc922
           000000C2  _WFEED1                            fb_lpc922
           000000C3  G$WFEED2$0$0                       fb_lpc922
           000000C3  _WFEED2                            fb_lpc922
           000000D0  G$PSW$0$0                          fb_lpc922
           000000D0  G$PSW_0$0$0                        fb_lpc922
           000000D0  _PSW                               fb_lpc922
ASxxxx Linker V02.00 + NoICE + sdld,  page 9.
Hexadecimal  [32-Bits]

Area                                    Addr        Size        Decimal Bytes (Attributes)
--------------------------------        ----        ----        ------- ----- ------------
.	.ABS.                             00000000    00000000 =           0. bytes (ABS,CON)

      Value  Global                              Global Defined In Module
      -----  --------------------------------   ------------------------
           000000D0  _PSW_0                             fb_lpc922
           000000D1  G$PSW_1$0$0                        fb_lpc922
           000000D1  G$RTCCON$0$0                       fb_lpc922
           000000D1  _PSW_1                             fb_lpc922
           000000D1  _RTCCON                            fb_lpc922
           000000D2  G$PSW_2$0$0                        fb_lpc922
           000000D2  G$RTCH$0$0                         fb_lpc922
           000000D2  _PSW_2                             fb_lpc922
           000000D2  _RTCH                              fb_lpc922
           000000D3  G$PSW_3$0$0                        fb_lpc922
           000000D3  G$RTCL$0$0                         fb_lpc922
           000000D3  _PSW_3                             fb_lpc922
           000000D3  _RTCL                              fb_lpc922
           000000D4  G$PSW_4$0$0                        fb_lpc922
           000000D4  _PSW_4                             fb_lpc922
           000000D5  G$PSW_5$0$0                        fb_lpc922
           000000D5  _PSW_5                             fb_lpc922
           000000D6  G$PSW_6$0$0                        fb_lpc922
           000000D6  _PSW_6                             fb_lpc922
           000000D7  G$PSW_7$0$0                        fb_lpc922
           000000D7  _PSW_7                             fb_lpc922
           000000D8  G$I2CON$0$0                        fb_lpc922
           000000D8  G$I2CON_0$0$0                      fb_lpc922
           000000D8  _I2CON                             fb_lpc922
           000000D8  _I2CON_0                           fb_lpc922
           000000D9  G$I2STAT$0$0                       fb_lpc922
           000000D9  _I2STAT                            fb_lpc922
           000000DA  G$I2CON_2$0$0                      fb_lpc922
           000000DA  G$I2DAT$0$0                        fb_lpc922
           000000DA  _I2CON_2                           fb_lpc922
           000000DA  _I2DAT                             fb_lpc922
           000000DB  G$I2ADR$0$0                        fb_lpc922
           000000DB  G$I2CON_3$0$0                      fb_lpc922
           000000DB  _I2ADR                             fb_lpc922
           000000DB  _I2CON_3                           fb_lpc922
           000000DC  G$I2CON_4$0$0                      fb_lpc922
           000000DC  G$I2SCLL$0$0                       fb_lpc922
           000000DC  _I2CON_4                           fb_lpc922
           000000DC  _I2SCLL                            fb_lpc922
           000000DD  G$I2CON_5$0$0                      fb_lpc922
           000000DD  G$I2SCLH$0$0                       fb_lpc922
           000000DD  _I2CON_5                           fb_lpc922
           000000DD  _I2SCLH                            fb_lpc922
           000000DE  G$I2CON_6$0$0                      fb_lpc922
           000000DE  _I2CON_6                           fb_lpc922
           000000DF  G$RSTSRC$0$0                       fb_lpc922
           000000DF  _RSTSRC                            fb_lpc922
           000000E0  G$ACC$0$0                          fb_lpc922
           000000E0  _ACC                               fb_lpc922
           000000E4  G$FMCON$0$0                        fb_lpc922
           000000E4  _FMCON                             fb_lpc922
ASxxxx Linker V02.00 + NoICE + sdld,  page 10.
Hexadecimal  [32-Bits]

Area                                    Addr        Size        Decimal Bytes (Attributes)
--------------------------------        ----        ----        ------- ----- ------------
.	.ABS.                             00000000    00000000 =           0. bytes (ABS,CON)

      Value  Global                              Global Defined In Module
      -----  --------------------------------   ------------------------
           000000E5  G$FMDATA$0$0                       fb_lpc922
           000000E5  _FMDATA                            fb_lpc922
           000000E6  G$FMADRL$0$0                       fb_lpc922
           000000E6  _FMADRL                            fb_lpc922
           000000E7  G$FMADRH$0$0                       fb_lpc922
           000000E7  _FMADRH                            fb_lpc922
           000000E8  G$IEN1$0$0                         fb_lpc922
           000000E8  G$IEN1_0$0$0                       fb_lpc922
           000000E8  _IEN1                              fb_lpc922
           000000E8  _IEN1_0                            fb_lpc922
           000000E9  G$IEN1_1$0$0                       fb_lpc922
           000000E9  _IEN1_1                            fb_lpc922
           000000EA  G$IEN1_2$0$0                       fb_lpc922
           000000EA  _IEN1_2                            fb_lpc922
           000000F0  G$B$0$0                            fb_lpc922
           000000F0  _B                                 fb_lpc922
           000000F6  G$PT0AD$0$0                        fb_lpc922
           000000F6  _PT0AD                             fb_lpc922
           000000F7  G$IP1H$0$0                         fb_lpc922
           000000F7  _IP1H                              fb_lpc922
           000000F8  G$IP1$0$0                          fb_lpc922
           000000F8  G$IP1_0$0$0                        fb_lpc922
           000000F8  _IP1                               fb_lpc922
           000000F8  _IP1_0                             fb_lpc922
           000000F9  G$IP1_1$0$0                        fb_lpc922
           000000F9  _IP1_1                             fb_lpc922
           000000FA  G$IP1_2$0$0                        fb_lpc922
           000000FA  _IP1_2                             fb_lpc922
           000000FE  G$IP1_6$0$0                        fb_lpc922
           000000FE  _IP1_6                             fb_lpc922
           00001CFF  Lfb_in8.main$trimsave$1$1          fb_in8
           00001D00  G$eeprom$0$0                       fb_lpc922
           00001D00  _eeprom                            fb_lpc922

ASxxxx Linker V02.00 + NoICE + sdld,  page 11.
Hexadecimal  [32-Bits]

Area                                    Addr        Size        Decimal Bytes (Attributes)
--------------------------------        ----        ----        ------- ----- ------------
BSEG_BYTES                          00000020    00000003 =           3. bytes (REL,CON)

      Value  Global                              Global Defined In Module
      -----  --------------------------------   ------------------------
ASxxxx Linker V02.00 + NoICE + sdld,  page 12.
Hexadecimal  [32-Bits]

Area                                    Addr        Size        Decimal Bytes (Attributes)
--------------------------------        ----        ----        ------- ----- ------------
REG_BANK_0                          00000000    00000008 =           8. bytes (REL,OVR)

      Value  Global                              Global Defined In Module
      -----  --------------------------------   ------------------------
ASxxxx Linker V02.00 + NoICE + sdld,  page 13.
Hexadecimal  [32-Bits]

Area                                    Addr        Size        Decimal Bytes (Attributes)
--------------------------------        ----        ----        ------- ----- ------------
BSEG                                00000000    00000013 =          19. bytes (REL,CON,BIT)

      Value  Global                              Global Defined In Module
      -----  --------------------------------   ------------------------
     0B:   00000000  G$objval$0$0                       fb_app_in8
     0B:   00000000  _objval                            fb_app_in8
     0B:   00000001  G$jobj$0$0                         fb_app_in8
     0B:   00000001  _jobj                              fb_app_in8
     0B:   00000002  G$st_Flanke$0$0                    fb_app_in8
     0B:   00000002  _st_Flanke                         fb_app_in8
     0B:   00000003  G$parity_ok$0$0                    fb_lpc922
     0B:   00000003  _parity_ok                         fb_lpc922
     0B:   00000004  G$interrupted$0$0                  fb_lpc922
     0B:   00000004  _interrupted                       fb_lpc922
     0B:   00000005  G$fb_parity$0$0                    fb_lpc922
     0B:   00000005  _fb_parity                         fb_lpc922
     0B:   00000006  G$ack$0$0                          fb_lpc922
     0B:   00000006  _ack                               fb_lpc922
     0B:   00000007  G$nack$0$0                         fb_lpc922
     0B:   00000007  _nack                              fb_lpc922
     0B:   00000008  G$its_me$0$0                       fb_lpc922
     0B:   00000008  _its_me                            fb_lpc922
     0B:   00000009  G$tel_arrived$0$0                  fb_lpc922
     0B:   00000009  _tel_arrived                       fb_lpc922
     0B:   0000000A  G$tel_sent$0$0                     fb_lpc922
     0B:   0000000A  _tel_sent                          fb_lpc922
     0B:   0000000B  G$auto_ack$0$0                     fb_lpc922
     0B:   0000000B  _auto_ack                          fb_lpc922
     0B:   0000000C  G$fbtx_bit$0$0                     fb_lpc922
     0B:   0000000C  _fbtx_bit                          fb_lpc922
     0B:   0000000D  G$wait_for_ack$0$0                 fb_lpc922
     0B:   0000000D  _wait_for_ack                      fb_lpc922
     0B:   0000000E  G$send_ack$0$0                     fb_lpc922
     0B:   0000000E  _send_ack                          fb_lpc922
     0B:   0000000F  G$send_nack$0$0                    fb_lpc922
     0B:   0000000F  _send_nack                         fb_lpc922
     0B:   00000010  G$transparency$0$0                 fb_lpc922
     0B:   00000010  _transparency                      fb_lpc922
     0B:   00000011  G$connected$0$0                    fb_lpc922
     0B:   00000011  _connected                         fb_lpc922
     0B:   00000012  G$inc_pcount$0$0                   fb_lpc922
     0B:   00000012  _inc_pcount                        fb_lpc922

ASxxxx Linker V02.00 + NoICE + sdld,  page 14.
Hexadecimal  [32-Bits]

Area                                    Addr        Size        Decimal Bytes (Attributes)
--------------------------------        ----        ----        ------- ----- ------------
BIT_BANK                            00000023    00000001 =           1. bytes (REL,OVR)

      Value  Global                              Global Defined In Module
      -----  --------------------------------   ------------------------
ASxxxx Linker V02.00 + NoICE + sdld,  page 15.
Hexadecimal  [32-Bits]

Area                                    Addr        Size        Decimal Bytes (Attributes)
--------------------------------        ----        ----        ------- ----- ------------
DSEG                                00000000    00000068 =         104. bytes (REL,CON)

      Value  Global                              Global Defined In Module
      -----  --------------------------------   ------------------------
           00000024  G$portbuffer$0$0                   fb_app_in8
           00000024  _portbuffer                        fb_app_in8
           00000025  G$p0h$0$0                          fb_app_in8
           00000025  _p0h                               fb_app_in8
           00000026  G$objstate$0$0                     fb_app_in8
           00000026  _objstate                          fb_app_in8
           00000028  G$blocked$0$0                      fb_app_in8
           00000028  _blocked                           fb_app_in8
           00000029  G$timer_base$0$0                   fb_app_in8
           00000029  _timer_base                        fb_app_in8
           0000002A  G$timer_state$0$0                  fb_app_in8
           0000002A  _timer_state                       fb_app_in8
           0000002B  G$timer$0$0                        fb_app_in8
           0000002B  _timer                             fb_app_in8
           0000002D  G$timerbase$0$0                    fb_app_in8
           0000002D  _timerbase                         fb_app_in8
           00000036  G$timercnt$0$0                     fb_app_in8
           00000036  _timercnt                          fb_app_in8
           0000003F  G$timerstate$0$0                   fb_app_in8
           0000003F  _timerstate                        fb_app_in8
           00000048  G$pinnoX4$0$0                      fb_app_in8
           00000048  _pinnoX4                           fb_app_in8
           00000049  G$para_adr$0$0                     fb_app_in8
           00000049  _para_adr                          fb_app_in8
           0000004A  G$pinno$0$0                        fb_app_in8
           0000004A  _pinno                             fb_app_in8
           0000004B  G$para_value$0$0                   fb_app_in8
           0000004B  _para_value                        fb_app_in8
           0000004C  G$conh$0$0                         fb_lpc922
           0000004C  _conh                              fb_lpc922
           0000004D  G$conl$0$0                         fb_lpc922
           0000004D  _conl                              fb_lpc922
           0000004E  G$pcount$0$0                       fb_lpc922
           0000004E  _pcount                            fb_lpc922
           0000004F  G$mem_length$0$0                   fb_lpc922
           0000004F  _mem_length                        fb_lpc922
           00000050  G$mem_adrh$0$0                     fb_lpc922
           00000050  _mem_adrh                          fb_lpc922
           00000051  G$mem_adrl$0$0                     fb_lpc922
           00000051  _mem_adrl                          fb_lpc922
           00000052  G$senders_pcount$0$0               fb_lpc922
           00000052  _senders_pcount                    fb_lpc922
           00000053  G$telegramm$0$0                    fb_lpc922
           00000053  _telegramm                         fb_lpc922
           0000006A  G$tx_buffer$0$0                    fb_lpc922
           0000006A  _tx_buffer                         fb_lpc922
           00000072  G$telpos$0$0                       fb_lpc922
           00000072  _telpos                            fb_lpc922
           00000073  G$cs$0$0                           fb_lpc922
           00000073  _cs                                fb_lpc922
ASxxxx Linker V02.00 + NoICE + sdld,  page 16.
Hexadecimal  [32-Bits]

Area                                    Addr        Size        Decimal Bytes (Attributes)
--------------------------------        ----        ----        ------- ----- ------------
DSEG                                00000000    00000068 =         104. bytes (REL,CON)

      Value  Global                              Global Defined In Module
      -----  --------------------------------   ------------------------
           00000074  G$fbrx_byte$0$0                    fb_lpc922
           00000074  _fbrx_byte                         fb_lpc922
           00000075  G$fb_pattern$0$0                   fb_lpc922
           00000075  _fb_pattern                        fb_lpc922
           00000076  G$fb_state$0$0                     fb_lpc922
           00000076  _fb_state                          fb_lpc922
           00000077  G$repeat_count$0$0                 fb_lpc922
           00000077  _repeat_count                      fb_lpc922
           00000078  G$tx_nextwrite$0$0                 fb_lpc922
           00000078  _tx_nextwrite                      fb_lpc922
           00000079  G$tx_nextsend$0$0                  fb_lpc922
           00000079  _tx_nextsend                       fb_lpc922
           0000007A  G$status60$0$0                     fb_lpc922
           0000007A  _status60                          fb_lpc922
           0000007B  G$connected_timeout$0$0            fb_lpc922
           0000007B  _connected_timeout                 fb_lpc922
           0000007C  _bp                                _bp

ASxxxx Linker V02.00 + NoICE + sdld,  page 17.
Hexadecimal  [32-Bits]

Area                                    Addr        Size        Decimal Bytes (Attributes)
--------------------------------        ----        ----        ------- ----- ------------
SSEG                                0000007D    00000083 =         131. bytes (REL,OVR)

      Value  Global                              Global Defined In Module
      -----  --------------------------------   ------------------------
           0000007D  __start__stack                     fb_in8

ASxxxx Linker V02.00 + NoICE + sdld,  page 18.
Hexadecimal  [32-Bits]

Area                                    Addr        Size        Decimal Bytes (Attributes)
--------------------------------        ----        ----        ------- ----- ------------
HOME                                00000000    00000023 =          35. bytes (REL,CON,CODE)

      Value  Global                              Global Defined In Module
      -----  --------------------------------   ------------------------
     0C:   00000000  A$fb_in8$516                       fb_in8
     0C:   00000003  A$fb_in8$517                       fb_in8
     0C:   0000000B  A$fb_in8$519                       fb_in8
     0C:   00000013  A$fb_in8$521                       fb_in8
     0C:   0000001B  A$fb_in8$523                       fb_in8
     0C:   0000001E  A$fb_in8$545                       fb_in8
     0C:   0000001E  __sdcc_program_startup             fb_in8
     0C:   00000021  A$fb_in8$547                       fb_in8

ASxxxx Linker V02.00 + NoICE + sdld,  page 19.
Hexadecimal  [32-Bits]

Area                                    Addr        Size        Decimal Bytes (Attributes)
--------------------------------        ----        ----        ------- ----- ------------
GSINIT0                             00000023    00000003 =           3. bytes (REL,CON,CODE)

      Value  Global                              Global Defined In Module
      -----  --------------------------------   ------------------------
     0C:   00000023  __sdcc_gsinit_startup              

ASxxxx Linker V02.00 + NoICE + sdld,  page 20.
Hexadecimal  [32-Bits]

Area                                    Addr        Size        Decimal Bytes (Attributes)
--------------------------------        ----        ----        ------- ----- ------------
GSINIT2                             00000026    0000000A =          10. bytes (REL,CON,CODE)

      Value  Global                              Global Defined In Module
      -----  --------------------------------   ------------------------
ASxxxx Linker V02.00 + NoICE + sdld,  page 21.
Hexadecimal  [32-Bits]

Area                                    Addr        Size        Decimal Bytes (Attributes)
--------------------------------        ----        ----        ------- ----- ------------
GSINIT3                             00000030    00000022 =          34. bytes (REL,CON,CODE)

      Value  Global                              Global Defined In Module
      -----  --------------------------------   ------------------------
     0C:   00000030  __mcs51_genXINIT                   

ASxxxx Linker V02.00 + NoICE + sdld,  page 22.
Hexadecimal  [32-Bits]

Area                                    Addr        Size        Decimal Bytes (Attributes)
--------------------------------        ----        ----        ------- ----- ------------
GSINIT4                             00000052    0000002A =          42. bytes (REL,CON,CODE)

      Value  Global                              Global Defined In Module
      -----  --------------------------------   ------------------------
     0C:   00000052  __mcs51_genRAMCLEAR                
     0C:   00000058  __mcs51_genXRAMCLEAR               

ASxxxx Linker V02.00 + NoICE + sdld,  page 23.
Hexadecimal  [32-Bits]

Area                                    Addr        Size        Decimal Bytes (Attributes)
--------------------------------        ----        ----        ------- ----- ------------
GSINIT                              0000007C    00000006 =           6. bytes (REL,CON,CODE)

      Value  Global                              Global Defined In Module
      -----  --------------------------------   ------------------------
     0C:   0000007C  A$fb_app_in8$600                   fb_app_in8
     0C:   0000007E  A$fb_app_in8$604                   fb_app_in8
     0C:   0000007E  C$fb_app_in8.c$45$1$1              fb_app_in8
     0C:   00000080  A$fb_app_in8$608                   fb_app_in8
     0C:   00000080  C$fb_app_in8.c$46$1$1              fb_app_in8

ASxxxx Linker V02.00 + NoICE + sdld,  page 24.
Hexadecimal  [32-Bits]

Area                                    Addr        Size        Decimal Bytes (Attributes)
--------------------------------        ----        ----        ------- ----- ------------
GSFINAL                             00000082    00000003 =           3. bytes (REL,CON,CODE)

      Value  Global                              Global Defined In Module
      -----  --------------------------------   ------------------------
     0C:   00000082  A$fb_in8$538                       fb_in8

ASxxxx Linker V02.00 + NoICE + sdld,  page 25.
Hexadecimal  [32-Bits]

Area                                    Addr        Size        Decimal Bytes (Attributes)
--------------------------------        ----        ----        ------- ----- ------------
CSEG                                00000085    00001C25 =        7205. bytes (REL,CON,CODE)

      Value  Global                              Global Defined In Module
      -----  --------------------------------   ------------------------
     0C:   00000085  A$spi$519                          spi
     0C:   00000085  C$spi.c$59$0$0                     spi
     0C:   00000085  C$spi.c$61$1$0                     spi
     0C:   00000085  G$spi_in_out$0$0                   spi
     0C:   00000085  _spi_in_out                        spi
     0C:   00000087  A$spi$522                          spi
     0C:   00000087  C$spi.c$63$1$1                     spi
     0C:   00000089  A$spi$525                          spi
     0C:   00000089  C$spi.c$64$1$1                     spi
     0C:   0000008B  A$spi$531                          spi
     0C:   0000008B  C$spi.c$66$1$1                     spi
     0C:   0000008B  C$spi.c$69$2$2                     spi
     0C:   0000008E  A$spi$534                          spi
     0C:   0000008E  C$spi.c$70$3$3                     spi
     0C:   00000090  A$spi$537                          spi
     0C:   00000090  C$spi.c$71$3$3                     spi
     0C:   00000092  A$spi$540                          spi
     0C:   00000092  C$spi.c$72$3$3                     spi
     0C:   00000094  A$spi$544                          spi
     0C:   00000094  C$spi.c$75$1$1                     spi
     0C:   00000096  A$spi$546                          spi
     0C:   00000097  A$spi$547                          spi
     0C:   00000099  A$spi$548                          spi
     0C:   0000009B  A$spi$551                          spi
     0C:   0000009B  C$spi.c$77$3$4                     spi
     0C:   0000009D  A$spi$554                          spi
     0C:   0000009D  C$spi.c$78$3$4                     spi
     0C:   0000009E  A$spi$555                          spi
     0C:   0000009F  A$spi$556                          spi
     0C:   000000A0  A$spi$559                          spi
     0C:   000000A0  C$spi.c$79$3$4                     spi
     0C:   000000A3  A$spi$560                          spi
     0C:   000000A4  A$spi$564                          spi
     0C:   000000A4  C$spi.c$80$3$4                     spi
     0C:   000000A6  A$spi$565                          spi
     0C:   000000A8  A$spi$568                          spi
     0C:   000000A8  C$spi.c$81$3$4                     spi
     0C:   000000AA  A$spi$571                          spi
     0C:   000000AA  C$spi.c$75$2$2                     spi
     0C:   000000AB  A$spi$572                          spi
     0C:   000000AD  A$spi$576                          spi
     0C:   000000AD  C$spi.c$84$1$1                     spi
     0C:   000000B0  A$spi$579                          spi
     0C:   000000B0  C$spi.c$86$1$1                     spi
     0C:   000000B2  A$spi$582                          spi
     0C:   000000B2  C$spi.c$87$1$1                     spi
     0C:   000000B4  A$spi$585                          spi
     0C:   000000B4  C$spi.c$89$1$1                     spi
     0C:   000000B6  A$spi$588                          spi
     0C:   000000B6  C$spi.c$91$1$1                     spi
ASxxxx Linker V02.00 + NoICE + sdld,  page 26.
Hexadecimal  [32-Bits]

Area                                    Addr        Size        Decimal Bytes (Attributes)
--------------------------------        ----        ----        ------- ----- ------------
CSEG                                00000085    00001C25 =        7205. bytes (REL,CON,CODE)

      Value  Global                              Global Defined In Module
      -----  --------------------------------   ------------------------
     0C:   000000B6  XG$spi_in_out$0$0                  spi
     0C:   000000B7  A$fb_in8$583                       fb_in8
     0C:   000000B7  C$fb_in8.c$46$0$0                  fb_in8
     0C:   000000B7  G$main$0$0                         fb_in8
     0C:   000000B7  _main                              fb_in8
     0C:   000000B9  A$fb_in8$584                       fb_in8
     0C:   000000BC  A$fb_in8$585                       fb_in8
     0C:   000000BE  A$fb_in8$586                       fb_in8
     0C:   000000C0  A$fb_in8$589                       fb_in8
     0C:   000000C0  C$fb_in8.c$48$1$0                  fb_in8
     0C:   000000C2  A$fb_in8$590                       fb_in8
     0C:   000000C3  A$fb_in8$591                       fb_in8
     0C:   000000C5  A$fb_in8$594                       fb_in8
     0C:   000000C5  C$fb_in8.c$52$1$0                  fb_in8
     0C:   000000C7  A$fb_in8$595                       fb_in8
     0C:   000000C8  A$fb_in8$596                       fb_in8
     0C:   000000C9  A$fb_in8$597                       fb_in8
     0C:   000000CB  A$fb_in8$600                       fb_in8
     0C:   000000CB  C$fb_in8.c$62$1$0                  fb_in8
     0C:   000000CD  A$fb_in8$603                       fb_in8
     0C:   000000CD  C$fb_in8.c$63$1$0                  fb_in8
     0C:   000000CF  A$fb_in8$606                       fb_in8
     0C:   000000CF  C$fb_in8.c$65$1$1                  fb_in8
     0C:   000000D1  A$fb_in8$607                       fb_in8
     0C:   000000D2  A$fb_in8$608                       fb_in8
     0C:   000000D4  A$fb_in8$609                       fb_in8
     0C:   000000D5  A$fb_in8$610                       fb_in8
     0C:   000000D7  A$fb_in8$611                       fb_in8
     0C:   000000D9  A$fb_in8$614                       fb_in8
     0C:   000000D9  C$fb_in8.c$67$1$1                  fb_in8
     0C:   000000DB  A$fb_in8$617                       fb_in8
     0C:   000000DB  C$fb_in8.c$68$1$1                  fb_in8
     0C:   000000DE  A$fb_in8$618                       fb_in8
     0C:   000000E1  A$fb_in8$619                       fb_in8
     0C:   000000E3  A$fb_in8$620                       fb_in8
     0C:   000000E5  A$fb_in8$624                       fb_in8
     0C:   000000E5  C$fb_in8.c$69$1$1                  fb_in8
     0C:   000000E8  A$fb_in8$625                       fb_in8
     0C:   000000E9  A$fb_in8$626                       fb_in8
     0C:   000000EA  A$fb_in8$627                       fb_in8
     0C:   000000EB  A$fb_in8$628                       fb_in8
     0C:   000000EC  A$fb_in8$632                       fb_in8
     0C:   000000EC  C$fb_in8.c$70$1$1                  fb_in8
     0C:   000000EF  A$fb_in8$633                       fb_in8
     0C:   000000F0  A$fb_in8$634                       fb_in8
     0C:   000000F1  A$fb_in8$635                       fb_in8
     0C:   000000F3  A$fb_in8$636                       fb_in8
     0C:   000000F4  A$fb_in8$637                       fb_in8
     0C:   000000F5  A$fb_in8$638                       fb_in8
     0C:   000000F7  A$fb_in8$641                       fb_in8
     0C:   000000F7  C$fb_in8.c$71$1$1                  fb_in8
ASxxxx Linker V02.00 + NoICE + sdld,  page 27.
Hexadecimal  [32-Bits]

Area                                    Addr        Size        Decimal Bytes (Attributes)
--------------------------------        ----        ----        ------- ----- ------------
CSEG                                00000085    00001C25 =        7205. bytes (REL,CON,CODE)

      Value  Global                              Global Defined In Module
      -----  --------------------------------   ------------------------
     0C:   000000FA  A$fb_in8$644                       fb_in8
     0C:   000000FA  C$fb_in8.c$73$1$1                  fb_in8
     0C:   000000FC  A$fb_in8$647                       fb_in8
     0C:   000000FC  C$fb_in8.c$74$1$1                  fb_in8
     0C:   000000FE  A$fb_in8$648                       fb_in8
     0C:   00000100  A$fb_in8$649                       fb_in8
     0C:   00000103  A$fb_in8$650                       fb_in8
     0C:   00000105  A$fb_in8$653                       fb_in8
     0C:   00000105  C$fb_in8.c$77$1$1                  fb_in8
     0C:   00000108  A$fb_in8$654                       fb_in8
     0C:   0000010B  A$fb_in8$655                       fb_in8
     0C:   0000010E  A$fb_in8$656                       fb_in8
     0C:   00000111  A$fb_in8$657                       fb_in8
     0C:   00000114  A$fb_in8$658                       fb_in8
     0C:   00000117  A$fb_in8$659                       fb_in8
     0C:   0000011A  A$fb_in8$662                       fb_in8
     0C:   0000011A  C$fb_in8.c$78$1$1                  fb_in8
     0C:   0000011D  A$fb_in8$665                       fb_in8
     0C:   0000011D  C$fb_in8.c$85$1$1                  fb_in8
     0C:   0000011F  A$fb_in8$666                       fb_in8
     0C:   00000122  A$fb_in8$667                       fb_in8
     0C:   00000124  A$fb_in8$668                       fb_in8
     0C:   00000126  A$fb_in8$671                       fb_in8
     0C:   00000126  C$fb_in8.c$87$1$1                  fb_in8
     0C:   00000129  A$fb_in8$674                       fb_in8
     0C:   00000129  C$fb_in8.c$89$1$1                  fb_in8
     0C:   0000012B  A$fb_in8$675                       fb_in8
     0C:   0000012D  A$fb_in8$677                       fb_in8
     0C:   0000012F  A$fb_in8$678                       fb_in8
     0C:   00000132  A$fb_in8$679                       fb_in8
     0C:   00000133  A$fb_in8$680                       fb_in8
     0C:   00000134  A$fb_in8$681                       fb_in8
     0C:   00000135  A$fb_in8$682                       fb_in8
     0C:   00000137  A$fb_in8$683                       fb_in8
     0C:   0000013A  A$fb_in8$684                       fb_in8
     0C:   0000013B  A$fb_in8$685                       fb_in8
     0C:   0000013C  A$fb_in8$686                       fb_in8
     0C:   0000013D  A$fb_in8$687                       fb_in8
     0C:   0000013F  A$fb_in8$688                       fb_in8
     0C:   00000140  A$fb_in8$689                       fb_in8
     0C:   00000142  A$fb_in8$690                       fb_in8
     0C:   00000144  A$fb_in8$691                       fb_in8
     0C:   00000146  A$fb_in8$693                       fb_in8
     0C:   00000147  A$fb_in8$694                       fb_in8
     0C:   00000148  A$fb_in8$695                       fb_in8
     0C:   00000149  A$fb_in8$696                       fb_in8
     0C:   0000014A  A$fb_in8$697                       fb_in8
     0C:   0000014B  A$fb_in8$698                       fb_in8
     0C:   0000014C  A$fb_in8$700                       fb_in8
     0C:   0000014F  A$fb_in8$701                       fb_in8
     0C:   00000150  A$fb_in8$702                       fb_in8
ASxxxx Linker V02.00 + NoICE + sdld,  page 28.
Hexadecimal  [32-Bits]

Area                                    Addr        Size        Decimal Bytes (Attributes)
--------------------------------        ----        ----        ------- ----- ------------
CSEG                                00000085    00001C25 =        7205. bytes (REL,CON,CODE)

      Value  Global                              Global Defined In Module
      -----  --------------------------------   ------------------------
     0C:   00000151  A$fb_in8$703                       fb_in8
     0C:   00000152  A$fb_in8$704                       fb_in8
     0C:   00000153  A$fb_in8$705                       fb_in8
     0C:   00000154  A$fb_in8$706                       fb_in8
     0C:   00000156  A$fb_in8$707                       fb_in8
     0C:   00000158  A$fb_in8$710                       fb_in8
     0C:   00000158  C$fb_in8.c$91$3$3                  fb_in8
     0C:   0000015B  A$fb_in8$713                       fb_in8
     0C:   0000015B  C$fb_in8.c$92$3$3                  fb_in8
     0C:   0000015E  A$fb_in8$716                       fb_in8
     0C:   0000015E  C$fb_in8.c$93$3$3                  fb_in8
     0C:   00000161  A$fb_in8$719                       fb_in8
     0C:   00000161  C$fb_in8.c$94$3$3                  fb_in8
     0C:   00000164  A$fb_in8$723                       fb_in8
     0C:   00000164  C$fb_in8.c$95$3$3                  fb_in8
     0C:   00000166  A$fb_in8$724                       fb_in8
     0C:   00000168  A$fb_in8$725                       fb_in8
     0C:   0000016A  A$fb_in8$728                       fb_in8
     0C:   0000016A  C$fb_in8.c$97$3$3                  fb_in8
     0C:   0000016C  A$fb_in8$731                       fb_in8
     0C:   0000016C  C$fb_in8.c$98$3$3                  fb_in8
     0C:   0000016F  A$fb_in8$734                       fb_in8
     0C:   0000016F  C$fb_in8.c$99$3$3                  fb_in8
     0C:   00000172  A$fb_in8$737                       fb_in8
     0C:   00000172  C$fb_in8.c$100$3$3                 fb_in8
     0C:   00000174  A$fb_in8$740                       fb_in8
     0C:   00000174  C$fb_in8.c$89$2$2                  fb_in8
     0C:   00000175  A$fb_in8$741                       fb_in8
     0C:   00000178  A$fb_in8$742                       fb_in8
     0C:   00000179  A$fb_in8$743                       fb_in8
     0C:   0000017B  A$fb_in8$747                       fb_in8
     0C:   0000017B  C$fb_in8.c$105$1$1                 fb_in8
     0C:   0000017E  A$fb_in8$748                       fb_in8
     0C:   00000180  A$fb_in8$749                       fb_in8
     0C:   00000183  A$fb_in8$750                       fb_in8
     0C:   00000186  A$fb_in8$751                       fb_in8
     0C:   00000189  A$fb_in8$752                       fb_in8
     0C:   0000018B  A$fb_in8$755                       fb_in8
     0C:   0000018B  C$fb_in8.c$106$1$1                 fb_in8
     0C:   0000018D  A$fb_in8$756                       fb_in8
     0C:   00000190  A$fb_in8$757                       fb_in8
     0C:   00000193  A$fb_in8$758                       fb_in8
     0C:   00000196  A$fb_in8$759                       fb_in8
     0C:   00000198  A$fb_in8$765                       fb_in8
     0C:   00000198  C$fb_in8.c$108$1$1                 fb_in8
     0C:   00000198  C$fb_in8.c$109$2$4                 fb_in8
     0C:   0000019A  A$fb_in8$766                       fb_in8
     0C:   0000019D  A$fb_in8$767                       fb_in8
     0C:   000001A0  A$fb_in8$768                       fb_in8
     0C:   000001A2  A$fb_in8$771                       fb_in8
     0C:   000001A2  C$fb_in8.c$111$2$4                 fb_in8
ASxxxx Linker V02.00 + NoICE + sdld,  page 29.
Hexadecimal  [32-Bits]

Area                                    Addr        Size        Decimal Bytes (Attributes)
--------------------------------        ----        ----        ------- ----- ------------
CSEG                                00000085    00001C25 =        7205. bytes (REL,CON,CODE)

      Value  Global                              Global Defined In Module
      -----  --------------------------------   ------------------------
     0C:   000001A4  A$fb_in8$774                       fb_in8
     0C:   000001A4  C$fb_in8.c$112$2$4                 fb_in8
     0C:   000001A7  A$fb_in8$777                       fb_in8
     0C:   000001A7  C$fb_in8.c$113$2$4                 fb_in8
     0C:   000001AA  A$fb_in8$780                       fb_in8
     0C:   000001AA  C$fb_in8.c$114$2$4                 fb_in8
     0C:   000001AC  A$fb_in8$783                       fb_in8
     0C:   000001AC  C$fb_in8.c$117$2$4                 fb_in8
     0C:   000001AF  A$fb_in8$784                       fb_in8
     0C:   000001B0  A$fb_in8$785                       fb_in8
     0C:   000001B1  A$fb_in8$786                       fb_in8
     0C:   000001B2  A$fb_in8$787                       fb_in8
     0C:   000001B5  A$fb_in8$788                       fb_in8
     0C:   000001B7  A$fb_in8$790                       fb_in8
     0C:   000001BA  A$fb_in8$792                       fb_in8
     0C:   000001BD  A$fb_in8$793                       fb_in8
     0C:   000001C0  A$fb_in8$795                       fb_in8
     0C:   000001C2  A$fb_in8$796                       fb_in8
     0C:   000001C5  A$fb_in8$797                       fb_in8
     0C:   000001C8  A$fb_in8$801                       fb_in8
     0C:   000001C8  C$fb_in8.c$121$3$5                 fb_in8
     0C:   000001CA  A$fb_in8$802                       fb_in8
     0C:   000001CC  A$fb_in8$803                       fb_in8
     0C:   000001CF  A$fb_in8$804                       fb_in8
     0C:   000001D2  A$fb_in8$805                       fb_in8
     0C:   000001D4  A$fb_in8$806                       fb_in8
     0C:   000001D6  A$fb_in8$809                       fb_in8
     0C:   000001D6  C$fb_in8.c$123$3$5                 fb_in8
     0C:   000001D9  A$fb_in8$812                       fb_in8
     0C:   000001D9  C$fb_in8.c$125$4$6                 fb_in8
     0C:   000001DC  A$fb_in8$815                       fb_in8
     0C:   000001DC  C$fb_in8.c$126$4$6                 fb_in8
     0C:   000001DF  A$fb_in8$816                       fb_in8
     0C:   000001E1  A$fb_in8$817                       fb_in8
     0C:   000001E3  A$fb_in8$818                       fb_in8
     0C:   000001E6  A$fb_in8$819                       fb_in8
     0C:   000001E8  A$fb_in8$820                       fb_in8
     0C:   000001EA  A$fb_in8$824                       fb_in8
     0C:   000001EA  C$fb_in8.c$127$4$6                 fb_in8
     0C:   000001EC  A$fb_in8$828                       fb_in8
     0C:   000001EC  C$fb_in8.c$130$3$5                 fb_in8
     0C:   000001EE  A$fb_in8$829                       fb_in8
     0C:   000001F1  A$fb_in8$830                       fb_in8
     0C:   000001F3  A$fb_in8$834                       fb_in8
     0C:   000001F3  C$fb_in8.c$135$4$7                 fb_in8
     0C:   000001F5  A$fb_in8$835                       fb_in8
     0C:   000001F7  A$fb_in8$836                       fb_in8
     0C:   000001F8  A$fb_in8$837                       fb_in8
     0C:   000001FA  A$fb_in8$838                       fb_in8
     0C:   000001FB  A$fb_in8$839                       fb_in8
     0C:   000001FC  A$fb_in8$840                       fb_in8
ASxxxx Linker V02.00 + NoICE + sdld,  page 30.
Hexadecimal  [32-Bits]

Area                                    Addr        Size        Decimal Bytes (Attributes)
--------------------------------        ----        ----        ------- ----- ------------
CSEG                                00000085    00001C25 =        7205. bytes (REL,CON,CODE)

      Value  Global                              Global Defined In Module
      -----  --------------------------------   ------------------------
     0C:   000001FD  A$fb_in8$841                       fb_in8
     0C:   00000200  A$fb_in8$842                       fb_in8
     0C:   00000201  A$fb_in8$843                       fb_in8
     0C:   00000202  A$fb_in8$844                       fb_in8
     0C:   00000203  A$fb_in8$845                       fb_in8
     0C:   00000205  A$fb_in8$846                       fb_in8
     0C:   00000206  A$fb_in8$847                       fb_in8
     0C:   00000208  A$fb_in8$848                       fb_in8
     0C:   0000020A  A$fb_in8$851                       fb_in8
     0C:   0000020A  C$fb_in8.c$137$5$8                 fb_in8
     0C:   0000020C  A$fb_in8$852                       fb_in8
     0C:   0000020D  A$fb_in8$853                       fb_in8
     0C:   0000020E  A$fb_in8$854                       fb_in8
     0C:   00000210  A$fb_in8$855                       fb_in8
     0C:   00000212  A$fb_in8$856                       fb_in8
     0C:   00000214  A$fb_in8$857                       fb_in8
     0C:   00000217  A$fb_in8$858                       fb_in8
     0C:   00000219  A$fb_in8$859                       fb_in8
     0C:   0000021B  A$fb_in8$863                       fb_in8
     0C:   0000021B  C$fb_in8.c$141$4$7                 fb_in8
     0C:   0000021D  A$fb_in8$864                       fb_in8
     0C:   0000021E  A$fb_in8$865                       fb_in8
     0C:   0000021F  A$fb_in8$866                       fb_in8
     0C:   00000220  A$fb_in8$867                       fb_in8
     0C:   00000223  A$fb_in8$868                       fb_in8
     0C:   00000224  A$fb_in8$869                       fb_in8
     0C:   00000225  A$fb_in8$870                       fb_in8
     0C:   00000227  A$fb_in8$871                       fb_in8
     0C:   00000229  A$fb_in8$874                       fb_in8
     0C:   00000229  C$fb_in8.c$142$4$7                 fb_in8
     0C:   0000022A  A$fb_in8$875                       fb_in8
     0C:   0000022B  A$fb_in8$876                       fb_in8
     0C:   0000022C  A$fb_in8$877                       fb_in8
     0C:   0000022E  A$fb_in8$878                       fb_in8
     0C:   00000230  A$fb_in8$881                       fb_in8
     0C:   00000230  C$fb_in8.c$144$4$7                 fb_in8
     0C:   00000232  A$fb_in8$882                       fb_in8
     0C:   00000233  A$fb_in8$883                       fb_in8
     0C:   00000234  A$fb_in8$884                       fb_in8
     0C:   00000235  A$fb_in8$887                       fb_in8
     0C:   00000235  C$fb_in8.c$145$4$7                 fb_in8
     0C:   00000237  A$fb_in8$888                       fb_in8
     0C:   00000238  A$fb_in8$889                       fb_in8
     0C:   00000239  A$fb_in8$890                       fb_in8
     0C:   0000023A  A$fb_in8$891                       fb_in8
     0C:   0000023C  A$fb_in8$892                       fb_in8
     0C:   0000023D  A$fb_in8$896                       fb_in8
     0C:   0000023D  C$fb_in8.c$150$3$5                 fb_in8
     0C:   0000023F  A$fb_in8$897                       fb_in8
     0C:   00000241  A$fb_in8$898                       fb_in8
     0C:   00000243  A$fb_in8$901                       fb_in8
ASxxxx Linker V02.00 + NoICE + sdld,  page 31.
Hexadecimal  [32-Bits]

Area                                    Addr        Size        Decimal Bytes (Attributes)
--------------------------------        ----        ----        ------- ----- ------------
CSEG                                00000085    00001C25 =        7205. bytes (REL,CON,CODE)

      Value  Global                              Global Defined In Module
      -----  --------------------------------   ------------------------
     0C:   00000243  C$fb_in8.c$151$4$9                 fb_in8
     0C:   00000245  A$fb_in8$902                       fb_in8
     0C:   00000247  A$fb_in8$903                       fb_in8
     0C:   0000024A  A$fb_in8$904                       fb_in8
     0C:   0000024C  A$fb_in8$905                       fb_in8
     0C:   0000024E  A$fb_in8$909                       fb_in8
     0C:   0000024E  C$fb_in8.c$155$1$1                 fb_in8
     0C:   00000250  A$fb_in8$911                       fb_in8
     0C:   00000251  A$fb_in8$912                       fb_in8
     0C:   00000253  A$fb_in8$913                       fb_in8
     0C:   00000255  A$fb_in8$914                       fb_in8
     0C:   00000258  A$fb_in8$918                       fb_in8
     0C:   00000258  C$fb_in8.c$156$1$1                 fb_in8
     0C:   0000025A  A$fb_in8$919                       fb_in8
     0C:   0000025B  A$fb_in8$920                       fb_in8
     0C:   0000025C  A$fb_in8$921                       fb_in8
     0C:   0000025E  A$fb_in8$922                       fb_in8
     0C:   00000260  A$fb_in8$923                       fb_in8
     0C:   00000263  A$fb_in8$924                       fb_in8
     0C:   00000264  A$fb_in8$925                       fb_in8
     0C:   00000265  A$fb_in8$926                       fb_in8
     0C:   00000268  A$fb_in8$929                       fb_in8
     0C:   00000268  C$fb_in8.c$157$4$10                fb_in8
     0C:   0000026A  A$fb_in8$930                       fb_in8
     0C:   0000026C  A$fb_in8$931                       fb_in8
     0C:   0000026E  A$fb_in8$932                       fb_in8
     0C:   00000270  A$fb_in8$933                       fb_in8
     0C:   00000273  A$fb_in8$934                       fb_in8
     0C:   00000275  A$fb_in8$935                       fb_in8
     0C:   00000277  A$fb_in8$936                       fb_in8
     0C:   00000279  A$fb_in8$937                       fb_in8
     0C:   0000027B  A$fb_in8$938                       fb_in8
     0C:   0000027D  A$fb_in8$939                       fb_in8
     0C:   0000027F  A$fb_in8$942                       fb_in8
     0C:   0000027F  C$fb_in8.c$158$4$10                fb_in8
     0C:   00000280  A$fb_in8$943                       fb_in8
     0C:   00000281  A$fb_in8$944                       fb_in8
     0C:   00000282  A$fb_in8$945                       fb_in8
     0C:   00000284  A$fb_in8$946                       fb_in8
     0C:   00000287  A$fb_in8$947                       fb_in8
     0C:   00000288  A$fb_in8$948                       fb_in8
     0C:   00000289  A$fb_in8$949                       fb_in8
     0C:   0000028B  A$fb_in8$950                       fb_in8
     0C:   0000028C  A$fb_in8$951                       fb_in8
     0C:   0000028F  A$fb_in8$952                       fb_in8
     0C:   00000290  A$fb_in8$953                       fb_in8
     0C:   00000292  A$fb_in8$954                       fb_in8
     0C:   00000294  A$fb_in8$955                       fb_in8
     0C:   00000295  A$fb_in8$956                       fb_in8
     0C:   00000297  A$fb_in8$958                       fb_in8
     0C:   00000298  A$fb_in8$959                       fb_in8
ASxxxx Linker V02.00 + NoICE + sdld,  page 32.
Hexadecimal  [32-Bits]

Area                                    Addr        Size        Decimal Bytes (Attributes)
--------------------------------        ----        ----        ------- ----- ------------
CSEG                                00000085    00001C25 =        7205. bytes (REL,CON,CODE)

      Value  Global                              Global Defined In Module
      -----  --------------------------------   ------------------------
     0C:   00000299  A$fb_in8$961                       fb_in8
     0C:   0000029C  A$fb_in8$962                       fb_in8
     0C:   0000029E  A$fb_in8$963                       fb_in8
     0C:   0000029F  A$fb_in8$964                       fb_in8
     0C:   000002A2  A$fb_in8$965                       fb_in8
     0C:   000002A4  A$fb_in8$967                       fb_in8
     0C:   000002A6  A$fb_in8$968                       fb_in8
     0C:   000002A9  A$fb_in8$970                       fb_in8
     0C:   000002AB  A$fb_in8$973                       fb_in8
     0C:   000002AB  C$fb_in8.c$159$5$11                fb_in8
     0C:   000002AE  A$fb_in8$974                       fb_in8
     0C:   000002B1  A$fb_in8$975                       fb_in8
     0C:   000002B3  A$fb_in8$978                       fb_in8
     0C:   000002B6  A$fb_in8$979                       fb_in8
     0C:   000002B7  A$fb_in8$980                       fb_in8
     0C:   000002B9  A$fb_in8$982                       fb_in8
     0C:   000002BC  A$fb_in8$986                       fb_in8
     0C:   000002BC  C$fb_in8.c$160$6$12                fb_in8
     0C:   000002BD  A$fb_in8$987                       fb_in8
     0C:   000002BF  A$fb_in8$988                       fb_in8
     0C:   000002C0  A$fb_in8$991                       fb_in8
     0C:   000002C0  C$fb_in8.c$161$6$12                fb_in8
     0C:   000002C1  A$fb_in8$992                       fb_in8
     0C:   000002C2  A$fb_in8$993                       fb_in8
     0C:   000002C4  A$fb_in8$994                       fb_in8
     0C:   000002C6  A$fb_in8$997                       fb_in8
     0C:   000002C6  C$fb_in8.c$162$7$13                fb_in8
     0C:   000002C7  A$fb_in8$998                       fb_in8
     0C:   000002C8  A$fb_in8$999                       fb_in8
     0C:   000002CA  A$fb_in8$1000                      fb_in8
     0C:   000002CC  A$fb_in8$1001                      fb_in8
     0C:   000002CF  A$fb_in8$1002                      fb_in8
     0C:   000002D0  A$fb_in8$1003                      fb_in8
     0C:   000002D1  A$fb_in8$1004                      fb_in8
     0C:   000002D3  A$fb_in8$1005                      fb_in8
     0C:   000002D4  A$fb_in8$1006                      fb_in8
     0C:   000002D6  A$fb_in8$1007                      fb_in8
     0C:   000002D7  A$fb_in8$1010                      fb_in8
     0C:   000002D7  C$fb_in8.c$163$7$13                fb_in8
     0C:   000002D8  A$fb_in8$1011                      fb_in8
     0C:   000002DA  A$fb_in8$1012                      fb_in8
     0C:   000002DB  A$fb_in8$1013                      fb_in8
     0C:   000002DD  A$fb_in8$1014                      fb_in8
     0C:   000002DF  A$fb_in8$1015                      fb_in8
     0C:   000002E0  A$fb_in8$1016                      fb_in8
     0C:   000002E3  A$fb_in8$1017                      fb_in8
     0C:   000002E4  A$fb_in8$1019                      fb_in8
     0C:   000002E5  A$fb_in8$1020                      fb_in8
     0C:   000002E7  A$fb_in8$1021                      fb_in8
     0C:   000002E8  A$fb_in8$1022                      fb_in8
     0C:   000002E9  A$fb_in8$1023                      fb_in8
ASxxxx Linker V02.00 + NoICE + sdld,  page 33.
Hexadecimal  [32-Bits]

Area                                    Addr        Size        Decimal Bytes (Attributes)
--------------------------------        ----        ----        ------- ----- ------------
CSEG                                00000085    00001C25 =        7205. bytes (REL,CON,CODE)

      Value  Global                              Global Defined In Module
      -----  --------------------------------   ------------------------
     0C:   000002EA  A$fb_in8$1024                      fb_in8
     0C:   000002EB  A$fb_in8$1025                      fb_in8
     0C:   000002ED  A$fb_in8$1026                      fb_in8
     0C:   000002EE  A$fb_in8$1027                      fb_in8
     0C:   000002F1  A$fb_in8$1028                      fb_in8
     0C:   000002F2  A$fb_in8$1029                      fb_in8
     0C:   000002F3  A$fb_in8$1030                      fb_in8
     0C:   000002F5  A$fb_in8$1031                      fb_in8
     0C:   000002F6  A$fb_in8$1032                      fb_in8
     0C:   000002F8  A$fb_in8$1033                      fb_in8
     0C:   000002FB  A$fb_in8$1034                      fb_in8
     0C:   000002FC  A$fb_in8$1035                      fb_in8
     0C:   000002FE  A$fb_in8$1036                      fb_in8
     0C:   00000300  A$fb_in8$1037                      fb_in8
     0C:   00000301  A$fb_in8$1038                      fb_in8
     0C:   00000303  A$fb_in8$1040                      fb_in8
     0C:   00000304  A$fb_in8$1041                      fb_in8
     0C:   00000305  A$fb_in8$1043                      fb_in8
     0C:   00000308  A$fb_in8$1044                      fb_in8
     0C:   0000030A  A$fb_in8$1045                      fb_in8
     0C:   0000030B  A$fb_in8$1048                      fb_in8
     0C:   0000030B  C$fb_in8.c$164$7$13                fb_in8
     0C:   0000030C  A$fb_in8$1049                      fb_in8
     0C:   0000030F  A$fb_in8$1053                      fb_in8
     0C:   0000030F  C$fb_in8.c$165$8$14                fb_in8
     0C:   00000311  A$fb_in8$1054                      fb_in8
     0C:   00000313  A$fb_in8$1055                      fb_in8
     0C:   00000315  A$fb_in8$1056                      fb_in8
     0C:   00000317  A$fb_in8$1057                      fb_in8
     0C:   0000031A  A$fb_in8$1058                      fb_in8
     0C:   0000031C  A$fb_in8$1059                      fb_in8
     0C:   0000031E  A$fb_in8$1060                      fb_in8
     0C:   00000320  A$fb_in8$1061                      fb_in8
     0C:   00000322  A$fb_in8$1062                      fb_in8
     0C:   00000324  A$fb_in8$1066                      fb_in8
     0C:   00000324  C$fb_in8.c$169$5$11                fb_in8
     0C:   00000325  A$fb_in8$1067                      fb_in8
     0C:   00000327  A$fb_in8$1068                      fb_in8
     0C:   00000328  A$fb_in8$1069                      fb_in8
     0C:   0000032A  A$fb_in8$1073                      fb_in8
     0C:   0000032A  C$fb_in8.c$155$3$5                 fb_in8
     0C:   0000032B  A$fb_in8$1074                      fb_in8
     0C:   0000032E  A$fb_in8$1078                      fb_in8
     0C:   0000032E  C$fb_in8.c$175$4$15                fb_in8
     0C:   00000330  A$fb_in8$1080                      fb_in8
     0C:   00000331  A$fb_in8$1081                      fb_in8
     0C:   00000333  A$fb_in8$1082                      fb_in8
     0C:   00000335  A$fb_in8$1085                      fb_in8
     0C:   00000335  C$fb_in8.c$176$4$15                fb_in8
     0C:   00000336  A$fb_in8$1086                      fb_in8
     0C:   00000338  A$fb_in8$1087                      fb_in8
ASxxxx Linker V02.00 + NoICE + sdld,  page 34.
Hexadecimal  [32-Bits]

Area                                    Addr        Size        Decimal Bytes (Attributes)
--------------------------------        ----        ----        ------- ----- ------------
CSEG                                00000085    00001C25 =        7205. bytes (REL,CON,CODE)

      Value  Global                              Global Defined In Module
      -----  --------------------------------   ------------------------
     0C:   00000339  A$fb_in8$1088                      fb_in8
     0C:   0000033A  A$fb_in8$1089                      fb_in8
     0C:   0000033C  A$fb_in8$1090                      fb_in8
     0C:   0000033D  A$fb_in8$1091                      fb_in8
     0C:   0000033F  A$fb_in8$1092                      fb_in8
     0C:   00000340  A$fb_in8$1093                      fb_in8
     0C:   00000342  A$fb_in8$1094                      fb_in8
     0C:   00000344  A$fb_in8$1095                      fb_in8
     0C:   00000345  A$fb_in8$1096                      fb_in8
     0C:   00000346  A$fb_in8$1097                      fb_in8
     0C:   00000349  A$fb_in8$1100                      fb_in8
     0C:   00000349  C$fb_in8.c$177$5$16                fb_in8
     0C:   0000034C  A$fb_in8$1103                      fb_in8
     0C:   0000034C  C$fb_in8.c$178$6$17                fb_in8
     0C:   0000034D  A$fb_in8$1104                      fb_in8
     0C:   0000034E  A$fb_in8$1105                      fb_in8
     0C:   0000034F  A$fb_in8$1106                      fb_in8
     0C:   00000351  A$fb_in8$1107                      fb_in8
     0C:   00000352  A$fb_in8$1108                      fb_in8
     0C:   00000354  A$fb_in8$1109                      fb_in8
     0C:   00000355  A$fb_in8$1110                      fb_in8
     0C:   00000357  A$fb_in8$1113                      fb_in8
     0C:   00000357  C$fb_in8.c$179$6$17                fb_in8
     0C:   0000035A  A$fb_in8$1114                      fb_in8
     0C:   0000035C  A$fb_in8$1118                      fb_in8
     0C:   0000035C  C$fb_in8.c$175$3$5                 fb_in8
     0C:   0000035D  A$fb_in8$1119                      fb_in8
     0C:   0000035F  A$fb_in8$1123                      fb_in8
     0C:   0000035F  C$fb_in8.c$188$2$4                 fb_in8
     0C:   00000361  A$fb_in8$1124                      fb_in8
     0C:   00000363  A$fb_in8$1125                      fb_in8
     0C:   00000365  A$fb_in8$1126                      fb_in8
     0C:   00000368  A$fb_in8$1129                      fb_in8
     0C:   00000368  C$fb_in8.c$190$3$18                fb_in8
     0C:   0000036B  A$fb_in8$1132                      fb_in8
     0C:   0000036B  C$fb_in8.c$191$3$18                fb_in8
     0C:   0000036D  A$fb_in8$1133                      fb_in8
     0C:   0000036F  A$fb_in8$1134                      fb_in8
     0C:   00000371  A$fb_in8$1137                      fb_in8
     0C:   00000371  C$fb_in8.c$193$4$19                fb_in8
     0C:   00000373  A$fb_in8$1138                      fb_in8
     0C:   00000375  A$fb_in8$1142                      fb_in8
     0C:   00000375  C$fb_in8.c$195$3$18                fb_in8
     0C:   00000378  A$fb_in8$1143                      fb_in8
     0C:   0000037A  A$fb_in8$1144                      fb_in8
     0C:   0000037C  A$fb_in8$1145                      fb_in8
     0C:   0000037F  A$fb_in8$1146                      fb_in8
     0C:   00000381  A$fb_in8$1147                      fb_in8
     0C:   00000383  A$fb_in8$1151                      fb_in8
     0C:   00000383  C$fb_in8.c$199$2$4                 fb_in8
     0C:   00000386  A$fb_in8$1152                      fb_in8
ASxxxx Linker V02.00 + NoICE + sdld,  page 35.
Hexadecimal  [32-Bits]

[...]
ASxxxx Linker V02.00 + NoICE + sdld,  page 115.
Hexadecimal  [32-Bits]

Area                                    Addr        Size        Decimal Bytes (Attributes)
--------------------------------        ----        ----        ------- ----- ------------
CSEG                                00000085    00001C25 =        7205. bytes (REL,CON,CODE)

      Value  Global                              Global Defined In Module
      -----  --------------------------------   ------------------------
     0C:   00001B6B  A$fb_lpc922$2846                   fb_lpc922
     0C:   00001B6B  C$fb_lpc922.c$637$2$4              fb_lpc922
     0C:   00001B6C  A$fb_lpc922$2847                   fb_lpc922
     0C:   00001B6E  A$fb_lpc922$2848                   fb_lpc922
     0C:   00001B71  A$fb_lpc922$2852                   fb_lpc922
     0C:   00001B71  C$fb_lpc922.c$642$3$20             fb_lpc922
     0C:   00001B73  A$fb_lpc922$2853                   fb_lpc922
     0C:   00001B75  A$fb_lpc922$2854                   fb_lpc922
     0C:   00001B78  A$fb_lpc922$2855                   fb_lpc922
     0C:   00001B7A  A$fb_lpc922$2856                   fb_lpc922
     0C:   00001B7C  A$fb_lpc922$2859                   fb_lpc922
     0C:   00001B7C  C$fb_lpc922.c$644$3$20             fb_lpc922
     0C:   00001B7F  A$fb_lpc922$2860                   fb_lpc922
     0C:   00001B82  A$fb_lpc922$2864                   fb_lpc922
     0C:   00001B82  C$fb_lpc922.c$646$4$21             fb_lpc922
     0C:   00001B85  A$fb_lpc922$2865                   fb_lpc922
     0C:   00001B86  A$fb_lpc922$2866                   fb_lpc922
     0C:   00001B87  A$fb_lpc922$2869                   fb_lpc922
     0C:   00001B87  C$fb_lpc922.c$647$4$21             fb_lpc922
     0C:   00001B88  A$fb_lpc922$2870                   fb_lpc922
     0C:   00001B8A  A$fb_lpc922$2871                   fb_lpc922
     0C:   00001B8D  A$fb_lpc922$2872                   fb_lpc922
     0C:   00001B8E  A$fb_lpc922$2873                   fb_lpc922
     0C:   00001B8F  A$fb_lpc922$2874                   fb_lpc922
     0C:   00001B91  A$fb_lpc922$2875                   fb_lpc922
     0C:   00001B92  A$fb_lpc922$2876                   fb_lpc922
     0C:   00001B93  A$fb_lpc922$2879                   fb_lpc922
     0C:   00001B94  A$fb_lpc922$2880                   fb_lpc922
     0C:   00001B96  A$fb_lpc922$2881                   fb_lpc922
     0C:   00001B97  A$fb_lpc922$2882                   fb_lpc922
     0C:   00001B99  A$fb_lpc922$2883                   fb_lpc922
     0C:   00001B9A  A$fb_lpc922$2884                   fb_lpc922
     0C:   00001B9B  A$fb_lpc922$2885                   fb_lpc922
     0C:   00001B9C  A$fb_lpc922$2886                   fb_lpc922
     0C:   00001B9F  A$fb_lpc922$2887                   fb_lpc922
     0C:   00001BA0  A$fb_lpc922$2889                   fb_lpc922
     0C:   00001BA1  A$fb_lpc922$2891                   fb_lpc922
     0C:   00001BA2  A$fb_lpc922$2892                   fb_lpc922
     0C:   00001BA3  A$fb_lpc922$2893                   fb_lpc922
     0C:   00001BA4  A$fb_lpc922$2894                   fb_lpc922
     0C:   00001BA6  A$fb_lpc922$2895                   fb_lpc922
     0C:   00001BA9  A$fb_lpc922$2899                   fb_lpc922
     0C:   00001BA9  C$fb_lpc922.c$655$5$22             fb_lpc922
     0C:   00001BAB  A$fb_lpc922$2900                   fb_lpc922
     0C:   00001BAE  A$fb_lpc922$2901                   fb_lpc922
     0C:   00001BAF  A$fb_lpc922$2902                   fb_lpc922
     0C:   00001BB0  A$fb_lpc922$2903                   fb_lpc922
     0C:   00001BB1  A$fb_lpc922$2904                   fb_lpc922
     0C:   00001BB2  A$fb_lpc922$2905                   fb_lpc922
     0C:   00001BB5  A$fb_lpc922$2908                   fb_lpc922
     0C:   00001BB5  C$fb_lpc922.c$657$6$23             fb_lpc922
ASxxxx Linker V02.00 + NoICE + sdld,  page 116.
Hexadecimal  [32-Bits]

Area                                    Addr        Size        Decimal Bytes (Attributes)
--------------------------------        ----        ----        ------- ----- ------------
CSEG                                00000085    00001C25 =        7205. bytes (REL,CON,CODE)

      Value  Global                              Global Defined In Module
      -----  --------------------------------   ------------------------
     0C:   00001BB6  A$fb_lpc922$2909                   fb_lpc922
     0C:   00001BB7  A$fb_lpc922$2910                   fb_lpc922
     0C:   00001BBA  A$fb_lpc922$2911                   fb_lpc922
     0C:   00001BBB  A$fb_lpc922$2914                   fb_lpc922
     0C:   00001BBB  C$fb_lpc922.c$658$6$23             fb_lpc922
     0C:   00001BBC  A$fb_lpc922$2915                   fb_lpc922
     0C:   00001BBE  A$fb_lpc922$2916                   fb_lpc922
     0C:   00001BC0  A$fb_lpc922$2917                   fb_lpc922
     0C:   00001BC2  A$fb_lpc922$2918                   fb_lpc922
     0C:   00001BC4  A$fb_lpc922$2919                   fb_lpc922
     0C:   00001BC6  A$fb_lpc922$2920                   fb_lpc922
     0C:   00001BC8  A$fb_lpc922$2921                   fb_lpc922
     0C:   00001BCB  A$fb_lpc922$2922                   fb_lpc922
     0C:   00001BCD  A$fb_lpc922$2923                   fb_lpc922
     0C:   00001BCF  A$fb_lpc922$2924                   fb_lpc922
     0C:   00001BD1  A$fb_lpc922$2925                   fb_lpc922
     0C:   00001BD3  A$fb_lpc922$2926                   fb_lpc922
     0C:   00001BD5  A$fb_lpc922$2927                   fb_lpc922
     0C:   00001BD7  A$fb_lpc922$2930                   fb_lpc922
     0C:   00001BD7  C$fb_lpc922.c$661$6$23             fb_lpc922
     0C:   00001BD8  A$fb_lpc922$2931                   fb_lpc922
     0C:   00001BDA  A$fb_lpc922$2934                   fb_lpc922
     0C:   00001BDA  C$fb_lpc922.c$666$1$1              fb_lpc922
     0C:   00001BDC  A$fb_lpc922$2935                   fb_lpc922
     0C:   00001BDE  A$fb_lpc922$2936                   fb_lpc922
     0C:   00001BDF  A$fb_lpc922$2937                   fb_lpc922
     0C:   00001BE0  A$fb_lpc922$2938                   fb_lpc922
     0C:   00001BE3  A$fb_lpc922$2939                   fb_lpc922
     0C:   00001BE5  A$fb_lpc922$2941                   fb_lpc922
     0C:   00001BE7  A$fb_lpc922$2942                   fb_lpc922
     0C:   00001BE9  A$fb_lpc922$2944                   fb_lpc922
     0C:   00001BEB  A$fb_lpc922$2947                   fb_lpc922
     0C:   00001BEB  C$fb_lpc922.c$667$7$24             fb_lpc922
     0C:   00001BED  A$fb_lpc922$2948                   fb_lpc922
     0C:   00001BEF  A$fb_lpc922$2949                   fb_lpc922
     0C:   00001BF1  A$fb_lpc922$2950                   fb_lpc922
     0C:   00001BF3  A$fb_lpc922$2951                   fb_lpc922
     0C:   00001BF5  A$fb_lpc922$2952                   fb_lpc922
     0C:   00001BF7  A$fb_lpc922$2953                   fb_lpc922
     0C:   00001BF9  A$fb_lpc922$2954                   fb_lpc922
     0C:   00001BFC  A$fb_lpc922$2955                   fb_lpc922
     0C:   00001BFE  A$fb_lpc922$2956                   fb_lpc922
     0C:   00001C00  A$fb_lpc922$2957                   fb_lpc922
     0C:   00001C02  A$fb_lpc922$2958                   fb_lpc922
     0C:   00001C04  A$fb_lpc922$2959                   fb_lpc922
     0C:   00001C06  A$fb_lpc922$2960                   fb_lpc922
     0C:   00001C08  A$fb_lpc922$2964                   fb_lpc922
     0C:   00001C08  C$fb_lpc922.c$669$6$23             fb_lpc922
     0C:   00001C0A  A$fb_lpc922$2965                   fb_lpc922
     0C:   00001C0B  A$fb_lpc922$2966                   fb_lpc922
     0C:   00001C0C  A$fb_lpc922$2967                   fb_lpc922
ASxxxx Linker V02.00 + NoICE + sdld,  page 117.
Hexadecimal  [32-Bits]

Area                                    Addr        Size        Decimal Bytes (Attributes)
--------------------------------        ----        ----        ------- ----- ------------
CSEG                                00000085    00001C25 =        7205. bytes (REL,CON,CODE)

      Value  Global                              Global Defined In Module
      -----  --------------------------------   ------------------------
     0C:   00001C0E  A$fb_lpc922$2970                   fb_lpc922
     0C:   00001C0E  C$fb_lpc922.c$671$7$25             fb_lpc922
     0C:   00001C11  A$fb_lpc922$2971                   fb_lpc922
     0C:   00001C14  A$fb_lpc922$2974                   fb_lpc922
     0C:   00001C14  C$fb_lpc922.c$672$7$25             fb_lpc922
     0C:   00001C16  A$fb_lpc922$2975                   fb_lpc922
     0C:   00001C19  A$fb_lpc922$2978                   fb_lpc922
     0C:   00001C19  C$fb_lpc922.c$673$7$25             fb_lpc922
     0C:   00001C1B  A$fb_lpc922$2982                   fb_lpc922
     0C:   00001C1B  C$fb_lpc922.c$651$4$21             fb_lpc922
     0C:   00001C1C  A$fb_lpc922$2983                   fb_lpc922
     0C:   00001C1D  A$fb_lpc922$2984                   fb_lpc922
     0C:   00001C20  A$fb_lpc922$2986                   fb_lpc922
     0C:   00001C23  A$fb_lpc922$2987                   fb_lpc922
     0C:   00001C25  A$fb_lpc922$2990                   fb_lpc922
     0C:   00001C25  C$fb_lpc922.c$680$1$1              fb_lpc922
     0C:   00001C25  XG$process_tel$0$0                 fb_lpc922
     0C:   00001C26  A$fb_lpc922$3004                   fb_lpc922
     0C:   00001C26  C$fb_lpc922.c$713$1$1              fb_lpc922
     0C:   00001C26  C$fb_lpc922.c$715$1$1              fb_lpc922
     0C:   00001C26  G$set_pa$0$0                       fb_lpc922
     0C:   00001C26  _set_pa                            fb_lpc922
     0C:   00001C28  A$fb_lpc922$3005                   fb_lpc922
     0C:   00001C2A  A$fb_lpc922$3008                   fb_lpc922
     0C:   00001C2A  C$fb_lpc922.c$716$1$1              fb_lpc922
     0C:   00001C2C  A$fb_lpc922$3011                   fb_lpc922
     0C:   00001C2C  C$fb_lpc922.c$717$1$1              fb_lpc922
     0C:   00001C2F  A$fb_lpc922$3014                   fb_lpc922
     0C:   00001C2F  C$fb_lpc922.c$718$1$1              fb_lpc922
     0C:   00001C32  A$fb_lpc922$3017                   fb_lpc922
     0C:   00001C32  C$fb_lpc922.c$719$1$1              fb_lpc922
     0C:   00001C35  A$fb_lpc922$3020                   fb_lpc922
     0C:   00001C35  C$fb_lpc922.c$720$1$1              fb_lpc922
     0C:   00001C38  A$fb_lpc922$3023                   fb_lpc922
     0C:   00001C38  C$fb_lpc922.c$721$1$1              fb_lpc922
     0C:   00001C3B  A$fb_lpc922$3026                   fb_lpc922
     0C:   00001C3B  C$fb_lpc922.c$722$1$1              fb_lpc922
     0C:   00001C3E  A$fb_lpc922$3029                   fb_lpc922
     0C:   00001C3E  C$fb_lpc922.c$723$1$1              fb_lpc922
     0C:   00001C40  A$fb_lpc922$3032                   fb_lpc922
     0C:   00001C40  C$fb_lpc922.c$724$1$1              fb_lpc922
     0C:   00001C40  XG$set_pa$0$0                      fb_lpc922
     0C:   00001C41  A$fb_lpc922$3045                   fb_lpc922
     0C:   00001C41  C$fb_lpc922.c$729$1$1              fb_lpc922
     0C:   00001C41  G$read_objflags$0$0                fb_lpc922
     0C:   00001C41  _read_objflags                     fb_lpc922
     0C:   00001C43  A$fb_lpc922$3048                   fb_lpc922
     0C:   00001C43  C$fb_lpc922.c$732$1$1              fb_lpc922
     0C:   00001C46  A$fb_lpc922$3049                   fb_lpc922
     0C:   00001C47  A$fb_lpc922$3050                   fb_lpc922
     0C:   00001C48  A$fb_lpc922$3051                   fb_lpc922
ASxxxx Linker V02.00 + NoICE + sdld,  page 118.
Hexadecimal  [32-Bits]

Area                                    Addr        Size        Decimal Bytes (Attributes)
--------------------------------        ----        ----        ------- ----- ------------
CSEG                                00000085    00001C25 =        7205. bytes (REL,CON,CODE)

      Value  Global                              Global Defined In Module
      -----  --------------------------------   ------------------------
     0C:   00001C49  A$fb_lpc922$3052                   fb_lpc922
     0C:   00001C4A  A$fb_lpc922$3053                   fb_lpc922
     0C:   00001C4B  A$fb_lpc922$3054                   fb_lpc922
     0C:   00001C4C  A$fb_lpc922$3055                   fb_lpc922
     0C:   00001C4D  A$fb_lpc922$3056                   fb_lpc922
     0C:   00001C4E  A$fb_lpc922$3057                   fb_lpc922
     0C:   00001C4F  A$fb_lpc922$3058                   fb_lpc922
     0C:   00001C50  A$fb_lpc922$3059                   fb_lpc922
     0C:   00001C53  A$fb_lpc922$3060                   fb_lpc922
     0C:   00001C54  A$fb_lpc922$3063                   fb_lpc922
     0C:   00001C54  C$fb_lpc922.c$733$1$1              fb_lpc922
     0C:   00001C54  XG$read_objflags$0$0               fb_lpc922
     0C:   00001C56  A$fb_lpc922$3064                   fb_lpc922
     0C:   00001C57  A$fb_lpc922$3077                   fb_lpc922
     0C:   00001C57  C$fb_lpc922.c$771$1$1              fb_lpc922
     0C:   00001C57  C$fb_lpc922.c$773$1$1              fb_lpc922
     0C:   00001C57  G$restart_hw$0$0                   fb_lpc922
     0C:   00001C57  _restart_hw                        fb_lpc922
     0C:   00001C5A  A$fb_lpc922$3080                   fb_lpc922
     0C:   00001C5A  C$fb_lpc922.c$775$1$1              fb_lpc922
     0C:   00001C5D  A$fb_lpc922$3083                   fb_lpc922
     0C:   00001C5D  C$fb_lpc922.c$776$1$1              fb_lpc922
     0C:   00001C60  A$fb_lpc922$3086                   fb_lpc922
     0C:   00001C60  C$fb_lpc922.c$780$1$1              fb_lpc922
     0C:   00001C62  A$fb_lpc922$3089                   fb_lpc922
     0C:   00001C62  C$fb_lpc922.c$782$1$1              fb_lpc922
     0C:   00001C65  A$fb_lpc922$3092                   fb_lpc922
     0C:   00001C65  C$fb_lpc922.c$783$1$1              fb_lpc922
     0C:   00001C68  A$fb_lpc922$3095                   fb_lpc922
     0C:   00001C68  C$fb_lpc922.c$784$1$1              fb_lpc922
     0C:   00001C6A  A$fb_lpc922$3098                   fb_lpc922
     0C:   00001C6A  C$fb_lpc922.c$785$1$1              fb_lpc922
     0C:   00001C6C  A$fb_lpc922$3101                   fb_lpc922
     0C:   00001C6C  C$fb_lpc922.c$786$1$1              fb_lpc922
     0C:   00001C6F  A$fb_lpc922$3104                   fb_lpc922
     0C:   00001C6F  C$fb_lpc922.c$787$1$1              fb_lpc922
     0C:   00001C72  A$fb_lpc922$3107                   fb_lpc922
     0C:   00001C72  C$fb_lpc922.c$788$1$1              fb_lpc922
     0C:   00001C74  A$fb_lpc922$3110                   fb_lpc922
     0C:   00001C74  C$fb_lpc922.c$795$1$1              fb_lpc922
     0C:   00001C76  A$fb_lpc922$3113                   fb_lpc922
     0C:   00001C76  C$fb_lpc922.c$796$1$1              fb_lpc922
     0C:   00001C79  A$fb_lpc922$3116                   fb_lpc922
     0C:   00001C79  C$fb_lpc922.c$797$1$1              fb_lpc922
     0C:   00001C7C  A$fb_lpc922$3119                   fb_lpc922
     0C:   00001C7C  C$fb_lpc922.c$804$1$1              fb_lpc922
     0C:   00001C7F  A$fb_lpc922$3122                   fb_lpc922
     0C:   00001C7F  C$fb_lpc922.c$805$1$1              fb_lpc922
     0C:   00001C82  A$fb_lpc922$3125                   fb_lpc922
     0C:   00001C82  C$fb_lpc922.c$806$1$1              fb_lpc922
     0C:   00001C84  A$fb_lpc922$3128                   fb_lpc922
ASxxxx Linker V02.00 + NoICE + sdld,  page 119.
Hexadecimal  [32-Bits]

Area                                    Addr        Size        Decimal Bytes (Attributes)
--------------------------------        ----        ----        ------- ----- ------------
CSEG                                00000085    00001C25 =        7205. bytes (REL,CON,CODE)

      Value  Global                              Global Defined In Module
      -----  --------------------------------   ------------------------
     0C:   00001C84  C$fb_lpc922.c$808$1$1              fb_lpc922
     0C:   00001C87  A$fb_lpc922$3131                   fb_lpc922
     0C:   00001C87  C$fb_lpc922.c$810$1$1              fb_lpc922
     0C:   00001C89  A$fb_lpc922$3134                   fb_lpc922
     0C:   00001C89  C$fb_lpc922.c$811$1$1              fb_lpc922
     0C:   00001C8B  A$fb_lpc922$3137                   fb_lpc922
     0C:   00001C8B  C$fb_lpc922.c$812$1$1              fb_lpc922
     0C:   00001C8D  A$fb_lpc922$3140                   fb_lpc922
     0C:   00001C8D  C$fb_lpc922.c$813$1$1              fb_lpc922
     0C:   00001C8F  A$fb_lpc922$3143                   fb_lpc922
     0C:   00001C8F  C$fb_lpc922.c$814$1$1              fb_lpc922
     0C:   00001C91  A$fb_lpc922$3146                   fb_lpc922
     0C:   00001C91  C$fb_lpc922.c$815$1$1              fb_lpc922
     0C:   00001C93  A$fb_lpc922$3149                   fb_lpc922
     0C:   00001C93  C$fb_lpc922.c$816$1$1              fb_lpc922
     0C:   00001C96  A$fb_lpc922$3152                   fb_lpc922
     0C:   00001C96  C$fb_lpc922.c$817$1$1              fb_lpc922
     0C:   00001C99  A$fb_lpc922$3155                   fb_lpc922
     0C:   00001C99  C$fb_lpc922.c$818$1$1              fb_lpc922
     0C:   00001C9C  A$fb_lpc922$3158                   fb_lpc922
     0C:   00001C9C  C$fb_lpc922.c$819$1$1              fb_lpc922
     0C:   00001C9E  A$fb_lpc922$3161                   fb_lpc922
     0C:   00001C9E  C$fb_lpc922.c$820$1$1              fb_lpc922
     0C:   00001CA0  A$fb_lpc922$3164                   fb_lpc922
     0C:   00001CA0  C$fb_lpc922.c$821$1$1              fb_lpc922
     0C:   00001CA2  A$fb_lpc922$3167                   fb_lpc922
     0C:   00001CA2  C$fb_lpc922.c$822$1$1              fb_lpc922
     0C:   00001CA5  A$fb_lpc922$3170                   fb_lpc922
     0C:   00001CA5  C$fb_lpc922.c$823$1$1              fb_lpc922
     0C:   00001CA5  XG$restart_hw$0$0                  fb_lpc922
     0C:   00001CA6  __sdcc_external_startup            _startup
ASxxxx Linker V02.00 + NoICE + sdld,  page 120.
Hexadecimal  [32-Bits]

Area                                    Addr        Size        Decimal Bytes (Attributes)
--------------------------------        ----        ----        ------- ----- ------------
CONST                               00001CAA    00000008 =           8. bytes (REL,CON,CODE)

      Value  Global                              Global Defined In Module
      -----  --------------------------------   ------------------------
     0C:   00001CAA  G$bitmask_1$0$0                    fb_in8
     0C:   00001CAA  _bitmask_1                         fb_in8

ASxxxx Linker V02.00 + NoICE + sdld,  page 121.

Files Linked                              [ module(s) ]

spi.rel                                   [  ]
fb_in8.rel                                [  ]
fb_app_in8.rel                            [  ]


Libraries Linked                          [ object file ]

/home/stefan/_selfbus_/software/lib_lpc922/Releases/fb_lpc922_1.53.lib
                                          [ fb_lpc922 ]
/usr/bin/../share/sdcc/lib/small-stack-auto/mcs51.lib
                                          [ crtclear.rel ]
/usr/bin/../share/sdcc/lib/small-stack-auto/mcs51.lib
                                          [ crtxinit.rel ]
/usr/bin/../share/sdcc/lib/small-stack-auto/mcs51.lib
                                          [ crtxclear.rel ]
/usr/bin/../share/sdcc/lib/small-stack-auto/libsdcc.lib
                                          [ _bp.rel ]
/usr/bin/../share/sdcc/lib/small-stack-auto/mcs51.lib
                                          [ crtpagesfr.rel ]
/usr/bin/../share/sdcc/lib/small-stack-auto/mcs51.lib
                                          [ crtstart.rel ]
/usr/bin/../share/sdcc/lib/small-stack-auto/libsdcc.lib
                                          [ _startup.rel ]

ASxxxx Linker V02.00 + NoICE + sdld,  page 122.

User Base Address Definitions

HOME = 0x0000
DSEG = 0x0020
ISEG = 0x0000
BSEG = 0x0000

