
Hexadecimal

Area                               Addr   Size   Decimal Bytes (Attributes)
--------------------------------   ----   ----   ------- ----- ------------
CABS                               0000   0000 =      0. bytes (ABS,CON,CODE)

      Value  Global
   --------  --------------------------------
  0C:FFFFFF00    s_BSEG
  0C:0000    l_BIT_BANK
  0C:0000    l_BSEG
  0C:0000    l_BSEG_BYTES
  0C:0000    l_CABS
  0C:0000    l_CONST
  0C:0000    l_GSINIT
  0C:0000    l_GSINIT1
  0C:0000    l_GSINIT5
  0C:0000    l_IABS
  0C:0000    l_ISEG
  0C:0000    l_OSEG
  0C:0000    l_PSEG
  0C:0000    l_REG_BANK_1
  0C:0000    l_REG_BANK_2
  0C:0000    l_REG_BANK_3
  0C:0000    l_RSEG
  0C:0000    l_XABS
  0C:0000    l_XINIT
  0C:0000    l_XISEG
  0C:0000    l_XSEG
  0C:0000    l__CODE
  0C:0000    s_BSEG_BYTES
  0C:0000    s_CABS
  0C:0000    s_DSEG
  0C:0000    s_HOME
  0C:0000    s_IABS
  0C:0000    s_ISEG
  0C:0000    s_PSEG
  0C:0000    s_REG_BANK_0
  0C:0000    s_XABS
  0C:0000    s_XISEG
  0C:0000    s_XSEG
  0C:0003    l_GSFINAL
  0C:0003    l_GSINIT0
  0C:0008    l_HOME
  0C:0008    l_REG_BANK_0
  0C:0008    s_GSINIT0
  0C:0008    s_REG_BANK_1
  0C:0008    s_RSEG
  0C:0008    s_SSEG
  0C:000A    l_GSINIT2
  0C:000B    s_GSINIT1
  0C:000B    s_GSINIT2
  0C:0010    s_REG_BANK_2
  0C:0015    s_GSINIT3
  0C:0018    s_BIT_BANK
  0C:0018    s_OSEG
  0C:0018    s_REG_BANK_3
  0C:0020    s__CODE
  0C:0022    l_GSINIT3
  0C:002A    l_GSINIT4
  0C:0037    s_GSINIT4
  0C:0061    s_GSFINAL
  0C:0061    s_GSINIT
  0C:0061    s_GSINIT5
  0C:0064    s_CSEG
  0C:0080    l_DSEG
  0C:00F8    l_SSEG
  0C:0100    l_IRAM
  0C:0182    l_CSEG
  0C:01E6    s_CONST
  0C:01E6    s_XINIT



Hexadecimal

Area                               Addr   Size   Decimal Bytes (Attributes)
--------------------------------   ----   ----   ------- ----- ------------
.  .ABS.                           0000   0000 =      0. bytes (ABS,CON)

      Value  Global
   --------  --------------------------------
     0080    _P0
     0080    _P0_0
     0081    _P0_1
     0081    _SP
     0082    _DPL
     0082    _P0_2
     0083    _DPH
     0083    _P0_3
     0084    _P0M1
     0084    _P0_4
     0085    _P0M2
     0085    _P0_5
     0086    _KBMASK
     0086    _P0_6
     0087    _P0_7
     0087    _PCON
     0088    _TCON
     0088    _TCON_0
     0089    _TCON_1
     0089    _TMOD
     008A    _TCON_2
     008A    _TL0
     008B    _TCON_3
     008B    _TL1
     008C    _TCON_4
     008C    _TH0
     008D    _TCON_5
     008D    _TH1
     008E    _TCON_6
     008F    _TAMOD
     008F    _TCON_7
     0090    _P1
     0090    _P1_0
     0091    _P1M1
     0091    _P1_1
     0092    _P1M2
     0092    _P1_2
     0093    _KBPATN
     0093    _P1_3
     0094    _KBCON
     0094    _P1_4
     0095    _DIVM
     0095    _P1_5
     0096    _P1_6
     0096    _TRIM
     0097    _P1_7
     0098    _SCON
     0098    _SCON_0
     0099    _SBUF
     0099    _SCON_1
     009A    _SCON_2
     009B    _SCON_3
     009C    _SCON_4
     009D    _SCON_5
     009E    _SCON_6
     009F    _SCON_7
     00A0    __XPAGE
     00A2    _AUXR1
     00A7    _WDCON
     00A8    _IEN0
     00A8    _IEN0_0
     00A9    _IEN0_1
     00A9    _SADDR
     00AA    _IEN0_2
     00AB    _IEN0_3
     00AC    _CMP1
     00AC    _IEN0_4
     00AD    _CMP2
     00AD    _IEN0_5
     00AE    _IEN0_6
     00AF    _IEN0_7
     00B0    _P3
     00B0    _P3_0
     00B1    _P3M1
     00B1    _P3_1
     00B2    _P3M2
     00B5    _PCONA
     00B7    _IP0H
     00B8    _IP0
     00B8    _IP0_0
     00B9    _IP0_1
     00B9    _SADEN
     00BA    _IP0_2
     00BA    _SSTAT
     00BB    _IP0_3
     00BC    _IP0_4
     00BD    _BRGCON
     00BD    _IP0_5
     00BE    _BRGR0
     00BE    _IP0_6
     00BF    _BRGR1
     00C1    _WDL
     00C2    _WFEED1
     00C3    _WFEED2
     00D0    _PSW
     00D0    _PSW_0
     00D1    _PSW_1
     00D1    _RTCCON
     00D2    _PSW_2
     00D2    _RTCH
     00D3    _PSW_3
     00D3    _RTCL
     00D4    _PSW_4
     00D5    _PSW_5
     00D6    _PSW_6
     00D7    _PSW_7
     00D8    _I2CON
     00D8    _I2CON_0
     00D9    _I2STAT
     00DA    _I2CON_2
     00DA    _I2DAT
     00DB    _I2ADR
     00DB    _I2CON_3
     00DC    _I2CON_4
     00DC    _I2SCLL
     00DD    _I2CON_5
     00DD    _I2SCLH
     00DE    _I2CON_6
     00DF    _RSTSRC
     00E0    _ACC
     00E4    _FMCON
     00E5    _FMDATA
     00E6    _FMADRL
     00E7    _FMADRH
     00E8    _IEN1
     00E8    _IEN1_0
     00E9    _IEN1_1
     00EA    _IEN1_2
     00F0    _B
     00F5    _B_5
     00F6    _B_6
     00F6    _PT0AD
     00F7    _B_7
     00F7    _IP1H
     00F8    _IP1
     00F8    _IP1_0
     00F9    _IP1_1
     00FA    _IP1_2
     00FE    _IP1_6












Hexadecimal

Area                               Addr   Size   Decimal Bytes (Attributes)
--------------------------------   ----   ----   ------- ----- ------------
SSEG                               0008   00F8 =    248. bytes (REL,OVR)

      Value  Global
   --------  --------------------------------
     0008    __start__stack





Hexadecimal

Area                               Addr   Size   Decimal Bytes (Attributes)
--------------------------------   ----   ----   ------- ----- ------------
HOME                               0000   0008 =      8. bytes (REL,CON,CODE)

      Value  Global
   --------  --------------------------------
  0C:0003    __sdcc_program_startup

Hexadecimal

Area                               Addr   Size   Decimal Bytes (Attributes)
--------------------------------   ----   ----   ------- ----- ------------
GSINIT0                            0008   0003 =      3. bytes (REL,CON,CODE)

      Value  Global
   --------  --------------------------------
  0C:0008    __sdcc_gsinit_startup



Hexadecimal

Area                               Addr   Size   Decimal Bytes (Attributes)
--------------------------------   ----   ----   ------- ----- ------------
GSINIT3                            0015   0022 =     34. bytes (REL,CON,CODE)

      Value  Global
   --------  --------------------------------
  0C:0015    __mcs51_genXINIT

Hexadecimal

Area                               Addr   Size   Decimal Bytes (Attributes)
--------------------------------   ----   ----   ------- ----- ------------
GSINIT4                            0037   002A =     42. bytes (REL,CON,CODE)

      Value  Global
   --------  --------------------------------
  0C:0037    __mcs51_genRAMCLEAR
  0C:003D    __mcs51_genXRAMCLEAR




Hexadecimal

Area                               Addr   Size   Decimal Bytes (Attributes)
--------------------------------   ----   ----   ------- ----- ------------
CSEG                               0064   0182 =    386. bytes (REL,CON,CODE)

      Value  Global
   --------  --------------------------------
  0C:0064    _main
  0C:00E6    _rs_init
  0C:016A    _rs_send_dec
  0C:0174    _rs_send_s
  0C:01BA    _rs_send_hex_i
  0C:01BB    _rs_send_hex
  0C:01BC    _rs_send
  0C:01C6    __gptrget
  0C:01E2    __sdcc_external_startup


ASxxxx Linker V01.75 + NoICE + SDCC Feb 1999,  page 1.

Files Linked      [ module(s) ]

./fb_calibrate.rel
./fb_rs232.rel  

Libraries Linked            [   object  file   ]

C:\Programme\SDCC\bin\..\lib\small-stack-auto/mcs51.lib    [     crtclear.rel ]
C:\Programme\SDCC\bin\..\lib\small-stack-auto/mcs51.lib    [     crtxinit.rel ]
C:\Programme\SDCC\bin\..\lib\small-stack-auto/mcs51.lib    [    crtxclear.rel ]
C:\Programme\SDCC\bin\..\lib\small-stack-auto/mcs51.lib    [   crtpagesfr.rel ]
C:\Programme\SDCC\bin\..\lib\small-stack-auto/mcs51.lib    [     crtstart.rel ]
C:\Programme\SDCC\bin\..\lib\small-stack-auto/libsdcc.lib    [         _gptrget ]
C:\Programme\SDCC\bin\..\lib\small-stack-auto/libsdcc.lib    [         _startup ]

ASxxxx Linker V01.75 + NoICE + SDCC Feb 1999,  page 2.

User Base Address Definitions

HOME = 0x0000
ISEG = 0x0000
BSEG = 0x0000

