ASxxxx Linker V03.00 + NoICE + sdld,  page 1.
Hexadecimal  [32-Bits]

Area                                    Addr        Size        Decimal Bytes (Attributes)
--------------------------------        ----        ----        ------- ----- ------------
CABS                                00000000    00000000 =           0. bytes (ABS,CON,CODE)

      Value  Global                              Global Defined In Module
      -----  --------------------------------   ------------------------
C:   FFFFFF00  s_BSEG                          
C:   00000000  l_BIT_BANK                      
C:   00000000  l_BSEG                          
C:   00000000  l_BSEG_BYTES                    
C:   00000000  l_CABS                          
C:   00000000  l_CONST                         
C:   00000000  l_GSINIT1                       
C:   00000000  l_GSINIT5                       
C:   00000000  l_IABS                          
C:   00000000  l_ISEG                          
C:   00000000  l_OSEG                          
C:   00000000  l_PSEG                          
C:   00000000  l_REG_BANK_1                    
C:   00000000  l_REG_BANK_2                    
C:   00000000  l_REG_BANK_3                    
C:   00000000  l_RSEG                          
C:   00000000  l_RSEG0                         
C:   00000000  l_RSEG1                         
C:   00000000  l_XABS                          
C:   00000000  l_XINIT                         
C:   00000000  l_XISEG                         
C:   00000000  l_XSEG                          
C:   00000000  l__CODE                         
C:   00000000  s_BSEG_BYTES                    
C:   00000000  s_CABS                          
C:   00000000  s_DSEG                          
C:   00000000  s_HOME                          
C:   00000000  s_IABS                          
C:   00000000  s_ISEG                          
C:   00000000  s_PSEG                          
C:   00000000  s_REG_BANK_0                    
C:   00000000  s_RSEG                          
C:   00000000  s_RSEG0                         
C:   00000000  s_RSEG1                         
C:   00000000  s_XABS                          
C:   00000000  s_XISEG                         
C:   00000000  s_XSEG                          
C:   00000003  l_GSFINAL                       
C:   00000003  l_GSINIT0                       
C:   00000008  l_REG_BANK_0                    
C:   00000008  s_REG_BANK_1                    
C:   0000000A  l_GSINIT2                       
C:   00000010  s_REG_BANK_2                    
C:   00000015  l_GSINIT                        
C:   00000018  s_BIT_BANK                      
C:   00000018  s_OSEG                          
C:   00000018  s_REG_BANK_3                    
C:   00000018  s_SSEG                          
C:   00000020  s__CODE                         
C:   00000022  l_GSINIT3                       
ASxxxx Linker V03.00 + NoICE + sdld,  page 2.
Hexadecimal  [32-Bits]

Area                                    Addr        Size        Decimal Bytes (Attributes)
--------------------------------        ----        ----        ------- ----- ------------
CABS                                00000000    00000000 =           0. bytes (ABS,CON,CODE)

      Value  Global                              Global Defined In Module
      -----  --------------------------------   ------------------------
C:   0000002A  l_GSINIT4                       
C:   0000003B  l_HOME                          
C:   0000003B  s_GSINIT0                       
C:   0000003E  s_GSINIT1                       
C:   0000003E  s_GSINIT2                       
C:   00000048  s_GSINIT3                       
C:   0000006A  s_GSINIT4                       
C:   00000080  l_DSEG                          
C:   00000094  s_GSINIT                        
C:   00000094  s_GSINIT5                       
C:   000000A9  s_GSFINAL                       
C:   000000AC  s_CSEG                          
C:   000000E8  l_SSEG                          
C:   00000100  l_IRAM                          
C:   000002A5  l_CSEG                          
C:   00000351  s_CONST                         
C:   00000351  s_XINIT                         

ASxxxx Linker V03.00 + NoICE + sdld,  page 3.
Hexadecimal  [32-Bits]

Area                                    Addr        Size        Decimal Bytes (Attributes)
--------------------------------        ----        ----        ------- ----- ------------
.  .ABS.                            00000000    00000000 =           0. bytes (ABS,CON)

      Value  Global                              Global Defined In Module
      -----  --------------------------------   ------------------------
     00000000  .__.ABS.                           _startup
     00000080  _P0                                fb_i2c
     00000080  _P0_0                              fb_i2c
     00000081  _P0_1                              fb_i2c
     00000081  _SP                                fb_i2c
     00000082  _DPL                               fb_i2c
     00000082  _P0_2                              fb_i2c
     00000083  _DPH                               fb_i2c
     00000083  _P0_3                              fb_i2c
     00000084  _P0M1                              fb_i2c
     00000084  _P0_4                              fb_i2c
     00000085  _P0M2                              fb_i2c
     00000085  _P0_5                              fb_i2c
     00000086  _KBMASK                            fb_i2c
     00000086  _P0_6                              fb_i2c
     00000087  _P0_7                              fb_i2c
     00000087  _PCON                              fb_i2c
     00000088  _TCON                              fb_i2c
     00000088  _TCON_0                            fb_i2c
     00000089  _TCON_1                            fb_i2c
     00000089  _TMOD                              fb_i2c
     0000008A  _TCON_2                            fb_i2c
     0000008A  _TL0                               fb_i2c
     0000008B  _TCON_3                            fb_i2c
     0000008B  _TL1                               fb_i2c
     0000008C  _TCON_4                            fb_i2c
     0000008C  _TH0                               fb_i2c
     0000008D  _TCON_5                            fb_i2c
     0000008D  _TH1                               fb_i2c
     0000008E  _TCON_6                            fb_i2c
     0000008F  _TAMOD                             fb_i2c
     0000008F  _TCON_7                            fb_i2c
     00000090  _P1                                fb_i2c
     00000090  _P1_0                              fb_i2c
     00000091  _P1M1                              fb_i2c
     00000091  _P1_1                              fb_i2c
     00000092  _P1M2                              fb_i2c
     00000092  _P1_2                              fb_i2c
     00000093  _KBPATN                            fb_i2c
     00000093  _P1_3                              fb_i2c
     00000094  _KBCON                             fb_i2c
     00000094  _P1_4                              fb_i2c
     00000095  _DIVM                              fb_i2c
     00000095  _P1_5                              fb_i2c
     00000096  _P1_6                              fb_i2c
     00000096  _TRIM                              fb_i2c
     00000097  _P1_7                              fb_i2c
     00000098  _SCON                              fb_i2c
     00000098  _SCON_0                            fb_i2c
     00000099  _SBUF                              fb_i2c
ASxxxx Linker V03.00 + NoICE + sdld,  page 4.
Hexadecimal  [32-Bits]

Area                                    Addr        Size        Decimal Bytes (Attributes)
--------------------------------        ----        ----        ------- ----- ------------
.  .ABS.                            00000000    00000000 =           0. bytes (ABS,CON)

      Value  Global                              Global Defined In Module
      -----  --------------------------------   ------------------------
     00000099  _SCON_1                            fb_i2c
     0000009A  _SCON_2                            fb_i2c
     0000009B  _SCON_3                            fb_i2c
     0000009C  _SCON_4                            fb_i2c
     0000009D  _SCON_5                            fb_i2c
     0000009E  _SCON_6                            fb_i2c
     0000009F  _SCON_7                            fb_i2c
     000000A0  __XPAGE                            
     000000A2  _AUXR1                             fb_i2c
     000000A7  _WDCON                             fb_i2c
     000000A8  _IEN0                              fb_i2c
     000000A8  _IEN0_0                            fb_i2c
     000000A9  _IEN0_1                            fb_i2c
     000000A9  _SADDR                             fb_i2c
     000000AA  _IEN0_2                            fb_i2c
     000000AB  _IEN0_3                            fb_i2c
     000000AC  _CMP1                              fb_i2c
     000000AC  _IEN0_4                            fb_i2c
     000000AD  _CMP2                              fb_i2c
     000000AD  _IEN0_5                            fb_i2c
     000000AE  _IEN0_6                            fb_i2c
     000000AF  _IEN0_7                            fb_i2c
     000000B0  _P3                                fb_i2c
     000000B0  _P3_0                              fb_i2c
     000000B1  _P3M1                              fb_i2c
     000000B1  _P3_1                              fb_i2c
     000000B2  _P3M2                              fb_i2c
     000000B5  _PCONA                             fb_i2c
     000000B7  _IP0H                              fb_i2c
     000000B8  _IP0                               fb_i2c
     000000B8  _IP0_0                             fb_i2c
     000000B9  _IP0_1                             fb_i2c
     000000B9  _SADEN                             fb_i2c
     000000BA  _IP0_2                             fb_i2c
     000000BA  _SSTAT                             fb_i2c
     000000BB  _IP0_3                             fb_i2c
     000000BC  _IP0_4                             fb_i2c
     000000BD  _BRGCON                            fb_i2c
     000000BD  _IP0_5                             fb_i2c
     000000BE  _BRGR0                             fb_i2c
     000000BE  _IP0_6                             fb_i2c
     000000BF  _BRGR1                             fb_i2c
     000000C1  _WDL                               fb_i2c
     000000C2  _WFEED1                            fb_i2c
     000000C3  _WFEED2                            fb_i2c
     000000D0  _PSW                               fb_i2c
     000000D0  _PSW_0                             fb_i2c
     000000D1  _PSW_1                             fb_i2c
     000000D1  _RTCCON                            fb_i2c
     000000D2  _PSW_2                             fb_i2c
     000000D2  _RTCH                              fb_i2c
ASxxxx Linker V03.00 + NoICE + sdld,  page 5.
Hexadecimal  [32-Bits]

Area                                    Addr        Size        Decimal Bytes (Attributes)
--------------------------------        ----        ----        ------- ----- ------------
.  .ABS.                            00000000    00000000 =           0. bytes (ABS,CON)

      Value  Global                              Global Defined In Module
      -----  --------------------------------   ------------------------
     000000D3  _PSW_3                             fb_i2c
     000000D3  _RTCL                              fb_i2c
     000000D4  _PSW_4                             fb_i2c
     000000D5  _PSW_5                             fb_i2c
     000000D6  _PSW_6                             fb_i2c
     000000D7  _PSW_7                             fb_i2c
     000000D8  _I2CON                             fb_i2c
     000000D8  _I2CON_0                           fb_i2c
     000000D9  _I2STAT                            fb_i2c
     000000DA  _I2CON_2                           fb_i2c
     000000DA  _I2DAT                             fb_i2c
     000000DB  _I2ADR                             fb_i2c
     000000DB  _I2CON_3                           fb_i2c
     000000DC  _I2CON_4                           fb_i2c
     000000DC  _I2SCLL                            fb_i2c
     000000DD  _I2CON_5                           fb_i2c
     000000DD  _I2SCLH                            fb_i2c
     000000DE  _I2CON_6                           fb_i2c
     000000DF  _RSTSRC                            fb_i2c
     000000E0  _ACC                               fb_i2c
     000000E4  _FMCON                             fb_i2c
     000000E5  _FMDATA                            fb_i2c
     000000E6  _FMADRL                            fb_i2c
     000000E7  _FMADRH                            fb_i2c
     000000E8  _IEN1                              fb_i2c
     000000E8  _IEN1_0                            fb_i2c
     000000E9  _IEN1_1                            fb_i2c
     000000EA  _IEN1_2                            fb_i2c
     000000F0  _B                                 fb_i2c
     000000F6  _PT0AD                             fb_i2c
     000000F7  _IP1H                              fb_i2c
     000000F8  _IP1                               fb_i2c
     000000F8  _IP1_0                             fb_i2c
     000000F9  _IP1_1                             fb_i2c
     000000FA  _IP1_2                             fb_i2c
     000000FE  _IP1_6                             fb_i2c

ASxxxx Linker V03.00 + NoICE + sdld,  page 6.
Hexadecimal  [32-Bits]

Area                                    Addr        Size        Decimal Bytes (Attributes)
--------------------------------        ----        ----        ------- ----- ------------
REG_BANK_0                          00000000    00000008 =           8. bytes (REL,OVR)

      Value  Global                              Global Defined In Module
      -----  --------------------------------   ------------------------
ASxxxx Linker V03.00 + NoICE + sdld,  page 7.
Hexadecimal  [32-Bits]

Area                                    Addr        Size        Decimal Bytes (Attributes)
--------------------------------        ----        ----        ------- ----- ------------
DSEG                                00000000    00000080 =         128. bytes (REL,CON)

      Value  Global                              Global Defined In Module
      -----  --------------------------------   ------------------------
     00000008  _dimm_I2C                          dim2_sla
     0000000A  _mk                                dim2_sla
     0000000C  _bytenummer                        dim2_sla
     0000000D  _zl_50hz                           dim2_sla
     0000000F  _sp                                dim2_sla
     00000011  _m                                 dim2_sla
     00000013  _dimmzl                            dim2_sla
     00000014  _mode                              dim2_sla
     00000015  _dimmcompare                       dim2_sla
     00000016  _cmd                               dim2_sla
     00000017  _bp                                _bp

ASxxxx Linker V03.00 + NoICE + sdld,  page 8.
Hexadecimal  [32-Bits]

Area                                    Addr        Size        Decimal Bytes (Attributes)
--------------------------------        ----        ----        ------- ----- ------------
SSEG                                00000018    000000E8 =         232. bytes (REL,OVR)

      Value  Global                              Global Defined In Module
      -----  --------------------------------   ------------------------
     00000018  __start__stack                     dim2_sla

ASxxxx Linker V03.00 + NoICE + sdld,  page 9.
Hexadecimal  [32-Bits]

Area                                    Addr        Size        Decimal Bytes (Attributes)
--------------------------------        ----        ----        ------- ----- ------------
HOME                                00000000    0000003B =          59. bytes (REL,CON,CODE)

      Value  Global                              Global Defined In Module
      -----  --------------------------------   ------------------------
C:   00000036  __sdcc_program_startup             dim2_sla

ASxxxx Linker V03.00 + NoICE + sdld,  page 10.
Hexadecimal  [32-Bits]

Area                                    Addr        Size        Decimal Bytes (Attributes)
--------------------------------        ----        ----        ------- ----- ------------
GSINIT0                             0000003B    00000003 =           3. bytes (REL,CON,CODE)

      Value  Global                              Global Defined In Module
      -----  --------------------------------   ------------------------
C:   0000003B  __sdcc_gsinit_startup              

ASxxxx Linker V03.00 + NoICE + sdld,  page 11.
Hexadecimal  [32-Bits]

Area                                    Addr        Size        Decimal Bytes (Attributes)
--------------------------------        ----        ----        ------- ----- ------------
GSINIT2                             0000003E    0000000A =          10. bytes (REL,CON,CODE)

      Value  Global                              Global Defined In Module
      -----  --------------------------------   ------------------------
ASxxxx Linker V03.00 + NoICE + sdld,  page 12.
Hexadecimal  [32-Bits]

Area                                    Addr        Size        Decimal Bytes (Attributes)
--------------------------------        ----        ----        ------- ----- ------------
GSINIT3                             00000048    00000022 =          34. bytes (REL,CON,CODE)

      Value  Global                              Global Defined In Module
      -----  --------------------------------   ------------------------
C:   00000048  __mcs51_genXINIT                   

ASxxxx Linker V03.00 + NoICE + sdld,  page 13.
Hexadecimal  [32-Bits]

Area                                    Addr        Size        Decimal Bytes (Attributes)
--------------------------------        ----        ----        ------- ----- ------------
GSINIT4                             0000006A    0000002A =          42. bytes (REL,CON,CODE)

      Value  Global                              Global Defined In Module
      -----  --------------------------------   ------------------------
C:   0000006A  __mcs51_genRAMCLEAR                
C:   00000070  __mcs51_genXRAMCLEAR               

ASxxxx Linker V03.00 + NoICE + sdld,  page 14.
Hexadecimal  [32-Bits]

Area                                    Addr        Size        Decimal Bytes (Attributes)
--------------------------------        ----        ----        ------- ----- ------------
GSINIT                              00000094    00000015 =          21. bytes (REL,CON,CODE)

      Value  Global                              Global Defined In Module
      -----  --------------------------------   ------------------------
ASxxxx Linker V03.00 + NoICE + sdld,  page 15.
Hexadecimal  [32-Bits]

Area                                    Addr        Size        Decimal Bytes (Attributes)
--------------------------------        ----        ----        ------- ----- ------------
GSFINAL                             000000A9    00000003 =           3. bytes (REL,CON,CODE)

      Value  Global                              Global Defined In Module
      -----  --------------------------------   ------------------------
ASxxxx Linker V03.00 + NoICE + sdld,  page 16.
Hexadecimal  [32-Bits]

Area                                    Addr        Size        Decimal Bytes (Attributes)
--------------------------------        ----        ----        ------- ----- ------------
CSEG                                000000AC    000002A5 =         677. bytes (REL,CON,CODE)

      Value  Global                              Global Defined In Module
      -----  --------------------------------   ------------------------
C:   000000AC  _i2c_int                           dim2_sla
C:   000000F2  _nulldurchgang                     dim2_sla
C:   00000111  _ex1_int                           dim2_sla
C:   00000143  _tim0_int                          dim2_sla
C:   00000177  _in50hz_init                       dim2_sla
C:   0000018E  _send                              dim2_sla
C:   00000198  _main                              dim2_sla
C:   00000249  _i2c_sla_init                      fb_i2c
C:   00000268  _i2c_ma_init                       fb_i2c
C:   0000027F  _i2c_wait                          fb_i2c
C:   000002A0  _i2c_send_daten                    fb_i2c
C:   0000034D  __sdcc_external_startup            _startup
ASxxxx Linker V03.00 + NoICE + sdld,  page 17.

Files Linked                              [ module(s) ]

./dim2_sla.rel                            [  ]
./fb_i2c.rel                              [  ]


Libraries Linked                          [ object file ]

C:\Programme\SDCC\bin\..\lib\small-stack-auto/mcs51.lib
                                          [ crtclear.rel ]
C:\Programme\SDCC\bin\..\lib\small-stack-auto/mcs51.lib
                                          [ crtxinit.rel ]
C:\Programme\SDCC\bin\..\lib\small-stack-auto/mcs51.lib
                                          [ crtxclear.rel ]
C:\Programme\SDCC\bin\..\lib\small-stack-auto/libsdcc.lib
                                          [ _bp.rel ]
C:\Programme\SDCC\bin\..\lib\small-stack-auto/mcs51.lib
                                          [ crtpagesfr.rel ]
C:\Programme\SDCC\bin\..\lib\small-stack-auto/mcs51.lib
                                          [ crtstart.rel ]
C:\Programme\SDCC\bin\..\lib\small-stack-auto/libsdcc.lib
                                          [ _startup.rel ]

ASxxxx Linker V03.00 + NoICE + sdld,  page 18.

User Base Address Definitions

HOME = 0x0000
ISEG = 0x0000
BSEG = 0x0000

