ASxxxx Linker V02.00 + NoICE + sdld,  page 1.
Hexadecimal  [32-Bits]

Area                                    Addr        Size        Decimal Bytes (Attributes)
--------------------------------        ----        ----        ------- ----- ------------
CABS2                               00000000    00000002 =           2. bytes (ABS,CON,CODE)

      Value  Global                              Global Defined In Module
      -----  --------------------------------   ------------------------
     0C:   00000000  l_CABS                          
     0C:   00000000  l_GSINIT1                       
     0C:   00000000  l_GSINIT5                       
     0C:   00000000  l_IABS                          
     0C:   00000000  l_ISEG                          
     0C:   00000000  l_OSEG                          
     0C:   00000000  l_PSEG                          
     0C:   00000000  l_REG_BANK_2                    
     0C:   00000000  l_REG_BANK_3                    
     0C:   00000000  l_RSEG                          
     0C:   00000000  l_RSEG0                         
     0C:   00000000  l_RSEG1                         
     0C:   00000000  l_XABS                          
     0C:   00000000  l_XINIT                         
     0C:   00000000  l_XISEG                         
     0C:   00000000  l_XSEG                          
     0C:   00000000  l__CODE                         
     0C:   00000000  s_BSEG                          
     0C:   00000000  s_CABS                          
     0C:   00000000  s_CABS2                         
     0C:   00000000  s_DSEG                          
     0C:   00000000  s_HOME                          
     0C:   00000000  s_IABS                          
     0C:   00000000  s_ISEG                          
     0C:   00000000  s_PSEG                          
     0C:   00000000  s_REG_BANK_0                    
     0C:   00000000  s_RSEG                          
     0C:   00000000  s_RSEG0                         
     0C:   00000000  s_RSEG1                         
     0C:   00000000  s_XABS                          
     0C:   00000000  s_XISEG                         
     0C:   00000000  s_XSEG                          
     0C:   00000001  l_BIT_BANK                      
     0C:   00000002  l_CABS2                         
     0C:   00000003  l_BSEG_BYTES                    
     0C:   00000003  l_GSFINAL                       
     0C:   00000003  l_GSINIT0                       
     0C:   00000005  l_GSINIT                        
     0C:   00000008  l_REG_BANK_0                    
     0C:   00000008  l_REG_BANK_1                    
     0C:   00000008  s_REG_BANK_1                    
     0C:   0000000A  l_GSINIT2                       
     0C:   00000010  s_REG_BANK_2                    
     0C:   00000013  l_BSEG                          
     0C:   00000018  s_REG_BANK_3                    
     0C:   00000020  s_BSEG_BYTES                    
     0C:   00000020  s__CODE                         
     0C:   00000022  l_GSINIT3                       
     0C:   00000023  s_BIT_BANK                      
     0C:   00000023  s_OSEG                          
ASxxxx Linker V02.00 + NoICE + sdld,  page 2.
Hexadecimal  [32-Bits]

Area                                    Addr        Size        Decimal Bytes (Attributes)
--------------------------------        ----        ----        ------- ----- ------------
CABS2                               00000000    00000002 =           2. bytes (ABS,CON,CODE)

      Value  Global                              Global Defined In Module
      -----  --------------------------------   ------------------------
     0C:   0000002A  l_GSINIT4                       
     0C:   0000002B  l_HOME                          
     0C:   0000002B  s_GSINIT0                       
     0C:   0000002E  s_GSINIT1                       
     0C:   0000002E  s_GSINIT2                       
     0C:   00000038  s_GSINIT3                       
     0C:   0000005A  s_GSINIT4                       
     0C:   0000006E  l_CONST                         
     0C:   00000071  l_DSEG                          
     0C:   00000079  s_SSEG                          
     0C:   00000084  s_GSINIT                        
     0C:   00000084  s_GSINIT5                       
     0C:   00000087  l_SSEG                          
     0C:   00000089  s_GSFINAL                       
     0C:   0000008C  s_CSEG                          
     0C:   00000100  l_IRAM                          
     0C:   00001AED  l_CSEG                          
     0C:   00001B79  s_CONST                         
     0C:   00001BE7  s_XINIT                         
     0C:   00001CFE  _baud                              fb_app_rs

ASxxxx Linker V02.00 + NoICE + sdld,  page 3.
Hexadecimal  [32-Bits]

Area                                    Addr        Size        Decimal Bytes (Attributes)
--------------------------------        ----        ----        ------- ----- ------------
.	.ABS.                             00000000    00000000 =           0. bytes (ABS,CON)

      Value  Global                              Global Defined In Module
      -----  --------------------------------   ------------------------
           00000000  .__.ABS.                           _startup
           00000080  _P0                                fb_lpc922_mini
           00000080  _P0_0                              fb_lpc922_mini
           00000081  _P0_1                              fb_lpc922_mini
           00000081  _SP                                fb_lpc922_mini
           00000082  _DPL                               fb_lpc922_mini
           00000082  _P0_2                              fb_lpc922_mini
           00000083  _DPH                               fb_lpc922_mini
           00000083  _P0_3                              fb_lpc922_mini
           00000084  _P0M1                              fb_lpc922_mini
           00000084  _P0_4                              fb_lpc922_mini
           00000085  _P0M2                              fb_lpc922_mini
           00000085  _P0_5                              fb_lpc922_mini
           00000086  _KBMASK                            fb_lpc922_mini
           00000086  _P0_6                              fb_lpc922_mini
           00000087  _P0_7                              fb_lpc922_mini
           00000087  _PCON                              fb_lpc922_mini
           00000088  _TCON                              fb_lpc922_mini
           00000088  _TCON_0                            fb_lpc922_mini
           00000089  _TCON_1                            fb_lpc922_mini
           00000089  _TMOD                              fb_lpc922_mini
           0000008A  _TCON_2                            fb_lpc922_mini
           0000008A  _TL0                               fb_lpc922_mini
           0000008B  _TCON_3                            fb_lpc922_mini
           0000008B  _TL1                               fb_lpc922_mini
           0000008C  _TCON_4                            fb_lpc922_mini
           0000008C  _TH0                               fb_lpc922_mini
           0000008D  _TCON_5                            fb_lpc922_mini
           0000008D  _TH1                               fb_lpc922_mini
           0000008E  _TCON_6                            fb_lpc922_mini
           0000008F  _TAMOD                             fb_lpc922_mini
           0000008F  _TCON_7                            fb_lpc922_mini
           00000090  _P1                                fb_lpc922_mini
           00000090  _P1_0                              fb_lpc922_mini
           00000091  _P1M1                              fb_lpc922_mini
           00000091  _P1_1                              fb_lpc922_mini
           00000092  _P1M2                              fb_lpc922_mini
           00000092  _P1_2                              fb_lpc922_mini
           00000093  _KBPATN                            fb_lpc922_mini
           00000093  _P1_3                              fb_lpc922_mini
           00000094  _KBCON                             fb_lpc922_mini
           00000094  _P1_4                              fb_lpc922_mini
           00000095  _DIVM                              fb_lpc922_mini
           00000095  _P1_5                              fb_lpc922_mini
           00000096  _P1_6                              fb_lpc922_mini
           00000096  _TRIM                              fb_lpc922_mini
           00000097  _P1_7                              fb_lpc922_mini
           00000098  _SCON                              fb_lpc922_mini
           00000098  _SCON_0                            fb_lpc922_mini
           00000099  _SBUF                              fb_lpc922_mini
ASxxxx Linker V02.00 + NoICE + sdld,  page 4.
Hexadecimal  [32-Bits]

Area                                    Addr        Size        Decimal Bytes (Attributes)
--------------------------------        ----        ----        ------- ----- ------------
.	.ABS.                             00000000    00000000 =           0. bytes (ABS,CON)

      Value  Global                              Global Defined In Module
      -----  --------------------------------   ------------------------
           00000099  _SCON_1                            fb_lpc922_mini
           0000009A  _SCON_2                            fb_lpc922_mini
           0000009B  _SCON_3                            fb_lpc922_mini
           0000009C  _SCON_4                            fb_lpc922_mini
           0000009D  _SCON_5                            fb_lpc922_mini
           0000009E  _SCON_6                            fb_lpc922_mini
           0000009F  _SCON_7                            fb_lpc922_mini
           000000A0  __XPAGE                            
           000000A2  _AUXR1                             fb_lpc922_mini
           000000A7  _WDCON                             fb_lpc922_mini
           000000A8  _IEN0                              fb_lpc922_mini
           000000A8  _IEN0_0                            fb_lpc922_mini
           000000A9  _IEN0_1                            fb_lpc922_mini
           000000A9  _SADDR                             fb_lpc922_mini
           000000AA  _IEN0_2                            fb_lpc922_mini
           000000AB  _IEN0_3                            fb_lpc922_mini
           000000AC  _CMP1                              fb_lpc922_mini
           000000AC  _IEN0_4                            fb_lpc922_mini
           000000AD  _CMP2                              fb_lpc922_mini
           000000AD  _IEN0_5                            fb_lpc922_mini
           000000AE  _IEN0_6                            fb_lpc922_mini
           000000AF  _IEN0_7                            fb_lpc922_mini
           000000B0  _P3                                fb_lpc922_mini
           000000B0  _P3_0                              fb_lpc922_mini
           000000B1  _P3M1                              fb_lpc922_mini
           000000B1  _P3_1                              fb_lpc922_mini
           000000B2  _P3M2                              fb_lpc922_mini
           000000B5  _PCONA                             fb_lpc922_mini
           000000B7  _IP0H                              fb_lpc922_mini
           000000B8  _IP0                               fb_lpc922_mini
           000000B8  _IP0_0                             fb_lpc922_mini
           000000B9  _IP0_1                             fb_lpc922_mini
           000000B9  _SADEN                             fb_lpc922_mini
           000000BA  _IP0_2                             fb_lpc922_mini
           000000BA  _SSTAT                             fb_lpc922_mini
           000000BB  _IP0_3                             fb_lpc922_mini
           000000BC  _IP0_4                             fb_lpc922_mini
           000000BD  _BRGCON                            fb_lpc922_mini
           000000BD  _IP0_5                             fb_lpc922_mini
           000000BE  _BRGR0                             fb_lpc922_mini
           000000BE  _IP0_6                             fb_lpc922_mini
           000000BF  _BRGR1                             fb_lpc922_mini
           000000C1  _WDL                               fb_lpc922_mini
           000000C2  _WFEED1                            fb_lpc922_mini
           000000C3  _WFEED2                            fb_lpc922_mini
           000000D0  _PSW                               fb_lpc922_mini
           000000D0  _PSW_0                             fb_lpc922_mini
           000000D1  _PSW_1                             fb_lpc922_mini
           000000D1  _RTCCON                            fb_lpc922_mini
           000000D2  _PSW_2                             fb_lpc922_mini
           000000D2  _RTCH                              fb_lpc922_mini
ASxxxx Linker V02.00 + NoICE + sdld,  page 5.
Hexadecimal  [32-Bits]

Area                                    Addr        Size        Decimal Bytes (Attributes)
--------------------------------        ----        ----        ------- ----- ------------
.	.ABS.                             00000000    00000000 =           0. bytes (ABS,CON)

      Value  Global                              Global Defined In Module
      -----  --------------------------------   ------------------------
           000000D3  _PSW_3                             fb_lpc922_mini
           000000D3  _RTCL                              fb_lpc922_mini
           000000D4  _PSW_4                             fb_lpc922_mini
           000000D5  _PSW_5                             fb_lpc922_mini
           000000D6  _PSW_6                             fb_lpc922_mini
           000000D7  _PSW_7                             fb_lpc922_mini
           000000D8  _I2CON                             fb_lpc922_mini
           000000D8  _I2CON_0                           fb_lpc922_mini
           000000D9  _I2STAT                            fb_lpc922_mini
           000000DA  _I2CON_2                           fb_lpc922_mini
           000000DA  _I2DAT                             fb_lpc922_mini
           000000DB  _I2ADR                             fb_lpc922_mini
           000000DB  _I2CON_3                           fb_lpc922_mini
           000000DC  _I2CON_4                           fb_lpc922_mini
           000000DC  _I2SCLL                            fb_lpc922_mini
           000000DD  _I2CON_5                           fb_lpc922_mini
           000000DD  _I2SCLH                            fb_lpc922_mini
           000000DE  _I2CON_6                           fb_lpc922_mini
           000000DF  _RSTSRC                            fb_lpc922_mini
           000000E0  _ACC                               fb_lpc922_mini
           000000E4  _FMCON                             fb_lpc922_mini
           000000E5  _FMDATA                            fb_lpc922_mini
           000000E6  _FMADRL                            fb_lpc922_mini
           000000E7  _FMADRH                            fb_lpc922_mini
           000000E8  _IEN1                              fb_lpc922_mini
           000000E8  _IEN1_0                            fb_lpc922_mini
           000000E9  _IEN1_1                            fb_lpc922_mini
           000000EA  _IEN1_2                            fb_lpc922_mini
           000000F0  _B                                 fb_lpc922_mini
           000000F5  _B_5                               _gptrget
           000000F6  _B_6                               _gptrget
           000000F6  _PT0AD                             fb_lpc922_mini
           000000F7  _B_7                               _gptrget
           000000F7  _IP1H                              fb_lpc922_mini
           000000F8  _IP1                               fb_lpc922_mini
           000000F8  _IP1_0                             fb_lpc922_mini
           000000F9  _IP1_1                             fb_lpc922_mini
           000000FA  _IP1_2                             fb_lpc922_mini
           000000FE  _IP1_6                             fb_lpc922_mini
           00001C00  _userram                           fb_lpc922_mini
           00001CFA  _fm                                fb_app_rs
           00001CFB  _pa_h                              fb_app_rs
           00001CFC  _pa_l                              fb_app_rs
           00001CFD  _echo                              fb_app_rs
           00001D00  _eeprom                            fb_lpc922_mini
           00001D00  _ga_db                             fb_app_rs
ASxxxx Linker V02.00 + NoICE + sdld,  page 6.
Hexadecimal  [32-Bits]

Area                                    Addr        Size        Decimal Bytes (Attributes)
--------------------------------        ----        ----        ------- ----- ------------
BSEG_BYTES                          00000020    00000003 =           3. bytes (REL,CON)

      Value  Global                              Global Defined In Module
      -----  --------------------------------   ------------------------
ASxxxx Linker V02.00 + NoICE + sdld,  page 7.
Hexadecimal  [32-Bits]

Area                                    Addr        Size        Decimal Bytes (Attributes)
--------------------------------        ----        ----        ------- ----- ------------
REG_BANK_0                          00000000    00000008 =           8. bytes (REL,OVR)

      Value  Global                              Global Defined In Module
      -----  --------------------------------   ------------------------
ASxxxx Linker V02.00 + NoICE + sdld,  page 8.
Hexadecimal  [32-Bits]

Area                                    Addr        Size        Decimal Bytes (Attributes)
--------------------------------        ----        ----        ------- ----- ------------
REG_BANK_1                          00000008    00000008 =           8. bytes (REL,OVR)

      Value  Global                              Global Defined In Module
      -----  --------------------------------   ------------------------
ASxxxx Linker V02.00 + NoICE + sdld,  page 9.
Hexadecimal  [32-Bits]

Area                                    Addr        Size        Decimal Bytes (Attributes)
--------------------------------        ----        ----        ------- ----- ------------
BSEG                                00000000    00000013 =          19. bytes (REL,CON,BIT)

      Value  Global                              Global Defined In Module
      -----  --------------------------------   ------------------------
     0B:   00000000  _filtermode                        fb_rs
     0B:   00000001  _write_ok                          fb_rs
     0B:   00000002  _rsin_busy                         fb_rs
     0B:   00000003  _parity_ok                         fb_lpc922_mini
     0B:   00000004  _interrupted                       fb_lpc922_mini
     0B:   00000005  _fb_parity                         fb_lpc922_mini
     0B:   00000006  _ack                               fb_lpc922_mini
     0B:   00000007  _nack                              fb_lpc922_mini
     0B:   00000008  _its_me                            fb_lpc922_mini
     0B:   00000009  _tel_arrived                       fb_lpc922_mini
     0B:   0000000A  _tel_sent                          fb_lpc922_mini
     0B:   0000000B  _auto_ack                          fb_lpc922_mini
     0B:   0000000C  _fbtx_bit                          fb_lpc922_mini
     0B:   0000000D  _wait_for_ack                      fb_lpc922_mini
     0B:   0000000E  _send_ack                          fb_lpc922_mini
     0B:   0000000F  _send_nack                         fb_lpc922_mini
     0B:   00000010  _transparency                      fb_lpc922_mini
     0B:   00000011  _connected                         fb_lpc922_mini
     0B:   00000012  _inc_pcount                        fb_lpc922_mini

ASxxxx Linker V02.00 + NoICE + sdld,  page 10.
Hexadecimal  [32-Bits]

Area                                    Addr        Size        Decimal Bytes (Attributes)
--------------------------------        ----        ----        ------- ----- ------------
BIT_BANK                            00000023    00000001 =           1. bytes (REL,OVR)

      Value  Global                              Global Defined In Module
      -----  --------------------------------   ------------------------
ASxxxx Linker V02.00 + NoICE + sdld,  page 11.
Hexadecimal  [32-Bits]

Area                                    Addr        Size        Decimal Bytes (Attributes)
--------------------------------        ----        ----        ------- ----- ------------
DSEG                                00000000    00000071 =         113. bytes (REL,CON)

      Value  Global                              Global Defined In Module
      -----  --------------------------------   ------------------------
           00000010  _bp                                _bp
           00000024  _rsin                              fb_app_rs
           00000042  _rsinpos                           fb_app_rs
           00000043  _groupadr                          fb_app_rs
           00000045  _pa_tmp                            fb_app_rs
           00000047  _ledcount                          fb_app_rs
           00000048  _eibledcount                       fb_app_rs
           00000049  _rxledcount                        fb_app_rs
           0000004A  _conh                              fb_lpc922_mini
           0000004B  _conl                              fb_lpc922_mini
           0000004C  _pcount                            fb_lpc922_mini
           0000004D  _mem_length                        fb_lpc922_mini
           0000004E  _mem_adrh                          fb_lpc922_mini
           0000004F  _mem_adrl                          fb_lpc922_mini
           00000050  _senders_pcount                    fb_lpc922_mini
           00000051  _telegramm                         fb_lpc922_mini
           00000068  _tx_buffer                         fb_lpc922_mini
           00000070  _telpos                            fb_lpc922_mini
           00000071  _cs                                fb_lpc922_mini
           00000072  _fbrx_byte                         fb_lpc922_mini
           00000073  _fb_pattern                        fb_lpc922_mini
           00000074  _fb_state                          fb_lpc922_mini
           00000075  _repeat_count                      fb_lpc922_mini
           00000076  _tx_nextwrite                      fb_lpc922_mini
           00000077  _tx_nextsend                       fb_lpc922_mini
           00000078  _status60                          fb_lpc922_mini

ASxxxx Linker V02.00 + NoICE + sdld,  page 12.
Hexadecimal  [32-Bits]

Area                                    Addr        Size        Decimal Bytes (Attributes)
--------------------------------        ----        ----        ------- ----- ------------
SSEG                                00000079    00000087 =         135. bytes (REL,OVR)

      Value  Global                              Global Defined In Module
      -----  --------------------------------   ------------------------
           00000079  __start__stack                     fb_rs

ASxxxx Linker V02.00 + NoICE + sdld,  page 13.
Hexadecimal  [32-Bits]

Area                                    Addr        Size        Decimal Bytes (Attributes)
--------------------------------        ----        ----        ------- ----- ------------
HOME                                00000000    0000002B =          43. bytes (REL,CON,CODE)

      Value  Global                              Global Defined In Module
      -----  --------------------------------   ------------------------
     0C:   00000026  __sdcc_program_startup             fb_rs

ASxxxx Linker V02.00 + NoICE + sdld,  page 14.
Hexadecimal  [32-Bits]

Area                                    Addr        Size        Decimal Bytes (Attributes)
--------------------------------        ----        ----        ------- ----- ------------
GSINIT0                             0000002B    00000003 =           3. bytes (REL,CON,CODE)

      Value  Global                              Global Defined In Module
      -----  --------------------------------   ------------------------
     0C:   0000002B  __sdcc_gsinit_startup              

ASxxxx Linker V02.00 + NoICE + sdld,  page 15.
Hexadecimal  [32-Bits]

Area                                    Addr        Size        Decimal Bytes (Attributes)
--------------------------------        ----        ----        ------- ----- ------------
GSINIT2                             0000002E    0000000A =          10. bytes (REL,CON,CODE)

      Value  Global                              Global Defined In Module
      -----  --------------------------------   ------------------------
ASxxxx Linker V02.00 + NoICE + sdld,  page 16.
Hexadecimal  [32-Bits]

Area                                    Addr        Size        Decimal Bytes (Attributes)
--------------------------------        ----        ----        ------- ----- ------------
GSINIT3                             00000038    00000022 =          34. bytes (REL,CON,CODE)

      Value  Global                              Global Defined In Module
      -----  --------------------------------   ------------------------
     0C:   00000038  __mcs51_genXINIT                   

ASxxxx Linker V02.00 + NoICE + sdld,  page 17.
Hexadecimal  [32-Bits]

Area                                    Addr        Size        Decimal Bytes (Attributes)
--------------------------------        ----        ----        ------- ----- ------------
GSINIT4                             0000005A    0000002A =          42. bytes (REL,CON,CODE)

      Value  Global                              Global Defined In Module
      -----  --------------------------------   ------------------------
     0C:   0000005A  __mcs51_genRAMCLEAR                
     0C:   00000060  __mcs51_genXRAMCLEAR               

ASxxxx Linker V02.00 + NoICE + sdld,  page 18.
Hexadecimal  [32-Bits]

Area                                    Addr        Size        Decimal Bytes (Attributes)
--------------------------------        ----        ----        ------- ----- ------------
GSINIT                              00000084    00000005 =           5. bytes (REL,CON,CODE)

      Value  Global                              Global Defined In Module
      -----  --------------------------------   ------------------------
ASxxxx Linker V02.00 + NoICE + sdld,  page 19.
Hexadecimal  [32-Bits]

Area                                    Addr        Size        Decimal Bytes (Attributes)
--------------------------------        ----        ----        ------- ----- ------------
GSFINAL                             00000089    00000003 =           3. bytes (REL,CON,CODE)

      Value  Global                              Global Defined In Module
      -----  --------------------------------   ------------------------
ASxxxx Linker V02.00 + NoICE + sdld,  page 20.
Hexadecimal  [32-Bits]

Area                                    Addr        Size        Decimal Bytes (Attributes)
--------------------------------        ----        ----        ------- ----- ------------
CSEG                                0000008C    00001AED =        6893. bytes (REL,CON,CODE)

      Value  Global                              Global Defined In Module
      -----  --------------------------------   ------------------------
     0C:   0000008C  _build_tel                         fb_app_rs
     0C:   0000067C  _gapos_in_gat                      fb_app_rs
     0C:   000006F8  _write_value_req                   fb_app_rs
     0C:   00000904  _read_value_req                    fb_app_rs
     0C:   00000905  _save_ga                           fb_app_rs
     0C:   000009B8  _tel_header                        fb_app_rs
     0C:   000009EA  _convert_adr                       fb_app_rs
     0C:   00000AF6  _equal_pos                         fb_app_rs
     0C:   00000B27  _serial_int                        fb_app_rs
     0C:   00000B72  _send_ok                           fb_app_rs
     0C:   00000B7B  _set_filtermode                    fb_app_rs
     0C:   00000BB1  _restart_app                       fb_app_rs
     0C:   00000BCB  _main                              fb_rs
     0C:   0000132F  _rs_init                           fb_rs232
     0C:   000013AD  _rs_send_dec                       fb_rs232
     0C:   0000151A  _rs_send_s                         fb_rs232
     0C:   00001560  _rs_send_hex_l                     fb_rs232
     0C:   00001585  _rs_send_hex_i                     fb_rs232
     0C:   0000159B  _rs_send_hex                       fb_rs232
     0C:   000015BA  _rs_send                           fb_rs232
     0C:   000015C4  _watchdog_init                     watchdog
     0C:   000015D5  _watchdog_feed                     watchdog
     0C:   000015E0  _watchdog_start                    watchdog
     0C:   000015F4  _watchdog_stop                     watchdog
     0C:   0000160C  _X1_int                            fb_lpc922_mini
     0C:   0000163C  _T1_int                            fb_lpc922_mini
     0C:   00001988  _init_rx                           fb_lpc922_mini
     0C:   000019B4  _init_tx                           fb_lpc922_mini
     0C:   000019FE  _send_obj_value                    fb_lpc922_mini
     0C:   00001A31  _process_tel                       fb_lpc922_mini
     0C:   00001A68  _restart_hw                        fb_lpc922_mini
     0C:   00001AC7  __mulint                           _mulint
     0C:   00001AC7  __mulint_dummy                     _mulint
     0C:   00001AE9  __gptrget                          _gptrget
     0C:   00001B05  __mullong                          _mullong
     0C:   00001B05  __mullong_dummy                    _mullong
     0C:   00001B75  __sdcc_external_startup            _startup

ASxxxx Linker V02.00 + NoICE + sdld,  page 21.
Hexadecimal  [32-Bits]

Area                                    Addr        Size        Decimal Bytes (Attributes)
--------------------------------        ----        ----        ------- ----- ------------
CONST                               00001B79    0000006E =         110. bytes (REL,CON,CODE)

      Value  Global                              Global Defined In Module
      -----  --------------------------------   ------------------------
     0C:   00001BD7  _hex                               fb_rs232

ASxxxx Linker V02.00 + NoICE + sdld,  page 22.

Files Linked                              [ module(s) ]

./fb_app_rs.rel                           [  ]
./fb_rs.rel                               [  ]
./fb_rs232.rel                            [  ]
./watchdog.rel                            [  ]


Libraries Linked                          [ object file ]

C:\Freebus\C_Programme\oldisprogramm\lib_lpc922_mini\Release/fb_lpc922_mini.lib
                                          [ fb_lpc922_mini ]
C:\Programme\SDCC\bin\..\lib\small-stack-auto/mcs51.lib
                                          [ crtclear.rel ]
C:\Programme\SDCC\bin\..\lib\small-stack-auto/mcs51.lib
                                          [ crtxinit.rel ]
C:\Programme\SDCC\bin\..\lib\small-stack-auto/libint.lib
                                          [ _mulint.rel ]
C:\Programme\SDCC\bin\..\lib\small-stack-auto/mcs51.lib
                                          [ crtxclear.rel ]
C:\Programme\SDCC\bin\..\lib\small-stack-auto/libsdcc.lib
                                          [ _bp.rel ]
C:\Programme\SDCC\bin\..\lib\small-stack-auto/mcs51.lib
                                          [ crtpagesfr.rel ]
C:\Programme\SDCC\bin\..\lib\small-stack-auto/mcs51.lib
                                          [ crtstart.rel ]
C:\Programme\SDCC\bin\..\lib\small-stack-auto/libsdcc.lib
                                          [ _gptrget.rel ]
C:\Programme\SDCC\bin\..\lib\small-stack-auto/liblong.lib
                                          [ _mullong.rel ]
C:\Programme\SDCC\bin\..\lib\small-stack-auto/libsdcc.lib
                                          [ _startup.rel ]

ASxxxx Linker V02.00 + NoICE + sdld,  page 23.

User Base Address Definitions

HOME = 0x0000
ISEG = 0x0000
BSEG = 0x0000

